{
  "runtimeInfo": {
    "panaVersion": "{{pana-version}}",
    "sdkVersion": "{{sdk-version}}",
    "flutterVersions": {}
  },
  "packageName": "_dummy_pkg",
  "packageVersion": "1.0.0-null-safety.0",
  "pubspec": {
    "name": "_dummy_pkg",
    "homepage": "https://github.com/dart-lang/pub-dev",
    "description": "Dummy packages published from pub integration tests.",
    "version": "1.0.0-null-safety.0",
    "dependencies": {
      "retry": "^2.0.0"
    },
    "environment": {
      "sdk": ">=2.12.0-0 <2.12.0"
    }
  },
  "licenseFile": {
    "path": "LICENSE",
    "name": "BSD",
    "url": "https://github.com/dart-lang/pub-dev/blob/master/LICENSE"
  },
  "pkgResolution": {
    "dependencies": [
      {
        "package": "retry",
        "dependencyType": "direct",
        "constraintType": "normal",
        "constraint": "^2.0.0"
      }
    ]
  },
  "tags": [
    "sdk:dart",
    "sdk:flutter",
    "platform:android",
    "platform:ios",
    "platform:windows",
    "platform:linux",
    "platform:macos",
    "platform:web",
    "runtime:native-aot",
    "runtime:native-jit",
    "runtime:web"
  ],
  "report": {
    "sections": [
      {
        "id": "convention",
        "title": "Follow Dart file conventions",
        "grantedPoints": 5,
        "maxPoints": 20,
        "status": "failed",
        "summary": "### [x] 0/10 points: Provide a valid `pubspec.yaml`\n\n<details>\n<summary>\nSdk-constraint doesn't allow future stable dart 2.x releases\n</summary>\n\n`pubspec.yaml:8:8`\n\n```\n  ╷\n8 │   sdk: \">=2.12.0-0 <2.12.0\"\n  │        ^^^^^^^^^^^^^^^^^^^^\n  ╵\n```\n\n</details>\n<details>\n<summary>\nThe package description is too short.\n</summary>\n\nAdd more detail to the `description` field of `pubspec.yaml`. Use 60 to 180 characters to describe the package, what it does, and its target use case.\n</details>\n\n### [*] 5/5 points: Provide a valid `README.md`\n\n\n### [x] 0/5 points: Provide a valid `CHANGELOG.md`\n\n<details>\n<summary>\nNo `CHANGELOG.md` found.\n</summary>\n\nChangelog entries help developers follow the progress of your package. See the [example](https://raw.githubusercontent.com/dart-lang/stagehand/master/templates/package-simple/CHANGELOG.md) generated by `stagehand`.\n</details>"
      },
      {
        "id": "documentation",
        "title": "Provide documentation",
        "grantedPoints": 0,
        "maxPoints": 10,
        "status": "failed",
        "summary": "### [x] 0/10 points: Package has an example\n\n<details>\n<summary>\nNo example found.\n</summary>\n\nSee [package layout](https://dart.dev/tools/pub/package-layout#examples) guidelines on how to add an example.\n</details>"
      },
      {
        "id": "platform",
        "title": "Support multiple platforms",
        "grantedPoints": 20,
        "maxPoints": 20,
        "status": "passed",
        "summary": "### [*] 20/20 points: Supports 2 of 2 possible platforms (**native**, **js**)\n"
      },
      {
        "id": "analysis",
        "title": "Pass static analysis",
        "grantedPoints": 30,
        "maxPoints": 30,
        "status": "passed",
        "summary": "### [*] 30/30 points: code has no errors, warnings, lints, or formatting issues\n"
      },
      {
        "id": "dependency",
        "title": "Support up-to-date dependencies",
        "grantedPoints": 0,
        "maxPoints": 20,
        "status": "failed",
        "summary": "### [x] 0/10 points: All of the package dependencies are supported in the latest version\n\n|Package|Constraint|Compatible|Latest|\n|:-|:-|:-|:-|\n|[`retry`]|`^2.0.0`|2.0.0|**3.0.1**|\n\nTo reproduce run `pub outdated --no-dev-dependencies --up-to-date --no-dependency-overrides`.\n\n[`retry`]: https://pub.dev/packages/retry\n\n<details>\n<summary>\nThe constraint `^2.0.0` on retry does not support the latest published version `3.0.1`\n</summary>\n\n`pubspec.yaml:6:10`\n\n```\n  ╷\n6 │   retry: ^2.0.0\n  │          ^^^^^^\n  ╵\n```\n\n</details>\n\n### [x] 0/10 points: Package supports latest stable Dart and Flutter SDKs\n\n* Found no Flutter in your PATH. Could not determine the current Flutter version."
      },
      {
        "id": "null-safety",
        "title": "Support sound null-safety",
        "grantedPoints": 0,
        "maxPoints": 0,
        "status": "failed",
        "summary": "### [x] 0/0 points: Package declares support for null-safety, but there are issues.\n\nPackages with full null-safety support will be awarded additional points in a planned future revision of the pub.dev points model.\n\n<details>\n<summary>\nPackage is not null safe\n</summary>\n\nBecause:\n* `_dummy_pkg` that depends on:\n* `retry` that doesn't opt in to null safety\n</details>\n<details>\n<summary>\nFor more information\n</summary>\n\nTry running `pub outdated --mode=null-safety`.\nBe sure to read the [migration guide](https://dart.dev/null-safety/migration-guide).\n</details>"
      }
    ]
  }
}