{
  "runtimeInfo": {
    "panaVersion": "{{pana-version}}",
    "sdkVersion": "{{sdk-version}}",
    "flutterVersions": {}
  },
  "packageName": "_dummy_pkg",
  "packageVersion": "1.0.0-null-safety.1",
  "pubspec": {
    "name": "_dummy_pkg",
    "homepage": "https://github.com/dart-lang/pub-dev",
    "description": "Dummy packages published from pub integration tests.",
    "version": "1.0.0-null-safety.1",
    "environment": {
      "sdk": ">=2.12.0-0 <2.12.0"
    }
  },
  "licenseFile": {
    "path": "LICENSE",
    "name": "BSD",
    "url": "https://github.com/dart-lang/pub-dev/blob/master/LICENSE"
  },
  "tags": [],
  "report": {
    "sections": [
      {
        "id": "convention",
        "title": "Follow Dart file conventions",
        "grantedPoints": 5,
        "maxPoints": 20,
        "status": "failed",
        "summary": "### [x] 0/10 points: Provide a valid `pubspec.yaml`\n\n<details>\n<summary>\nSdk-constraint doesn't allow future stable dart 2.x releases\n</summary>\n\n`pubspec.yaml:6:8`\n\n```\n  ╷\n6 │   sdk: \">=2.12.0-0 <2.12.0\"\n  │        ^^^^^^^^^^^^^^^^^^^^\n  ╵\n```\n\n</details>\n<details>\n<summary>\nThe package description is too short.\n</summary>\n\nAdd more detail to the `description` field of `pubspec.yaml`. Use 60 to 180 characters to describe the package, what it does, and its target use case.\n</details>\n\n### [*] 5/5 points: Provide a valid `README.md`\n\n\n### [x] 0/5 points: Provide a valid `CHANGELOG.md`\n\n<details>\n<summary>\nNo `CHANGELOG.md` found.\n</summary>\n\nChangelog entries help developers follow the progress of your package. See the [example](https://raw.githubusercontent.com/dart-lang/stagehand/master/templates/package-simple/CHANGELOG.md) generated by `stagehand`.\n</details>"
      },
      {
        "id": "documentation",
        "title": "Provide documentation",
        "grantedPoints": 0,
        "maxPoints": 10,
        "status": "failed",
        "summary": "### [x] 0/10 points: Package has an example\n\n<details>\n<summary>\nNo example found.\n</summary>\n\nSee [package layout](https://dart.dev/tools/pub/package-layout#examples) guidelines on how to add an example.\n</details>"
      },
      {
        "id": "platform",
        "title": "Support multiple platforms",
        "grantedPoints": 0,
        "maxPoints": 20,
        "status": "failed",
        "summary": "### [x] 0/20 points: Supports 0 of 2 possible platforms (native, js)\n\n<details>\n<summary>\nPackage resolution failed. Could not determine platforms.\n</summary>\n\nRun `dart pub get` for more information.\n</details>"
      },
      {
        "id": "analysis",
        "title": "Pass static analysis",
        "grantedPoints": 30,
        "maxPoints": 30,
        "status": "passed",
        "summary": "### [*] 30/30 points: code has no errors, warnings, lints, or formatting issues\n"
      },
      {
        "id": "dependency",
        "title": "Support up-to-date dependencies",
        "grantedPoints": 0,
        "maxPoints": 20,
        "status": "failed",
        "summary": "### [x] 0/10 points: All of the package dependencies are supported in the latest version\n\n<details>\n<summary>\nSdk constraint doesn't support current Dart version {{sdk-version}}. Cannot run `dart pub outdated`.\n</summary>\n\n`pubspec.yaml:6:8`\n\n```\n  ╷\n6 │   sdk: \">=2.12.0-0 <2.12.0\"\n  │        ^^^^^^^^^^^^^^^^^^^^\n  ╵\n```\n\n</details>\n\n### [x] 0/10 points: Package supports latest stable Dart and Flutter SDKs\n\n<details>\n<summary>\nSdk constraint doesn't support current Dart version {{sdk-version}}.\n</summary>\n\n`pubspec.yaml:6:8`\n\n```\n  ╷\n6 │   sdk: \">=2.12.0-0 <2.12.0\"\n  │        ^^^^^^^^^^^^^^^^^^^^\n  ╵\n```\n\nTry widening the upper boundary of the constraint.\n</details>"
      },
      {
        "id": "null-safety",
        "title": "Support sound null safety",
        "grantedPoints": 0,
        "maxPoints": 20,
        "status": "failed",
        "summary": "### [x] 0/20 points: Unable to detect null safety\n\n<details>\n<summary>\nPackage resolution failed. Could not determine null safety.\n</summary>\n\nRun `dart pub get` for more information.\n</details>"
      }
    ]
  },
  "urlProblems": [],
  "errorMessage": "Running `dart pub upgrade` failed with the following output:\n\n```\nERR: The current Dart SDK version is {{sdk-version}}.\n \n Because _dummy_pkg requires SDK version >=2.12.0-0 <2.12.0, version solving failed.\nERR: The current Dart SDK version is {{sdk-version}}.\n \n Because _dummy_pkg requires SDK version >=2.12.0-0 <2.12.0, version solving failed.\n```"
}