{
  "runtimeInfo": {
    "panaVersion": "{{pana-version}}",
    "sdkVersion": "{{sdk-version}}",
    "flutterVersions": {}
  },
  "packageName": "angular_components",
  "packageVersion": "0.10.0",
  "pubspec": {
    "name": "angular_components",
    "version": "0.10.0",
    "description": "The official Material Design components for AngularDart. Used at Google in production apps.\n",
    "homepage": "https://webdev.dartlang.org/components",
    "documentation": "https://webdev.dartlang.org/api?package=angular_components",
    "author": "Dart Team <misc@dartlang.org>",
    "environment": {
      "sdk": ">=2.1.0-dev.5.0 <3.0.0"
    },
    "dependencies": {
      "angular": "^5.1.0",
      "angular_forms": "^2.1.0",
      "async": "^2.0.8",
      "build": ">=0.11.1 <2.0.0",
      "build_config": ">=0.2.6 <0.4.0",
      "built_collection": "^4.0.0",
      "collection": "^1.14.10",
      "fixnum": "^0.10.7",
      "intl": ">=0.14.0 <0.16.0",
      "js": "^0.6.1",
      "logging": "^0.11.2",
      "meta": "^1.0.4",
      "observable": "^0.22.1+3",
      "protobuf": "^0.10.2",
      "quiver": ">=0.24.0 <0.30.0",
      "sass_builder": "^2.0.2"
    },
    "dev_dependencies": {
      "path": "^1.6.1",
      "test": "^1.0.0"
    }
  },
  "licenseFile": {
    "path": "LICENSE",
    "name": "BSD"
  },
  "pkgResolution": {
    "dependencies": [
      {
        "package": "analyzer",
        "dependencyType": "transitive",
        "constraintType": "inherited"
      },
      {
        "package": "angular",
        "dependencyType": "direct",
        "constraintType": "normal",
        "constraint": "^5.1.0"
      },
      {
        "package": "angular_ast",
        "dependencyType": "transitive",
        "constraintType": "inherited"
      },
      {
        "package": "angular_compiler",
        "dependencyType": "transitive",
        "constraintType": "inherited"
      },
      {
        "package": "angular_forms",
        "dependencyType": "direct",
        "constraintType": "normal",
        "constraint": "^2.1.0"
      },
      {
        "package": "args",
        "dependencyType": "transitive",
        "constraintType": "inherited"
      },
      {
        "package": "async",
        "dependencyType": "direct",
        "constraintType": "normal",
        "constraint": "^2.0.8"
      },
      {
        "package": "build",
        "dependencyType": "direct",
        "constraintType": "normal",
        "constraint": ">=0.11.1 <2.0.0"
      },
      {
        "package": "build_config",
        "dependencyType": "direct",
        "constraintType": "normal",
        "constraint": ">=0.2.6 <0.4.0"
      },
      {
        "package": "built_collection",
        "dependencyType": "direct",
        "constraintType": "normal",
        "constraint": "^4.0.0"
      },
      {
        "package": "built_value",
        "dependencyType": "transitive",
        "constraintType": "inherited"
      },
      {
        "package": "charcode",
        "dependencyType": "transitive",
        "constraintType": "inherited"
      },
      {
        "package": "checked_yaml",
        "dependencyType": "transitive",
        "constraintType": "inherited"
      },
      {
        "package": "cli_repl",
        "dependencyType": "transitive",
        "constraintType": "inherited"
      },
      {
        "package": "code_builder",
        "dependencyType": "transitive",
        "constraintType": "inherited"
      },
      {
        "package": "collection",
        "dependencyType": "direct",
        "constraintType": "normal",
        "constraint": "^1.14.10"
      },
      {
        "package": "convert",
        "dependencyType": "transitive",
        "constraintType": "inherited"
      },
      {
        "package": "crypto",
        "dependencyType": "transitive",
        "constraintType": "inherited"
      },
      {
        "package": "csslib",
        "dependencyType": "transitive",
        "constraintType": "inherited"
      },
      {
        "package": "dart2_constant",
        "dependencyType": "transitive",
        "constraintType": "inherited"
      },
      {
        "package": "dart_internal",
        "dependencyType": "transitive",
        "constraintType": "inherited"
      },
      {
        "package": "dart_style",
        "dependencyType": "transitive",
        "constraintType": "inherited"
      },
      {
        "package": "file",
        "dependencyType": "transitive",
        "constraintType": "inherited"
      },
      {
        "package": "fixnum",
        "dependencyType": "direct",
        "constraintType": "normal",
        "constraint": "^0.10.7"
      },
      {
        "package": "front_end",
        "dependencyType": "transitive",
        "constraintType": "inherited"
      },
      {
        "package": "glob",
        "dependencyType": "transitive",
        "constraintType": "inherited"
      },
      {
        "package": "http",
        "dependencyType": "transitive",
        "constraintType": "inherited"
      },
      {
        "package": "http_parser",
        "dependencyType": "transitive",
        "constraintType": "inherited"
      },
      {
        "package": "intl",
        "dependencyType": "direct",
        "constraintType": "normal",
        "constraint": ">=0.14.0 <0.16.0"
      },
      {
        "package": "js",
        "dependencyType": "direct",
        "constraintType": "normal",
        "constraint": "^0.6.1"
      },
      {
        "package": "json_annotation",
        "dependencyType": "transitive",
        "constraintType": "inherited"
      },
      {
        "package": "kernel",
        "dependencyType": "transitive",
        "constraintType": "inherited"
      },
      {
        "package": "logging",
        "dependencyType": "direct",
        "constraintType": "normal",
        "constraint": "^0.11.2"
      },
      {
        "package": "matcher",
        "dependencyType": "transitive",
        "constraintType": "inherited"
      },
      {
        "package": "meta",
        "dependencyType": "direct",
        "constraintType": "normal",
        "constraint": "^1.0.4"
      },
      {
        "package": "node_interop",
        "dependencyType": "transitive",
        "constraintType": "inherited"
      },
      {
        "package": "node_io",
        "dependencyType": "transitive",
        "constraintType": "inherited"
      },
      {
        "package": "observable",
        "dependencyType": "direct",
        "constraintType": "normal",
        "constraint": "^0.22.1+3"
      },
      {
        "package": "package_config",
        "dependencyType": "transitive",
        "constraintType": "inherited"
      },
      {
        "package": "package_resolver",
        "dependencyType": "transitive",
        "constraintType": "inherited"
      },
      {
        "package": "path",
        "dependencyType": "dev",
        "constraintType": "normal",
        "constraint": "^1.6.1"
      },
      {
        "package": "pedantic",
        "dependencyType": "transitive",
        "constraintType": "inherited"
      },
      {
        "package": "protobuf",
        "dependencyType": "direct",
        "constraintType": "normal",
        "constraint": "^0.10.2"
      },
      {
        "package": "pub_semver",
        "dependencyType": "transitive",
        "constraintType": "inherited"
      },
      {
        "package": "pubspec_parse",
        "dependencyType": "transitive",
        "constraintType": "inherited"
      },
      {
        "package": "quiver",
        "dependencyType": "direct",
        "constraintType": "normal",
        "constraint": ">=0.24.0 <0.30.0"
      },
      {
        "package": "sass",
        "dependencyType": "transitive",
        "constraintType": "inherited"
      },
      {
        "package": "sass_builder",
        "dependencyType": "direct",
        "constraintType": "normal",
        "constraint": "^2.0.2"
      },
      {
        "package": "source_gen",
        "dependencyType": "transitive",
        "constraintType": "inherited"
      },
      {
        "package": "source_maps",
        "dependencyType": "transitive",
        "constraintType": "inherited"
      },
      {
        "package": "source_span",
        "dependencyType": "transitive",
        "constraintType": "inherited"
      },
      {
        "package": "stack_trace",
        "dependencyType": "transitive",
        "constraintType": "inherited"
      },
      {
        "package": "stream_transform",
        "dependencyType": "transitive",
        "constraintType": "inherited"
      },
      {
        "package": "string_scanner",
        "dependencyType": "transitive",
        "constraintType": "inherited"
      },
      {
        "package": "term_glyph",
        "dependencyType": "transitive",
        "constraintType": "inherited"
      },
      {
        "package": "test",
        "dependencyType": "dev",
        "constraintType": "normal",
        "constraint": "^1.0.0"
      },
      {
        "package": "tuple",
        "dependencyType": "transitive",
        "constraintType": "inherited"
      },
      {
        "package": "typed_data",
        "dependencyType": "transitive",
        "constraintType": "inherited"
      },
      {
        "package": "watcher",
        "dependencyType": "transitive",
        "constraintType": "inherited"
      },
      {
        "package": "yaml",
        "dependencyType": "transitive",
        "constraintType": "inherited"
      }
    ]
  },
  "allDependencies": [
    "analyzer",
    "angular",
    "angular_ast",
    "angular_compiler",
    "angular_forms",
    "args",
    "async",
    "build",
    "build_config",
    "built_collection",
    "built_value",
    "charcode",
    "checked_yaml",
    "cli_repl",
    "code_builder",
    "collection",
    "convert",
    "crypto",
    "csslib",
    "dart2_constant",
    "dart_internal",
    "dart_style",
    "file",
    "fixnum",
    "front_end",
    "glob",
    "http",
    "http_parser",
    "intl",
    "js",
    "json_annotation",
    "kernel",
    "logging",
    "matcher",
    "meta",
    "node_interop",
    "node_io",
    "observable",
    "package_config",
    "package_resolver",
    "path",
    "pedantic",
    "protobuf",
    "pub_semver",
    "pubspec_parse",
    "quiver",
    "sass",
    "sass_builder",
    "source_gen",
    "source_maps",
    "source_span",
    "stack_trace",
    "stream_transform",
    "string_scanner",
    "term_glyph",
    "test",
    "tuple",
    "typed_data",
    "watcher",
    "yaml"
  ],
  "tags": [],
  "report": {
    "sections": [
      {
        "id": "convention",
        "title": "Follow Dart file conventions",
        "grantedPoints": 5,
        "maxPoints": 20,
        "status": "failed",
        "summary": "### [x] 0/10 points: Provide a valid `pubspec.yaml`\n\n* Homepage URL isn't helpful.\n* Documentation URL isn't helpful.\n\n### [x] 0/5 points: Provide a valid `README.md`\n\n<details>\n<summary>\nLinks in `README.md` should be secure. 1 link is insecure.\n</summary>\n\n`README.md:51:22`\n\n```\n   ╷\n51 │ component's provided <a href=\"http://sass-lang.com/guide#topic-6\">Sass mixins</a>.</p>\n   │                      ^^^^^^^^^^^^^^^^^^^^^^^^^^^^^^^^^^^^^^^^^^^^^\n   ╵\n```\n\nUse `https` URLs instead.\n</details>\n\n### [*] 5/5 points: Provide a valid `CHANGELOG.md`\n"
      },
      {
        "id": "documentation",
        "title": "Provide documentation",
        "grantedPoints": 0,
        "maxPoints": 10,
        "status": "failed",
        "summary": "### [x] 0/10 points: Package has an example\n\n<details>\n<summary>\nNo example found.\n</summary>\n\nSee [package layout](https://dart.dev/tools/pub/package-layout#examples) guidelines on how to add an example.\n</details>"
      },
      {
        "id": "platform",
        "title": "Support multiple platforms",
        "grantedPoints": 10,
        "maxPoints": 20,
        "status": "partial",
        "summary": "### [~] 10/20 points: Supports 1 of 2 possible platforms (native, **js**)\n\nConsider supporting multiple platforms:\n\n<details>\n<summary>\nPackage not compatible with runtime native\n</summary>\n\nBecause:\n* `package:angular_components/angular_components.dart` that imports:\n* `package:angular_components/theme/module.dart` that imports:\n* `package:angular/angular.dart` that imports:\n* `package:angular/src/platform/browser/tools/tools.dart` that imports:\n* `package:angular/src/platform/browser/tools/common_tools.dart` that imports:\n* `package:angular/src/core/linker/component_factory.dart` that imports:\n* `package:angular/src/core/linker/view_ref.dart` that imports:\n* `dart:html`\n</details>"
      },
      {
        "id": "analysis",
        "title": "Pass static analysis",
        "grantedPoints": 0,
        "maxPoints": 30,
        "status": "failed",
        "summary": "### [x] 0/30 points: code has no errors, warnings, lints, or formatting issues\n\nFound 901 issues. Showing the first 2:\n\n<details>\n<summary>\nERROR: The method 'dispose' isn't defined for the type '<unknown>'.\n</summary>\n\n`lib/model/collection/list_tracker.dart:123:9`\n\n```\n    ╷\n123 │       d.dispose();\n    │         ^^^^^^^\n    ╵\n```\n\nTo reproduce make sure you are using [pedantic](https://pub.dev/packages/pedantic#using-the-lints) and run `dartanalyzer lib/model/collection/list_tracker.dart`\n</details>\n<details>\n<summary>\nWARNING: Parameters can't override default values, this method overrides 'SelectionObservable.notifySelectionChange' where 'added' has a different value.\n</summary>\n\n`lib/src/model/selection/noop_selection_model_impl.dart:20:31`\n\n```\n   ╷\n20 │   void notifySelectionChange({added, removed}) {}\n   │                               ^^^^^\n   ╵\n```\n\nTo reproduce make sure you are using [pedantic](https://pub.dev/packages/pedantic#using-the-lints) and run `dartanalyzer lib/src/model/selection/noop_selection_model_impl.dart`\n</details>"
      },
      {
        "id": "dependency",
        "title": "Support up-to-date dependencies",
        "grantedPoints": 0,
        "maxPoints": 20,
        "status": "failed",
        "summary": "### [x] 0/10 points: All of the package dependencies are supported in the latest version\n\n|Package|Constraint|Compatible|Latest|\n|:-|:-|:-|:-|\n|[`angular`]|`^5.1.0`|5.3.1|**6.0.1**|\n|[`angular_forms`]|`^2.1.0`|2.1.2|**3.0.0**|\n|[`async`]|`^2.0.8`|2.4.2|2.4.2|\n|[`build`]|`>=0.11.1 <2.0.0`|1.5.2|1.5.2|\n|[`build_config`]|`>=0.2.6 <0.4.0`|0.3.2|**0.4.4**|\n|[`built_collection`]|`^4.0.0`|4.3.2|4.3.2|\n|[`collection`]|`^1.14.10`|1.14.13|1.14.13|\n|[`fixnum`]|`^0.10.7`|0.10.11|0.10.11|\n|[`intl`]|`>=0.14.0 <0.16.0`|0.15.8|**0.16.1**|\n|[`js`]|`^0.6.1`|0.6.2|0.6.2|\n|[`logging`]|`^0.11.2`|0.11.4|0.11.4|\n|[`meta`]|`^1.0.4`|1.2.4|1.2.4|\n|[`observable`]|`^0.22.1+3`|0.22.2|0.22.2|\n|[`protobuf`]|`^0.10.2`|0.10.8|**1.1.0**|\n|[`quiver`]|`>=0.24.0 <0.30.0`|0.29.0+2|**2.1.5**|\n|[`sass_builder`]|`^2.0.2`|2.1.3|2.1.3|\n\n<details><summary>Transitive dependencies</summary>\n\n|Package|Constraint|Compatible|Latest|\n|:-|:-|:-|:-|\n|[`analyzer`]|-|0.35.4|0.41.1|\n|[`angular_ast`]|-|0.5.9|1.0.1|\n|[`angular_compiler`]|-|0.4.3|1.0.1|\n|[`args`]|-|1.6.0|1.6.0|\n|[`built_value`]|-|7.1.0|7.1.0|\n|[`charcode`]|-|1.1.3|1.1.3|\n|[`checked_yaml`]|-|1.0.2|1.0.2|\n|[`cli_repl`]|-|0.2.0+1|0.2.0+1|\n|[`code_builder`]|-|3.5.0|3.5.0|\n|[`convert`]|-|2.1.1|2.1.1|\n|[`crypto`]|-|2.1.5|2.1.5|\n|[`csslib`]|-|0.14.6+1|0.16.2|\n|[`dart2_constant`]|-|1.0.2+dart2|1.0.2+dart2|\n|[`dart_internal`]|-|0.1.12-nullsafety.1|0.1.12-nullsafety.1|\n|[`dart_style`]|-|1.2.4|1.3.10|\n|[`file`]|-|5.2.1|5.2.1|\n|[`front_end`]|-|0.1.14|0.1.29|\n|[`glob`]|-|1.2.0|1.2.0|\n|[`http`]|-|0.12.2|0.12.2|\n|[`http_parser`]|-|3.1.4|3.1.4|\n|[`json_annotation`]|-|2.4.0|3.1.1|\n|[`kernel`]|-|0.3.14|0.3.29|\n|[`matcher`]|-|0.12.9|0.12.9|\n|[`node_interop`]|-|1.2.1|1.2.1|\n|[`node_io`]|-|1.2.0|1.2.0|\n|[`package_config`]|-|1.9.3|1.9.3|\n|[`package_resolver`]|-|1.0.10|1.0.10|\n|[`pedantic`]|-|1.9.2|1.9.2|\n|[`pub_semver`]|-|1.4.4|1.4.4|\n|[`pubspec_parse`]|-|0.1.5|0.1.5|\n|[`sass`]|-|1.29.0|1.29.0|\n|[`source_gen`]|-|0.9.4+4|0.9.9|\n|[`source_maps`]|-|0.10.9|0.10.9|\n|[`source_span`]|-|1.7.0|1.7.0|\n|[`stack_trace`]|-|1.9.6|1.9.6|\n|[`stream_transform`]|-|1.2.0|1.2.0|\n|[`string_scanner`]|-|1.0.5|1.0.5|\n|[`term_glyph`]|-|1.1.0|1.1.0|\n|[`tuple`]|-|1.0.3|1.0.3|\n|[`typed_data`]|-|1.2.0|1.2.0|\n|[`watcher`]|-|0.9.7+15|0.9.7+15|\n|[`yaml`]|-|2.2.1|2.2.1|\n</details>\n\nTo reproduce run `pub outdated --no-dev-dependencies --up-to-date --no-dependency-overrides`.\n\n[`angular`]: https://pub.dev/packages/angular\n[`angular_forms`]: https://pub.dev/packages/angular_forms\n[`async`]: https://pub.dev/packages/async\n[`build`]: https://pub.dev/packages/build\n[`build_config`]: https://pub.dev/packages/build_config\n[`built_collection`]: https://pub.dev/packages/built_collection\n[`collection`]: https://pub.dev/packages/collection\n[`fixnum`]: https://pub.dev/packages/fixnum\n[`intl`]: https://pub.dev/packages/intl\n[`js`]: https://pub.dev/packages/js\n[`logging`]: https://pub.dev/packages/logging\n[`meta`]: https://pub.dev/packages/meta\n[`observable`]: https://pub.dev/packages/observable\n[`protobuf`]: https://pub.dev/packages/protobuf\n[`quiver`]: https://pub.dev/packages/quiver\n[`sass_builder`]: https://pub.dev/packages/sass_builder\n[`analyzer`]: https://pub.dev/packages/analyzer\n[`angular_ast`]: https://pub.dev/packages/angular_ast\n[`angular_compiler`]: https://pub.dev/packages/angular_compiler\n[`args`]: https://pub.dev/packages/args\n[`built_value`]: https://pub.dev/packages/built_value\n[`charcode`]: https://pub.dev/packages/charcode\n[`checked_yaml`]: https://pub.dev/packages/checked_yaml\n[`cli_repl`]: https://pub.dev/packages/cli_repl\n[`code_builder`]: https://pub.dev/packages/code_builder\n[`convert`]: https://pub.dev/packages/convert\n[`crypto`]: https://pub.dev/packages/crypto\n[`csslib`]: https://pub.dev/packages/csslib\n[`dart2_constant`]: https://pub.dev/packages/dart2_constant\n[`dart_internal`]: https://pub.dev/packages/dart_internal\n[`dart_style`]: https://pub.dev/packages/dart_style\n[`file`]: https://pub.dev/packages/file\n[`front_end`]: https://pub.dev/packages/front_end\n[`glob`]: https://pub.dev/packages/glob\n[`http`]: https://pub.dev/packages/http\n[`http_parser`]: https://pub.dev/packages/http_parser\n[`json_annotation`]: https://pub.dev/packages/json_annotation\n[`kernel`]: https://pub.dev/packages/kernel\n[`matcher`]: https://pub.dev/packages/matcher\n[`node_interop`]: https://pub.dev/packages/node_interop\n[`node_io`]: https://pub.dev/packages/node_io\n[`package_config`]: https://pub.dev/packages/package_config\n[`package_resolver`]: https://pub.dev/packages/package_resolver\n[`pedantic`]: https://pub.dev/packages/pedantic\n[`pub_semver`]: https://pub.dev/packages/pub_semver\n[`pubspec_parse`]: https://pub.dev/packages/pubspec_parse\n[`sass`]: https://pub.dev/packages/sass\n[`source_gen`]: https://pub.dev/packages/source_gen\n[`source_maps`]: https://pub.dev/packages/source_maps\n[`source_span`]: https://pub.dev/packages/source_span\n[`stack_trace`]: https://pub.dev/packages/stack_trace\n[`stream_transform`]: https://pub.dev/packages/stream_transform\n[`string_scanner`]: https://pub.dev/packages/string_scanner\n[`term_glyph`]: https://pub.dev/packages/term_glyph\n[`tuple`]: https://pub.dev/packages/tuple\n[`typed_data`]: https://pub.dev/packages/typed_data\n[`watcher`]: https://pub.dev/packages/watcher\n[`yaml`]: https://pub.dev/packages/yaml\n\nFound 6 issues. Showing the first 2:\n\n<details>\n<summary>\nThe constraint `^5.1.0` on angular does not support the latest published version `6.0.1`\n</summary>\n\n`pubspec.yaml:12:12`\n\n```\n   ╷\n12 │   angular: ^5.1.0\n   │            ^^^^^^\n   ╵\n```\n\n</details>\n<details>\n<summary>\nThe constraint `^2.1.0` on angular_forms does not support the latest published version `3.0.0`\n</summary>\n\n`pubspec.yaml:13:18`\n\n```\n   ╷\n13 │   angular_forms: ^2.1.0\n   │                  ^^^^^^\n   ╵\n```\n\n</details>\n\n### [x] 0/10 points: Package supports latest stable Dart and Flutter SDKs\n\n* Found no Flutter in your PATH. Could not determine the current Flutter version."
      },
      {
        "id": "null-safety",
        "title": "Support sound null-safety",
        "grantedPoints": 0,
        "maxPoints": 0,
        "status": "partial",
        "summary": "### [~] 0/0 points: Package does not opt in to null-safety.\n\nPackages with full null-safety support will be awarded additional points in a planned future revision of the pub.dev points model.\n\n<details>\n<summary>\nPackage language version (indicated by the sdk constraint `>=2.1.0-dev.5.0 <3.0.0`) is less than 2.12.\n</summary>\n\nConsider [migrating](https://dart.dev/null-safety/migration-guide).\n</details>"
      }
    ]
  }
}