{
  "createdAt": "2022-11-23T11:09:00.000Z",
  "runtimeInfo": {
    "panaVersion": "{{pana-version}}",
    "sdkVersion": "{{sdk-version}}",
    "flutterVersions": {}
  },
  "packageName": "audio_service",
  "packageVersion": "0.18.17",
  "pubspec": {
    "name": "audio_service",
    "description": "Flutter plugin to play audio in the background while the screen is off.",
    "version": "0.18.17",
    "repository": "https://github.com/ryanheise/audio_service/tree/minor/audio_service",
    "issue_tracker": "https://github.com/ryanheise/audio_service/issues",
    "topics": [
      "audio",
      "background"
    ],
    "environment": {
      "sdk": ">=3.3.0 <4.0.0",
      "flutter": ">=3.0.0"
    },
    "dependencies": {
      "audio_service_platform_interface": "^0.1.3",
      "audio_service_web": "^0.1.4",
      "audio_session": "^0.1.25",
      "rxdart": ">=0.26.0 <0.29.0",
      "flutter_cache_manager": "^3.3.1",
      "clock": "^1.1.0",
      "js": ">=0.6.3 <0.8.0",
      "flutter": {
        "sdk": "flutter"
      },
      "flutter_web_plugins": {
        "sdk": "flutter"
      }
    },
    "dev_dependencies": {
      "flutter_test": {
        "sdk": "flutter"
      },
      "mockito": "^5.0.0",
      "fake_async": "^1.2.0",
      "flutter_lints": "^3.0.1"
    },
    "flutter": {
      "plugin": {
        "platforms": {
          "android": {
            "package": "com.ryanheise.audioservice",
            "pluginClass": "AudioServicePlugin"
          },
          "ios": {
            "pluginClass": "AudioServicePlugin",
            "sharedDarwinSource": true
          },
          "macos": {
            "pluginClass": "AudioServicePlugin",
            "sharedDarwinSource": true
          },
          "web": {
            "default_package": "audio_service_web"
          }
        }
      }
    }
  },
  "licenseFile": {
    "path": "LICENSE",
    "name": "MIT"
  },
  "licenses": [
    {
      "path": "LICENSE",
      "spdxIdentifier": "MIT"
    }
  ],
  "allDependencies": [
    "async",
    "audio_service_platform_interface",
    "audio_service_web",
    "audio_session",
    "characters",
    "clock",
    "collection",
    "crypto",
    "fake_async",
    "ffi",
    "file",
    "fixnum",
    "flutter",
    "flutter_cache_manager",
    "flutter_lints",
    "flutter_test",
    "flutter_web_plugins",
    "http",
    "http_parser",
    "js",
    "material_color_utilities",
    "meta",
    "mockito",
    "path",
    "path_provider",
    "path_provider_android",
    "path_provider_foundation",
    "path_provider_linux",
    "path_provider_platform_interface",
    "path_provider_windows",
    "platform",
    "plugin_platform_interface",
    "rxdart",
    "sky_engine",
    "source_span",
    "sprintf",
    "sqflite",
    "sqflite_android",
    "sqflite_common",
    "sqflite_darwin",
    "sqflite_platform_interface",
    "string_scanner",
    "synchronized",
    "term_glyph",
    "typed_data",
    "uuid",
    "vector_math",
    "web",
    "xdg_directories"
  ],
  "tags": [
    "sdk:flutter",
    "platform:android",
    "platform:ios",
    "platform:macos",
    "platform:web",
    "is:plugin",
    "is:null-safe",
    "is:swiftpm-plugin",
    "is:dart3-compatible",
    "license:mit",
    "license:fsf-libre",
    "license:osi-approved",
    "topic:audio",
    "topic:background"
  ],
  "report": {
    "sections": [
      {
        "id": "convention",
        "title": "Follow Dart file conventions",
        "grantedPoints": 30,
        "maxPoints": 30,
        "status": "passed",
        "summary": "### [*] 10/10 points: Provide a valid `pubspec.yaml`\n\n### [*] 5/5 points: Provide a valid `README.md`\n\n### [*] 5/5 points: Provide a valid `CHANGELOG.md`\n\n### [*] 10/10 points: Use an OSI-approved license\n\nDetected license: `MIT`.\n"
      },
      {
        "id": "documentation",
        "title": "Provide documentation",
        "grantedPoints": 10,
        "maxPoints": 10,
        "status": "passed",
        "summary": "### [*] 10/10 points: Package has an example\n"
      },
      {
        "id": "platform",
        "title": "Platform support",
        "grantedPoints": 20,
        "maxPoints": 20,
        "status": "failed",
        "summary": "### [*] 20/20 points: Supports 4 of 6 possible platforms (**iOS**, **Android**, **Web**, Windows, **macOS**, Linux)\n\n* ✓ Android\n\n* ✓ iOS\n\n* ✓ macOS\n\n* ✓ Web\n\n\nThese platforms are not supported:\n\n<details>\n<summary>\nPackage does not support platform `Windows`.\n</summary>\n\nBecause:\n* `package:audio_service/audio_service.dart` that declares support for platforms: `Android`, `iOS`, `macOS`, `Web`.\n</details>\n\n<details>\n<summary>\nPackage does not support platform `Linux`.\n</summary>\n\nBecause:\n* `package:audio_service/audio_service.dart` that declares support for platforms: `Android`, `iOS`, `macOS`, `Web`.\n</details>\n\n\nThese issues are present but do not affect the score, because they may not originate in your package:\n\n<details>\n<summary>\nPackage does not support platform `Web`.\n</summary>\n\nBecause:\n* `package:audio_service/audio_service.dart` that imports:\n* `package:flutter_cache_manager/flutter_cache_manager.dart` that imports:\n* `package:flutter_cache_manager/src/storage/file_system/file_system.dart` that imports:\n* `package:flutter_cache_manager/src/storage/file_system/file_system_io.dart` that imports:\n* `package:path_provider/path_provider.dart` that declares support for platforms: `Android`, `iOS`, `Windows`, `Linux`, `macOS`.\n</details>\n\n### [x] 0/0 points: WASM compatibility\n\n<details>\n<summary>\nPackage not compatible with runtime wasm\n</summary>\n\nBecause:\n* `package:audio_service/audio_service.dart` that imports:\n* `package:flutter_cache_manager/flutter_cache_manager.dart` that imports:\n* `package:flutter_cache_manager/src/web/web_helper.dart` that imports:\n* `package:flutter_cache_manager/src/cache_store.dart` that imports:\n* `dart:io`\n</details>\n\nThis package is not compatible with runtime `wasm`, and will not be rewarded full points in a future version of the scoring model.\n\nSee https://dart.dev/web/wasm for details.\n\n### [*] 0/0 points: Swift Package Manager support\n\nThis iOS or macOS plugin supports the Swift Package Manager. It will be rewarded additional points in a future version of the scoring model.\n\nSee https://docs.flutter.dev/to/spm for details.\n"
      },
      {
        "id": "analysis",
        "title": "Pass static analysis",
        "grantedPoints": 50,
        "maxPoints": 50,
        "status": "passed",
        "summary": "### [*] 50/50 points: code has no errors, warnings, lints, or formatting issues\n"
      },
      {
        "id": "dependency",
        "title": "Support up-to-date dependencies",
        "grantedPoints": 40,
        "maxPoints": 40,
        "status": "passed",
        "summary": "### [*] 10/10 points: All of the package dependencies are supported in the latest version\n\n|Package|Constraint|Compatible|Latest|\n|:-|:-|:-|:-|\n|[`audio_service_platform_interface`]|`^0.1.3`|0.1.3|0.1.3|\n|[`audio_service_web`]|`^0.1.4`|0.1.4|0.1.4|\n|[`audio_session`]|`^0.1.25`|0.1.25|0.1.25|\n|[`clock`]|`^1.1.0`|1.1.2|1.1.2|\n|[`flutter`]|`flutter`|0.0.0|0.0.0|\n|[`flutter_cache_manager`]|`^3.3.1`|3.4.1|3.4.1|\n|[`flutter_web_plugins`]|`flutter`|0.0.0|0.0.0|\n|[`js`]|`>=0.6.3 <0.8.0`|0.7.2|0.7.2|\n|[`rxdart`]|`>=0.26.0 <0.29.0`|0.28.0|0.28.0|\n\n<details><summary>Transitive dependencies</summary>\n\n|Package|Constraint|Compatible|Latest|\n|:-|:-|:-|:-|\n|[`async`]|-|2.13.0|2.13.0|\n|[`characters`]|-|1.4.0|1.4.0|\n|[`collection`]|-|1.19.1|1.19.1|\n|[`crypto`]|-|3.0.6|3.0.6|\n|[`ffi`]|-|2.1.3|2.1.3|\n|[`file`]|-|7.0.1|7.0.1|\n|[`fixnum`]|-|1.1.1|1.1.1|\n|[`http`]|-|1.3.0|1.3.0|\n|[`http_parser`]|-|4.1.2|4.1.2|\n|[`material_color_utilities`]|-|0.11.1|0.12.0|\n|[`meta`]|-|1.16.0|1.16.0|\n|[`path`]|-|1.9.1|1.9.1|\n|[`path_provider`]|-|2.1.5|2.1.5|\n|[`path_provider_android`]|-|2.2.15|2.2.15|\n|[`path_provider_foundation`]|-|2.4.1|2.4.1|\n|[`path_provider_linux`]|-|2.2.1|2.2.1|\n|[`path_provider_platform_interface`]|-|2.1.2|2.1.2|\n|[`path_provider_windows`]|-|2.3.0|2.3.0|\n|[`platform`]|-|3.1.6|3.1.6|\n|[`plugin_platform_interface`]|-|2.1.8|2.1.8|\n|[`sky_engine`]|-|0.0.0|0.0.0|\n|[`source_span`]|-|1.10.1|1.10.1|\n|[`sprintf`]|-|7.0.0|7.0.0|\n|[`sqflite`]|-|2.4.2|2.4.2|\n|[`sqflite_android`]|-|2.4.1|2.4.1|\n|[`sqflite_common`]|-|2.5.5|2.5.5|\n|[`sqflite_darwin`]|-|2.4.2|2.4.2|\n|[`sqflite_platform_interface`]|-|2.4.0|2.4.0|\n|[`string_scanner`]|-|1.4.1|1.4.1|\n|[`synchronized`]|-|3.3.1|3.3.1|\n|[`term_glyph`]|-|1.2.2|1.2.2|\n|[`typed_data`]|-|1.4.0|1.4.0|\n|[`uuid`]|-|4.5.1|4.5.1|\n|[`vector_math`]|-|2.1.4|2.1.4|\n|[`web`]|-|1.1.0|1.1.0|\n|[`xdg_directories`]|-|1.1.0|1.1.0|\n</details>\n\nTo reproduce run `dart pub outdated --no-dev-dependencies --up-to-date --no-dependency-overrides`.\n\n[`audio_service_platform_interface`]: https://pub.dev/packages/audio_service_platform_interface\n[`audio_service_web`]: https://pub.dev/packages/audio_service_web\n[`audio_session`]: https://pub.dev/packages/audio_session\n[`clock`]: https://pub.dev/packages/clock\n[`flutter`]: https://pub.dev/packages/flutter\n[`flutter_cache_manager`]: https://pub.dev/packages/flutter_cache_manager\n[`flutter_web_plugins`]: https://pub.dev/packages/flutter_web_plugins\n[`js`]: https://pub.dev/packages/js\n[`rxdart`]: https://pub.dev/packages/rxdart\n[`async`]: https://pub.dev/packages/async\n[`characters`]: https://pub.dev/packages/characters\n[`collection`]: https://pub.dev/packages/collection\n[`crypto`]: https://pub.dev/packages/crypto\n[`ffi`]: https://pub.dev/packages/ffi\n[`file`]: https://pub.dev/packages/file\n[`fixnum`]: https://pub.dev/packages/fixnum\n[`http`]: https://pub.dev/packages/http\n[`http_parser`]: https://pub.dev/packages/http_parser\n[`material_color_utilities`]: https://pub.dev/packages/material_color_utilities\n[`meta`]: https://pub.dev/packages/meta\n[`path`]: https://pub.dev/packages/path\n[`path_provider`]: https://pub.dev/packages/path_provider\n[`path_provider_android`]: https://pub.dev/packages/path_provider_android\n[`path_provider_foundation`]: https://pub.dev/packages/path_provider_foundation\n[`path_provider_linux`]: https://pub.dev/packages/path_provider_linux\n[`path_provider_platform_interface`]: https://pub.dev/packages/path_provider_platform_interface\n[`path_provider_windows`]: https://pub.dev/packages/path_provider_windows\n[`platform`]: https://pub.dev/packages/platform\n[`plugin_platform_interface`]: https://pub.dev/packages/plugin_platform_interface\n[`sky_engine`]: https://pub.dev/packages/sky_engine\n[`source_span`]: https://pub.dev/packages/source_span\n[`sprintf`]: https://pub.dev/packages/sprintf\n[`sqflite`]: https://pub.dev/packages/sqflite\n[`sqflite_android`]: https://pub.dev/packages/sqflite_android\n[`sqflite_common`]: https://pub.dev/packages/sqflite_common\n[`sqflite_darwin`]: https://pub.dev/packages/sqflite_darwin\n[`sqflite_platform_interface`]: https://pub.dev/packages/sqflite_platform_interface\n[`string_scanner`]: https://pub.dev/packages/string_scanner\n[`synchronized`]: https://pub.dev/packages/synchronized\n[`term_glyph`]: https://pub.dev/packages/term_glyph\n[`typed_data`]: https://pub.dev/packages/typed_data\n[`uuid`]: https://pub.dev/packages/uuid\n[`vector_math`]: https://pub.dev/packages/vector_math\n[`web`]: https://pub.dev/packages/web\n[`xdg_directories`]: https://pub.dev/packages/xdg_directories\n\n### [*] 10/10 points: Package supports latest stable Dart and Flutter SDKs\n\n### [*] 20/20 points: Compatible with dependency constraint lower bounds\n\n`pub downgrade` does not expose any static analysis error.\n"
      }
    ]
  },
  "screenshots": [],
  "result": {
    "repositoryUrl": "https://github.com/ryanheise/audio_service/tree/minor/audio_service",
    "issueTrackerUrl": "https://github.com/ryanheise/audio_service/issues",
    "repositoryStatus": "verified",
    "repository": {
      "provider": "github",
      "host": "github.com",
      "repository": "ryanheise/audio_service",
      "branch": "minor",
      "path": "audio_service"
    },
    "contributingUrl": "https://github.com/ryanheise/audio_service/blob/minor/CONTRIBUTING.md",
    "licenses": [
      {
        "path": "LICENSE",
        "spdxIdentifier": "MIT"
      }
    ],
    "grantedPoints": 150,
    "maxPoints": 150
  },
  "urlProblems": []
}
