{
  "runtimeInfo": {
    "panaVersion": "{{pana-version}}",
    "sdkVersion": "{{sdk-version}}",
    "flutterVersions": {}
  },
  "packageName": "audio_service",
  "packageVersion": "0.17.0",
  "pubspec": {
    "name": "audio_service",
    "description": "Flutter plugin to play audio in the background while the screen is off.",
    "version": "0.17.0",
    "homepage": "https://github.com/ryanheise/audio_service",
    "environment": {
      "sdk": ">=2.12.0 <3.0.0",
      "flutter": ">=1.12.13+hotfix.5"
    },
    "dependencies": {
      "audio_session": "^0.1.0",
      "rxdart": "^0.26.0",
      "flutter_isolate": "^2.0.0",
      "flutter_cache_manager": "^3.0.0",
      "js": "^0.6.3",
      "flutter": {
        "sdk": "flutter"
      },
      "flutter_web_plugins": {
        "sdk": "flutter"
      }
    },
    "dev_dependencies": {
      "flutter_test": {
        "sdk": "flutter"
      },
      "mockito": "^5.0.0"
    },
    "flutter": {
      "plugin": {
        "platforms": {
          "android": {
            "package": "com.ryanheise.audioservice",
            "pluginClass": "AudioServicePlugin"
          },
          "ios": {
            "pluginClass": "AudioServicePlugin"
          },
          "macos": {
            "pluginClass": "AudioServicePlugin"
          },
          "web": {
            "pluginClass": "AudioServicePlugin",
            "fileName": "audio_service_web.dart"
          }
        }
      }
    }
  },
  "licenseFile": {
    "path": "LICENSE",
    "name": "MIT",
    "url": "https://github.com/ryanheise/audio_service/blob/master/LICENSE"
  },
  "allDependencies": [
    "archive",
    "async",
    "audio_session",
    "characters",
    "charcode",
    "clock",
    "collection",
    "crypto",
    "ffi",
    "file",
    "flutter",
    "flutter_cache_manager",
    "flutter_isolate",
    "flutter_test",
    "flutter_web_plugins",
    "http",
    "http_parser",
    "image",
    "js",
    "meta",
    "mockito",
    "path",
    "path_provider",
    "path_provider_linux",
    "path_provider_macos",
    "path_provider_platform_interface",
    "path_provider_windows",
    "pedantic",
    "petitparser",
    "platform",
    "plugin_platform_interface",
    "process",
    "rxdart",
    "sky_engine",
    "source_span",
    "sqflite",
    "sqflite_common",
    "string_scanner",
    "synchronized",
    "term_glyph",
    "typed_data",
    "uuid",
    "vector_math",
    "win32",
    "xdg_directories",
    "xml"
  ],
  "tags": [
    "sdk:flutter",
    "platform:android",
    "platform:ios",
    "platform:macos",
    "platform:web",
    "is:null-safe"
  ],
  "report": {
    "sections": [
      {
        "id": "convention",
        "title": "Follow Dart file conventions",
        "grantedPoints": 20,
        "maxPoints": 20,
        "status": "passed",
        "summary": "### [*] 10/10 points: Provide a valid `pubspec.yaml`\n\n\n### [*] 5/5 points: Provide a valid `README.md`\n\n\n### [*] 5/5 points: Provide a valid `CHANGELOG.md`\n"
      },
      {
        "id": "documentation",
        "title": "Provide documentation",
        "grantedPoints": 10,
        "maxPoints": 10,
        "status": "passed",
        "summary": "### [*] 10/10 points: Package has an example\n\n* Found example at: `example/lib/main.dart`"
      },
      {
        "id": "platform",
        "title": "Support multiple platforms",
        "grantedPoints": 20,
        "maxPoints": 20,
        "status": "passed",
        "summary": "### [*] 20/20 points: Supports 3 of 3 possible platforms (**iOS**, **Android**, **Web**)\n\nFound 8 issues. Showing the first 2:\n\n\nConsider supporting these prerelease platforms:\n\n<details>\n<summary>\nPackage does not support Flutter platform `Windows`.\n</summary>\n\nBecause:\n* `package:audio_service/audio_service.dart` that declares support for platforms: `Android`, `iOS`, `macOS`, `Web`.\n</details>"
      },
      {
        "id": "analysis",
        "title": "Pass static analysis",
        "grantedPoints": 30,
        "maxPoints": 30,
        "status": "passed",
        "summary": "### [*] 30/30 points: code has no errors, warnings, lints, or formatting issues\n"
      },
      {
        "id": "dependency",
        "title": "Support up-to-date dependencies",
        "grantedPoints": 10,
        "maxPoints": 20,
        "status": "failed",
        "summary": "### [x] 0/10 points: All of the package dependencies are supported in the latest version\n\n|Package|Constraint|Compatible|Latest|\n|:-|:-|:-|:-|\n|[`audio_session`]|`^0.1.0`|0.1.2|0.1.2|\n|[`flutter`]|`flutter`|0.0.0|0.0.0|\n|[`flutter_cache_manager`]|`^3.0.0`|3.1.1|3.1.1|\n|[`flutter_isolate`]|`^2.0.0`|2.0.0|2.0.0|\n|[`flutter_web_plugins`]|`flutter`|0.0.0|0.0.0|\n|[`js`]|`^0.6.3`|0.6.3|0.6.3|\n|[`rxdart`]|`^0.26.0`|0.26.0|**0.27.1**|\n\n<details><summary>Transitive dependencies</summary>\n\n|Package|Constraint|Compatible|Latest|\n|:-|:-|:-|:-|\n|[`archive`]|-|3.1.2|3.1.2|\n|[`async`]|-|2.7.0|2.7.0|\n|[`characters`]|-|1.1.0|1.1.0|\n|[`charcode`]|-|1.2.0|1.2.0|\n|[`clock`]|-|1.1.0|1.1.0|\n|[`collection`]|-|1.15.0|1.15.0|\n|[`crypto`]|-|3.0.1|3.0.1|\n|[`ffi`]|-|1.1.2|1.1.2|\n|[`file`]|-|6.1.1|6.1.1|\n|[`http`]|-|0.13.3|0.13.3|\n|[`http_parser`]|-|4.0.0|4.0.0|\n|[`image`]|-|3.0.2|3.0.2|\n|[`meta`]|-|1.3.0|1.4.0|\n|[`path`]|-|1.8.0|1.8.0|\n|[`path_provider`]|-|2.0.2|2.0.2|\n|[`path_provider_linux`]|-|2.0.0|2.0.0|\n|[`path_provider_macos`]|-|2.0.0|2.0.0|\n|[`path_provider_platform_interface`]|-|2.0.1|2.0.1|\n|[`path_provider_windows`]|-|2.0.1|2.0.1|\n|[`pedantic`]|-|1.11.0|1.11.0|\n|[`petitparser`]|-|4.1.0|4.2.0|\n|[`platform`]|-|3.0.0|3.0.0|\n|[`plugin_platform_interface`]|-|2.0.0|2.0.0|\n|[`process`]|-|4.2.1|4.2.1|\n|[`sky_engine`]|-|0.0.99|0.0.99|\n|[`source_span`]|-|1.8.1|1.8.1|\n|[`sqflite`]|-|2.0.0+3|2.0.0+3|\n|[`sqflite_common`]|-|2.0.0+2|2.0.0+2|\n|[`string_scanner`]|-|1.1.0|1.1.0|\n|[`synchronized`]|-|3.0.0|3.0.0|\n|[`term_glyph`]|-|1.2.0|1.2.0|\n|[`typed_data`]|-|1.3.0|1.3.0|\n|[`uuid`]|-|3.0.4|3.0.4|\n|[`vector_math`]|-|2.1.0|2.1.0|\n|[`win32`]|-|2.1.4|2.1.4|\n|[`xdg_directories`]|-|0.2.0|0.2.0|\n|[`xml`]|-|5.1.2|5.1.2|\n</details>\n\nTo reproduce run `dart pub outdated --no-dev-dependencies --up-to-date --no-dependency-overrides`.\n\n[`audio_session`]: https://pub.dev/packages/audio_session\n[`flutter`]: https://pub.dev/packages/flutter\n[`flutter_cache_manager`]: https://pub.dev/packages/flutter_cache_manager\n[`flutter_isolate`]: https://pub.dev/packages/flutter_isolate\n[`flutter_web_plugins`]: https://pub.dev/packages/flutter_web_plugins\n[`js`]: https://pub.dev/packages/js\n[`rxdart`]: https://pub.dev/packages/rxdart\n[`archive`]: https://pub.dev/packages/archive\n[`async`]: https://pub.dev/packages/async\n[`characters`]: https://pub.dev/packages/characters\n[`charcode`]: https://pub.dev/packages/charcode\n[`clock`]: https://pub.dev/packages/clock\n[`collection`]: https://pub.dev/packages/collection\n[`crypto`]: https://pub.dev/packages/crypto\n[`ffi`]: https://pub.dev/packages/ffi\n[`file`]: https://pub.dev/packages/file\n[`http`]: https://pub.dev/packages/http\n[`http_parser`]: https://pub.dev/packages/http_parser\n[`image`]: https://pub.dev/packages/image\n[`meta`]: https://pub.dev/packages/meta\n[`path`]: https://pub.dev/packages/path\n[`path_provider`]: https://pub.dev/packages/path_provider\n[`path_provider_linux`]: https://pub.dev/packages/path_provider_linux\n[`path_provider_macos`]: https://pub.dev/packages/path_provider_macos\n[`path_provider_platform_interface`]: https://pub.dev/packages/path_provider_platform_interface\n[`path_provider_windows`]: https://pub.dev/packages/path_provider_windows\n[`pedantic`]: https://pub.dev/packages/pedantic\n[`petitparser`]: https://pub.dev/packages/petitparser\n[`platform`]: https://pub.dev/packages/platform\n[`plugin_platform_interface`]: https://pub.dev/packages/plugin_platform_interface\n[`process`]: https://pub.dev/packages/process\n[`sky_engine`]: https://pub.dev/packages/sky_engine\n[`source_span`]: https://pub.dev/packages/source_span\n[`sqflite`]: https://pub.dev/packages/sqflite\n[`sqflite_common`]: https://pub.dev/packages/sqflite_common\n[`string_scanner`]: https://pub.dev/packages/string_scanner\n[`synchronized`]: https://pub.dev/packages/synchronized\n[`term_glyph`]: https://pub.dev/packages/term_glyph\n[`typed_data`]: https://pub.dev/packages/typed_data\n[`uuid`]: https://pub.dev/packages/uuid\n[`vector_math`]: https://pub.dev/packages/vector_math\n[`win32`]: https://pub.dev/packages/win32\n[`xdg_directories`]: https://pub.dev/packages/xdg_directories\n[`xml`]: https://pub.dev/packages/xml\n\n<details>\n<summary>\nThe constraint `^0.26.0` on rxdart does not support the stable version `0.27.0`.\n</summary>\n\nTry running `dart pub upgrade --major-versions rxdart` to update the constraint.\n</details>\n\n### [*] 10/10 points: Package supports latest stable Dart and Flutter SDKs\n"
      },
      {
        "id": "null-safety",
        "title": "Support sound null safety",
        "grantedPoints": 20,
        "maxPoints": 20,
        "status": "passed",
        "summary": "### [*] 20/20 points: Package and dependencies are fully migrated to null safety!\n"
      }
    ]
  },
  "urlProblems": []
}