{
  "createdAt": "2022-11-23T11:09:00.000Z",
  "runtimeInfo": {
    "panaVersion": "{{pana-version}}",
    "sdkVersion": "{{sdk-version}}",
    "flutterVersions": {}
  },
  "packageName": "audio_service",
  "packageVersion": "0.18.10",
  "pubspec": {
    "name": "audio_service",
    "description": "Flutter plugin to play audio in the background while the screen is off.",
    "version": "0.18.10",
    "homepage": "https://github.com/ryanheise/audio_service/tree/master/audio_service",
    "environment": {
      "sdk": ">=2.14.0 <4.0.0",
      "flutter": ">=3.0.0"
    },
    "dependencies": {
      "audio_service_platform_interface": "^0.1.0",
      "audio_service_web": "^0.1.1",
      "audio_session": "^0.1.6+1",
      "rxdart": ">=0.26.0 <0.28.0",
      "flutter_cache_manager": "^3.0.1",
      "clock": "^1.1.0",
      "js": "^0.6.3",
      "flutter": {
        "sdk": "flutter"
      },
      "flutter_web_plugins": {
        "sdk": "flutter"
      }
    },
    "dev_dependencies": {
      "flutter_test": {
        "sdk": "flutter"
      },
      "mockito": "^5.0.0",
      "fake_async": "^1.2.0",
      "flutter_lints": "^1.0.4"
    },
    "flutter": {
      "plugin": {
        "platforms": {
          "android": {
            "package": "com.ryanheise.audioservice",
            "pluginClass": "AudioServicePlugin"
          },
          "ios": {
            "pluginClass": "AudioServicePlugin"
          },
          "macos": {
            "pluginClass": "AudioServicePlugin"
          },
          "web": {
            "default_package": "audio_service_web"
          }
        }
      }
    }
  },
  "licenseFile": {
    "path": "LICENSE",
    "name": "MIT"
  },
  "licenses": [
    {
      "path": "LICENSE",
      "spdxIdentifier": "MIT"
    }
  ],
  "allDependencies": [
    "audio_service_platform_interface",
    "audio_service_web",
    "audio_session",
    "clock",
    "fake_async",
    "flutter",
    "flutter_cache_manager",
    "flutter_lints",
    "flutter_test",
    "flutter_web_plugins",
    "js",
    "mockito",
    "rxdart"
  ],
  "tags": [
    "has:error",
    "license:mit",
    "license:fsf-libre",
    "license:osi-approved"
  ],
  "report": {
    "sections": [
      {
        "id": "convention",
        "title": "Follow Dart file conventions",
        "grantedPoints": 30,
        "maxPoints": 30,
        "status": "passed",
        "summary": "### [*] 10/10 points: Provide a valid `pubspec.yaml`\n\n\n### [*] 5/5 points: Provide a valid `README.md`\n\n\n### [*] 5/5 points: Provide a valid `CHANGELOG.md`\n\n\n### [*] 10/10 points: Use an OSI-approved license\n\nDetected license: `MIT`."
      },
      {
        "id": "documentation",
        "title": "Provide documentation",
        "grantedPoints": 10,
        "maxPoints": 10,
        "status": "passed",
        "summary": "### [*] 10/10 points: Package has an example\n"
      },
      {
        "id": "platform",
        "title": "Platform support",
        "grantedPoints": 0,
        "maxPoints": 20,
        "status": "failed",
        "summary": "### [x] 0/20 points: Platform support detection failed\n\n<details>\n<summary>\nCould not determine supported platforms as package resolution failed.\n</summary>\n\nRun `flutter pub get` for more information.\n</details>"
      },
      {
        "id": "analysis",
        "title": "Pass static analysis",
        "grantedPoints": 0,
        "maxPoints": 50,
        "status": "failed",
        "summary": "### [x] 0/50 points: code has no errors, warnings, lints, or formatting issues\n\n* Running `flutter pub outdated` failed with the following output:\n\n```\nNote: meta is pinned to version 1.12.0 by flutter_web_plugins from the flutter SDK.\nSee https://dart.dev/go/sdk-version-pinning for details.\n```\n"
      },
      {
        "id": "dependency",
        "title": "Support up-to-date dependencies",
        "grantedPoints": 10,
        "maxPoints": 40,
        "status": "failed",
        "summary": "### [x] 0/10 points: All of the package dependencies are supported in the latest version\n\n* Could not run `flutter pub outdated`: `flutter pub get` failed:\n\n```\nOUT:\nResolving dependencies...\nERR:\nNote: meta is pinned to version 1.12.0 by flutter_web_plugins from the flutter SDK.\nSee https://dart.dev/go/sdk-version-pinning for details.\n\n\nBecause every version of flutter_web_plugins from sdk depends on meta 1.12.0 which doesn't match any versions, flutter_web_plugins from sdk is forbidden.\nSo, because audio_service depends on flutter_web_plugins from sdk, version solving failed.\n```\n\n### [*] 10/10 points: Package supports latest stable Dart and Flutter SDKs\n\n\n### [x] 0/20 points: Compatible with dependency constraint lower bounds\n\n* `flutter pub downgrade` failed with:\n\n```\nOUT:\nResolving dependencies...\nERR:\nNote: meta is pinned to version 1.12.0 by flutter_web_plugins from the flutter SDK.\nSee https://dart.dev/go/sdk-version-pinning for details.\n\n\nBecause every version of flutter_web_plugins from sdk depends on meta 1.12.0 which doesn't match any versions, flutter_web_plugins from sdk is forbidden.\nSo, because audio_service depends on flutter_web_plugins from sdk, version solving failed.\n```\n\nRun `flutter pub downgrade` and then `flutter analyze` to reproduce the above problem.\n\nYou may run `dart pub upgrade --tighten` to update your dependency constraints, or visit http://dart.dev/go/downgrade-testing for further help."
      }
    ]
  },
  "screenshots": [],
  "result": {
    "repositoryUrl": "https://github.com/ryanheise/audio_service/tree/master/audio_service",
    "issueTrackerUrl": "https://github.com/ryanheise/audio_service/issues",
    "repository": {
      "provider": "github",
      "host": "github.com",
      "repository": "ryanheise/audio_service",
      "branch": "minor",
      "path": "audio_service"
    },
    "contributingUrl": "https://github.com/ryanheise/audio_service/blob/minor/CONTRIBUTING.md",
    "grantedPoints": 50,
    "maxPoints": 150
  },
  "urlProblems": [],
  "errorMessage": "Running `flutter pub outdated` failed with the following output:\n\n```\nNote: meta is pinned to version 1.12.0 by flutter_web_plugins from the flutter SDK.\nSee https://dart.dev/go/sdk-version-pinning for details.\n```"
}
