{
  "runtimeInfo": {
    "panaVersion": "{{pana-version}}",
    "sdkVersion": "{{sdk-version}}",
    "flutterVersions": {}
  },
  "packageName": "audio_service",
  "packageVersion": "0.18.4",
  "pubspec": {
    "name": "audio_service",
    "description": "Flutter plugin to play audio in the background while the screen is off.",
    "version": "0.18.4",
    "homepage": "https://github.com/ryanheise/audio_service/tree/master/audio_service",
    "environment": {
      "sdk": ">=2.12.0 <3.0.0",
      "flutter": ">=2.0.0"
    },
    "dependencies": {
      "audio_service_platform_interface": "^0.1.0",
      "audio_service_web": "^0.1.1",
      "audio_session": "^0.1.6+1",
      "rxdart": ">=0.26.0 <0.28.0",
      "flutter_cache_manager": "^3.0.1",
      "clock": "^1.1.0",
      "js": "^0.6.3",
      "flutter": {
        "sdk": "flutter"
      },
      "flutter_web_plugins": {
        "sdk": "flutter"
      }
    },
    "dev_dependencies": {
      "flutter_test": {
        "sdk": "flutter"
      },
      "mockito": "^5.0.0",
      "fake_async": "^1.2.0",
      "flutter_lints": "^1.0.4"
    },
    "flutter": {
      "plugin": {
        "platforms": {
          "android": {
            "package": "com.ryanheise.audioservice",
            "pluginClass": "AudioServicePlugin"
          },
          "ios": {
            "pluginClass": "AudioServicePlugin"
          },
          "macos": {
            "pluginClass": "AudioServicePlugin"
          },
          "web": {
            "default_package": "audio_service_web"
          }
        }
      }
    }
  },
  "licenseFile": {
    "path": "LICENSE",
    "name": "MIT"
  },
  "licenses": [
    {
      "path": "LICENSE",
      "spdxIdentifier": "MIT"
    }
  ],
  "allDependencies": [
    "audio_service_platform_interface",
    "audio_service_web",
    "audio_session",
    "clock",
    "fake_async",
    "flutter",
    "flutter_cache_manager",
    "flutter_lints",
    "flutter_test",
    "flutter_web_plugins",
    "js",
    "mockito",
    "rxdart"
  ],
  "tags": [
    "license:mit",
    "license:fsf-libre",
    "license:osi-approved"
  ],
  "report": {
    "sections": [
      {
        "id": "convention",
        "title": "Follow Dart file conventions",
        "grantedPoints": 20,
        "maxPoints": 20,
        "status": "passed",
        "summary": "### [*] 10/10 points: Provide a valid `pubspec.yaml`\n\n\n### [*] 5/5 points: Provide a valid `README.md`\n\n\n### [*] 5/5 points: Provide a valid `CHANGELOG.md`\n"
      },
      {
        "id": "documentation",
        "title": "Provide documentation",
        "grantedPoints": 10,
        "maxPoints": 10,
        "status": "passed",
        "summary": "### [*] 10/10 points: Package has an example\n"
      },
      {
        "id": "platform",
        "title": "Platform support",
        "grantedPoints": 0,
        "maxPoints": 20,
        "status": "failed",
        "summary": "### [x] 0/20 points: Platform support detection failed\n\n<details>\n<summary>\nCould not determine supported platforms as package resolution failed.\n</summary>\n\nRun `flutter pub get` for more information.\n</details>"
      },
      {
        "id": "analysis",
        "title": "Pass static analysis",
        "grantedPoints": 0,
        "maxPoints": 30,
        "status": "failed",
        "summary": "### [x] 0/30 points: code has no errors, warnings, lints, or formatting issues\n\nFound 325 issues. Showing the first 2:\n\n<details>\n<summary>\nERROR: Target of URI doesn't exist: 'dart:ui'.\n</summary>\n\n`lib/audio_service.dart:3:8`\n\n```\n  ╷\n3 │ import 'dart:ui';\n  │        ^^^^^^^^^\n  ╵\n```\n\nTo reproduce make sure you are using the [lints_core](https://pub.dev/packages/lints) and run `flutter analyze lib/audio_service.dart`\n</details>\n<details>\n<summary>\nERROR: Target of URI doesn't exist: 'package:audio_service_platform_interface/audio_service_platform_interface.dart'.\n</summary>\n\n`lib/audio_service.dart:5:8`\n\n```\n  ╷\n5 │ import 'package:audio_service_platform_interface/audio_service_platform_interface.dart';\n  │        ^^^^^^^^^^^^^^^^^^^^^^^^^^^^^^^^^^^^^^^^^^^^^^^^^^^^^^^^^^^^^^^^^^^^^^^^^^^^^^^^\n  ╵\n```\n\nTo reproduce make sure you are using the [lints_core](https://pub.dev/packages/lints) and run `flutter analyze lib/audio_service.dart`\n</details>"
      },
      {
        "id": "dependency",
        "title": "Support up-to-date dependencies",
        "grantedPoints": 10,
        "maxPoints": 20,
        "status": "failed",
        "summary": "### [x] 0/10 points: All of the package dependencies are supported in the latest version\n\n* Could not run `flutter pub outdated`: `dart pub get` failed:\n\n```\nOUT:\nResolving dependencies...\nERR:\nBecause every version of flutter_web_plugins from sdk depends on vector_math 2.1.2 which doesn't match any versions, flutter_web_plugins from sdk is forbidden.\nSo, because audio_service depends on flutter_web_plugins from sdk, version solving failed.\n```\n\n### [*] 10/10 points: Package supports latest stable Dart and Flutter SDKs\n"
      },
      {
        "id": "null-safety",
        "title": "Support sound null safety",
        "grantedPoints": 0,
        "maxPoints": 20,
        "status": "failed",
        "summary": "### [x] 0/20 points: Unable to detect null safety\n\n<details>\n<summary>\nPackage resolution failed. Could not determine null safety.\n</summary>\n\nRun `dart pub get` for more information.\n</details>"
      }
    ]
  },
  "screenshots": [],
  "result": {
    "repositoryUrl": "https://github.com/ryanheise/audio_service/tree/master/audio_service",
    "issueTrackerUrl": "https://github.com/ryanheise/audio_service/issues",
    "repository": {
      "baseUrl": "https://github.com/ryanheise/audio_service",
      "branch": "minor",
      "packagePath": "audio_service"
    }
  },
  "urlProblems": [],
  "errorMessage": "Running `flutter pub upgrade` failed with the following output:\n\n```\nERR: Because every version of flutter_web_plugins from sdk depends on vector_math 2.1.2 which doesn't match any versions, flutter_web_plugins from sdk is forbidden.\n So, because audio_service depends on flutter_web_plugins from sdk, version solving failed.\n```"
}
