{
  "runtimeInfo": {
    "panaVersion": "{{pana-version}}",
    "sdkVersion": "{{sdk-version}}",
    "flutterVersions": {}
  },
  "packageName": "bulma_min",
  "packageVersion": "0.7.4",
  "pubspec": {
    "name": "bulma_min",
    "description": "Bulma is a CSS Framework. This package contains its minified assets to include in your project.",
    "version": "0.7.4",
    "homepage": "https://github.com/agilord/bulma_min",
    "author": "team@agilord.com",
    "environment": {
      "sdk": ">=1.0.0 <3.0.0"
    }
  },
  "licenseFile": {
    "path": "LICENSE",
    "name": "MIT",
    "url": "https://github.com/agilord/bulma_min/blob/master/LICENSE"
  },
  "allDependencies": [],
  "tags": [
    "sdk:dart",
    "sdk:flutter",
    "platform:android",
    "platform:ios",
    "platform:windows",
    "platform:linux",
    "platform:macos",
    "platform:web",
    "runtime:native-aot",
    "runtime:native-jit",
    "runtime:web"
  ],
  "report": {
    "sections": [
      {
        "id": "convention",
        "title": "Follow Dart file conventions",
        "grantedPoints": 20,
        "maxPoints": 20,
        "status": "passed",
        "summary": "### [*] 10/10 points: Provide a valid `pubspec.yaml`\n\n\n### [*] 5/5 points: Provide a valid `README.md`\n\n\n### [*] 5/5 points: Provide a valid `CHANGELOG.md`\n"
      },
      {
        "id": "documentation",
        "title": "Provide documentation",
        "grantedPoints": 0,
        "maxPoints": 10,
        "status": "failed",
        "summary": "### [x] 0/10 points: Package has an example\n\n<details>\n<summary>\nNo example found.\n</summary>\n\nSee [package layout](https://dart.dev/tools/pub/package-layout#examples) guidelines on how to add an example.\n</details>"
      },
      {
        "id": "platform",
        "title": "Support multiple platforms",
        "grantedPoints": 20,
        "maxPoints": 20,
        "status": "passed",
        "summary": "### [*] 20/20 points: Supports 2 of 2 possible platforms (**native**, **js**)\n"
      },
      {
        "id": "analysis",
        "title": "Pass static analysis",
        "grantedPoints": 30,
        "maxPoints": 30,
        "status": "passed",
        "summary": "### [*] 30/30 points: code has no errors, warnings, lints, or formatting issues\n"
      },
      {
        "id": "dependency",
        "title": "Support up-to-date dependencies",
        "grantedPoints": 20,
        "maxPoints": 20,
        "status": "passed",
        "summary": "### [*] 10/10 points: All of the package dependencies are supported in the latest version\n\nNo dependencies.\n\nTo reproduce run `dart pub outdated --no-dev-dependencies --up-to-date --no-dependency-overrides`.\n\n\n### [*] 10/10 points: Package supports latest stable Dart and Flutter SDKs\n"
      },
      {
        "id": "null-safety",
        "title": "Support sound null safety",
        "grantedPoints": 0,
        "maxPoints": 20,
        "status": "partial",
        "summary": "### [~] 0/20 points: Package does not opt in to null safety.\n\n<details>\n<summary>\nPackage language version (indicated by the sdk constraint `>=1.0.0 <3.0.0`) is less than 2.12.\n</summary>\n\nConsider [migrating](https://dart.dev/null-safety/migration-guide).\n</details>"
      }
    ]
  },
  "urlProblems": []
}