{
  "runtimeInfo": {
    "panaVersion": "{{pana-version}}",
    "sdkVersion": "{{sdk-version}}",
    "flutterVersions": {}
  },
  "packageName": "dartdoc",
  "packageVersion": "0.24.1",
  "pubspec": {
    "name": "dartdoc",
    "version": "0.24.1",
    "author": "Dart Team <misc@dartlang.org>",
    "description": "A documentation generator for Dart.",
    "homepage": "https://github.com/dart-lang/dartdoc",
    "environment": {
      "sdk": ">=2.0.0 <3.0.0"
    },
    "dependencies": {
      "analyzer": "^0.33.0",
      "args": ">=1.4.1 <2.0.0",
      "collection": "^1.2.0",
      "crypto": "^2.0.6",
      "html": ">=0.12.1 <0.14.0",
      "http_parser": ">=3.0.3 <4.0.0",
      "logging": "^0.11.3+1",
      "process": "^3.0.5",
      "markdown": "^2.0.0",
      "package_config": ">=0.1.5 <2.0.0",
      "path": "^1.3.0",
      "pub_semver": "^1.3.7",
      "quiver": "^2.0.0",
      "resource": "^2.1.2",
      "stack_trace": "^1.4.2",
      "yaml": "^2.1.0"
    },
    "dev_dependencies": {
      "build": "^1.0.1",
      "build_runner": "^1.0.0",
      "build_version": "^1.0.0",
      "dhttpd": "^3.0.0",
      "glob": "^1.1.5",
      "grinder": "^0.8.2",
      "io": "^0.3.0",
      "http": "^0.11.0",
      "meta": "^1.0.0",
      "test": "^1.3.0"
    },
    "executables": {
      "dartdoc": null
    }
  },
  "licenses": [
    {
      "path": "LICENSE",
      "name": "BSD",
      "url": "https://github.com/dart-lang/dartdoc/blob/master/LICENSE"
    }
  ],
  "pkgResolution": {
    "dependencies": [
      {
        "package": "analyzer",
        "dependencyType": "direct",
        "constraintType": "normal",
        "constraint": "^0.33.0"
      },
      {
        "package": "args",
        "dependencyType": "direct",
        "constraintType": "normal",
        "constraint": ">=1.4.1 <2.0.0"
      },
      {
        "package": "async",
        "dependencyType": "transitive",
        "constraintType": "inherited"
      },
      {
        "package": "build",
        "dependencyType": "dev",
        "constraintType": "normal",
        "constraint": "^1.0.1"
      },
      {
        "package": "build_runner",
        "dependencyType": "dev",
        "constraintType": "normal",
        "constraint": "^1.0.0"
      },
      {
        "package": "build_version",
        "dependencyType": "dev",
        "constraintType": "normal",
        "constraint": "^1.0.0"
      },
      {
        "package": "charcode",
        "dependencyType": "transitive",
        "constraintType": "inherited"
      },
      {
        "package": "collection",
        "dependencyType": "direct",
        "constraintType": "normal",
        "constraint": "^1.2.0"
      },
      {
        "package": "convert",
        "dependencyType": "transitive",
        "constraintType": "inherited"
      },
      {
        "package": "crypto",
        "dependencyType": "direct",
        "constraintType": "normal",
        "constraint": "^2.0.6"
      },
      {
        "package": "csslib",
        "dependencyType": "transitive",
        "constraintType": "inherited"
      },
      {
        "package": "dhttpd",
        "dependencyType": "dev",
        "constraintType": "normal",
        "constraint": "^3.0.0"
      },
      {
        "package": "file",
        "dependencyType": "transitive",
        "constraintType": "inherited"
      },
      {
        "package": "front_end",
        "dependencyType": "transitive",
        "constraintType": "inherited"
      },
      {
        "package": "glob",
        "dependencyType": "dev",
        "constraintType": "normal",
        "constraint": "^1.1.5"
      },
      {
        "package": "grinder",
        "dependencyType": "dev",
        "constraintType": "normal",
        "constraint": "^0.8.2"
      },
      {
        "package": "html",
        "dependencyType": "direct",
        "constraintType": "normal",
        "constraint": ">=0.12.1 <0.14.0"
      },
      {
        "package": "http",
        "dependencyType": "dev",
        "constraintType": "normal",
        "constraint": "^0.11.0"
      },
      {
        "package": "http_parser",
        "dependencyType": "direct",
        "constraintType": "normal",
        "constraint": ">=3.0.3 <4.0.0"
      },
      {
        "package": "intl",
        "dependencyType": "transitive",
        "constraintType": "inherited"
      },
      {
        "package": "io",
        "dependencyType": "dev",
        "constraintType": "normal",
        "constraint": "^0.3.0"
      },
      {
        "package": "js",
        "dependencyType": "transitive",
        "constraintType": "inherited"
      },
      {
        "package": "kernel",
        "dependencyType": "transitive",
        "constraintType": "inherited"
      },
      {
        "package": "logging",
        "dependencyType": "direct",
        "constraintType": "normal",
        "constraint": "^0.11.3+1"
      },
      {
        "package": "markdown",
        "dependencyType": "direct",
        "constraintType": "normal",
        "constraint": "^2.0.0"
      },
      {
        "package": "matcher",
        "dependencyType": "transitive",
        "constraintType": "inherited"
      },
      {
        "package": "meta",
        "dependencyType": "dev",
        "constraintType": "normal",
        "constraint": "^1.0.0"
      },
      {
        "package": "node_interop",
        "dependencyType": "transitive",
        "constraintType": "inherited"
      },
      {
        "package": "node_io",
        "dependencyType": "transitive",
        "constraintType": "inherited"
      },
      {
        "package": "package_config",
        "dependencyType": "direct",
        "constraintType": "normal",
        "constraint": ">=0.1.5 <2.0.0"
      },
      {
        "package": "path",
        "dependencyType": "direct",
        "constraintType": "normal",
        "constraint": "^1.3.0"
      },
      {
        "package": "pedantic",
        "dependencyType": "transitive",
        "constraintType": "inherited"
      },
      {
        "package": "platform",
        "dependencyType": "transitive",
        "constraintType": "inherited"
      },
      {
        "package": "plugin",
        "dependencyType": "transitive",
        "constraintType": "inherited"
      },
      {
        "package": "process",
        "dependencyType": "direct",
        "constraintType": "normal",
        "constraint": "^3.0.5"
      },
      {
        "package": "pub_semver",
        "dependencyType": "direct",
        "constraintType": "normal",
        "constraint": "^1.3.7"
      },
      {
        "package": "quiver",
        "dependencyType": "direct",
        "constraintType": "normal",
        "constraint": "^2.0.0"
      },
      {
        "package": "resource",
        "dependencyType": "direct",
        "constraintType": "normal",
        "constraint": "^2.1.2"
      },
      {
        "package": "source_span",
        "dependencyType": "transitive",
        "constraintType": "inherited"
      },
      {
        "package": "stack_trace",
        "dependencyType": "direct",
        "constraintType": "normal",
        "constraint": "^1.4.2"
      },
      {
        "package": "string_scanner",
        "dependencyType": "transitive",
        "constraintType": "inherited"
      },
      {
        "package": "term_glyph",
        "dependencyType": "transitive",
        "constraintType": "inherited"
      },
      {
        "package": "test",
        "dependencyType": "dev",
        "constraintType": "normal",
        "constraint": "^1.3.0"
      },
      {
        "package": "typed_data",
        "dependencyType": "transitive",
        "constraintType": "inherited"
      },
      {
        "package": "utf",
        "dependencyType": "transitive",
        "constraintType": "inherited"
      },
      {
        "package": "watcher",
        "dependencyType": "transitive",
        "constraintType": "inherited"
      },
      {
        "package": "yaml",
        "dependencyType": "direct",
        "constraintType": "normal",
        "constraint": "^2.1.0"
      }
    ]
  },
  "tags": [
    "sdk:dart",
    "runtime:native-jit"
  ],
  "report": {
    "sections": [
      {
        "title": "Follow Dart file conventions",
        "grantedPoints": 10,
        "maxPoints": 20,
        "summary": "### [x] 0/10 points: Provide a valid `pubspec.yaml`\n\n<details>\n<summary>\nThe package description is too short.\n</summary>\n\nAdd more detail to the `description` field of `pubspec.yaml`. Use 60 to 180 characters to describe the package, what it does, and its target use case.\n</details>\n\n### [*] 5/5 points: Provide a valid `README.md`\n\n\n### [*] 5/5 points: Provide a valid `CHANGELOG.md`\n"
      },
      {
        "title": "Provide documentation",
        "grantedPoints": 0,
        "maxPoints": 10,
        "summary": "### [x] 0/10 points: Package has an example\n\n<details>\n<summary>\nNo example found.\n</summary>\n\nSee [package layout](https://dart.dev/tools/pub/package-layout#examples) guidelines on how to add an example.\n</details>"
      },
      {
        "title": "Support multiple platforms",
        "grantedPoints": 10,
        "maxPoints": 20,
        "summary": "### [~] 10/20 points: Supports 1 of 2 possible platforms (**native**, js)\n\nConsider supporting multiple platforms:\n\n<details>\n<summary>\nPackage not compatible with runtime js\n</summary>\n\nBecause:\n* `package:dartdoc/dartdoc.dart` that imports:\n* `package:dartdoc/src/element_type.dart` that imports:\n* `package:dartdoc/src/model.dart` that imports:\n* `package:package_config/discovery.dart` that imports:\n* `package:package_config/src/packages_io_impl.dart` that imports:\n* `package:package_config/src/util_io.dart` that imports:\n* `dart:io`\n</details>"
      },
      {
        "title": "Pass static analysis",
        "grantedPoints": 20,
        "maxPoints": 30,
        "summary": "### [~] 20/30 points: code has no errors, warnings, lints, or formatting issues\n\nFound 1887 issues. Showing the first 2:\n\n<details>\n<summary>\nINFO: Unnecessary new keyword.\n</summary>\n\n`bin/dartdoc.dart:27:5`\n\n```\n   ╷\n27 │ ┌     new DartdocOptionArgOnly<bool>('help', false,\n28 │ │         abbr: 'h', help: 'Show command help.', negatable: false),\n   │ └────────────────────────────────────────────────────────────────^\n   ╵\n```\n\nTo reproduce make sure you are using [pedantic](https://pub.dev/packages/pedantic#using-the-lints) and run `dartanalyzer bin/dartdoc.dart`\n</details>\n<details>\n<summary>\nINFO: Unnecessary new keyword.\n</summary>\n\n`bin/dartdoc.dart:29:5`\n\n```\n   ╷\n29 │ ┌     new DartdocOptionArgOnly<bool>('version', false,\n30 │ │         help: 'Display the version for $name.', negatable: false),\n   │ └─────────────────────────────────────────────────────────────────^\n   ╵\n```\n\nTo reproduce make sure you are using [pedantic](https://pub.dev/packages/pedantic#using-the-lints) and run `dartanalyzer bin/dartdoc.dart`\n</details>"
      },
      {
        "title": "Support up-to-date dependencies",
        "grantedPoints": 0,
        "maxPoints": 20,
        "summary": "### [x] 0/10 points: All of the package dependencies are supported in the latest version\n\n|Package|Constraint|Compatible|Latest|\n|:-|:-|:-|:-|\n|[`analyzer`]|`^0.33.0`|0.33.6+1|**0.39.15**|\n|[`args`]|`>=1.4.1 <2.0.0`|1.6.0|1.6.0|\n|[`collection`]|`^1.2.0`|1.14.13|1.14.13|\n|[`crypto`]|`^2.0.6`|2.1.5|2.1.5|\n|[`html`]|`>=0.12.1 <0.14.0`|0.13.4+2|**0.14.0+3**|\n|[`http_parser`]|`>=3.0.3 <4.0.0`|3.1.4|3.1.4|\n|[`logging`]|`^0.11.3+1`|0.11.4|0.11.4|\n|[`markdown`]|`^2.0.0`|2.1.5|2.1.5|\n|[`package_config`]|`>=0.1.5 <2.0.0`|1.9.3|1.9.3|\n|[`path`]|`^1.3.0`|1.7.0|1.7.0|\n|[`process`]|`^3.0.5`|3.0.13|3.0.13|\n|[`pub_semver`]|`^1.3.7`|1.4.4|1.4.4|\n|[`quiver`]|`^2.0.0`|2.1.3|2.1.3|\n|[`resource`]|`^2.1.2`|2.1.7|2.1.7|\n|[`stack_trace`]|`^1.4.2`|1.9.5|1.9.5|\n|[`yaml`]|`^2.1.0`|2.2.1|2.2.1|\n\n<details><summary>Transitive dependencies</summary>\n\n|Package|Constraint|Compatible|Latest|\n|:-|:-|:-|:-|\n|[`async`]|-|2.4.2|2.4.2|\n|[`charcode`]|-|1.1.3|1.1.3|\n|[`convert`]|-|2.1.1|2.1.1|\n|[`csslib`]|-|0.15.0|0.16.1|\n|[`file`]|-|5.2.1|5.2.1|\n|[`front_end`]|-|0.1.6+9|0.1.29|\n|[`intl`]|-|0.16.1|0.16.1|\n|[`js`]|-|0.6.2|0.6.2|\n|[`kernel`]|-|0.3.6+9|0.3.29|\n|[`matcher`]|-|0.12.9|0.12.9|\n|[`node_interop`]|-|1.1.1|1.1.1|\n|[`node_io`]|-|1.1.1|1.1.1|\n|[`pedantic`]|-|1.9.2|1.9.2|\n|[`platform`]|-|2.2.1|2.2.1|\n|[`plugin`]|-|0.2.0+3|0.2.0+3|\n|[`source_span`]|-|1.7.0|1.7.0|\n|[`string_scanner`]|-|1.0.5|1.0.5|\n|[`term_glyph`]|-|1.1.0|1.1.0|\n|[`typed_data`]|-|1.2.0|1.2.0|\n|[`utf`]|-|0.9.0+5|0.9.0+5|\n|[`watcher`]|-|0.9.7+15|0.9.7+15|\n</details>\n\nTo reproduce run `pub outdated --no-dev-dependencies --up-to-date --no-dependency-overrides`.\n\n[`analyzer`]: https://pub.dev/packages/analyzer\n[`args`]: https://pub.dev/packages/args\n[`collection`]: https://pub.dev/packages/collection\n[`crypto`]: https://pub.dev/packages/crypto\n[`html`]: https://pub.dev/packages/html\n[`http_parser`]: https://pub.dev/packages/http_parser\n[`logging`]: https://pub.dev/packages/logging\n[`markdown`]: https://pub.dev/packages/markdown\n[`package_config`]: https://pub.dev/packages/package_config\n[`path`]: https://pub.dev/packages/path\n[`process`]: https://pub.dev/packages/process\n[`pub_semver`]: https://pub.dev/packages/pub_semver\n[`quiver`]: https://pub.dev/packages/quiver\n[`resource`]: https://pub.dev/packages/resource\n[`stack_trace`]: https://pub.dev/packages/stack_trace\n[`yaml`]: https://pub.dev/packages/yaml\n[`async`]: https://pub.dev/packages/async\n[`charcode`]: https://pub.dev/packages/charcode\n[`convert`]: https://pub.dev/packages/convert\n[`csslib`]: https://pub.dev/packages/csslib\n[`file`]: https://pub.dev/packages/file\n[`front_end`]: https://pub.dev/packages/front_end\n[`intl`]: https://pub.dev/packages/intl\n[`js`]: https://pub.dev/packages/js\n[`kernel`]: https://pub.dev/packages/kernel\n[`matcher`]: https://pub.dev/packages/matcher\n[`node_interop`]: https://pub.dev/packages/node_interop\n[`node_io`]: https://pub.dev/packages/node_io\n[`pedantic`]: https://pub.dev/packages/pedantic\n[`platform`]: https://pub.dev/packages/platform\n[`plugin`]: https://pub.dev/packages/plugin\n[`source_span`]: https://pub.dev/packages/source_span\n[`string_scanner`]: https://pub.dev/packages/string_scanner\n[`term_glyph`]: https://pub.dev/packages/term_glyph\n[`typed_data`]: https://pub.dev/packages/typed_data\n[`utf`]: https://pub.dev/packages/utf\n[`watcher`]: https://pub.dev/packages/watcher\n\n<details>\n<summary>\nThe constraint `^0.33.0` on analyzer does not support the latest published version `0.39.15`\n</summary>\n\n`pubspec.yaml:11:13`\n\n```\n   ╷\n11 │   analyzer: ^0.33.0\n   │             ^^^^^^^\n   ╵\n```\n\n</details>\n<details>\n<summary>\nThe constraint `>=0.12.1 <0.14.0` on html does not support the latest published version `0.14.0+3`\n</summary>\n\n`pubspec.yaml:15:9`\n\n```\n   ╷\n15 │   html: '>=0.12.1 <0.14.0'\n   │         ^^^^^^^^^^^^^^^^^^\n   ╵\n```\n\n</details>\n\n### [x] 0/10 points: Package supports latest stable Dart and Flutter SDKs\n\n* Found no Flutter in your PATH. Could not determine the current Flutter version."
      }
    ]
  }
}