{
  "runtimeInfo": {
    "panaVersion": "{{pana-version}}",
    "sdkVersion": "{{sdk-version}}",
    "flutterVersions": {}
  },
  "packageName": "dnd",
  "packageVersion": "2.0.0",
  "pubspec": {
    "name": "dnd",
    "version": "2.0.0",
    "author": "Marco Jakob <majakob@gmx.ch>",
    "description": "Drag and Drop for Dart web apps with mouse and touch support.",
    "repository": "https://github.com/marcojakob/dart-dnd",
    "homepage": "https://code.makery.ch/library/dart-drag-and-drop/",
    "environment": {
      "sdk": ">=2.12.0 <3.0.0"
    },
    "dev_dependencies": {
      "build_runner": "^1.2.5",
      "build_web_compilers": "^2.16.4"
    }
  },
  "licenseFile": {
    "path": "LICENSE",
    "name": "MIT",
    "url": "https://github.com/marcojakob/dart-dnd/blob/master/LICENSE"
  },
  "allDependencies": [
    "build_runner",
    "build_web_compilers"
  ],
  "tags": [
    "sdk:dart",
    "sdk:flutter",
    "platform:web",
    "runtime:web",
    "is:null-safe"
  ],
  "report": {
    "sections": [
      {
        "id": "convention",
        "title": "Follow Dart file conventions",
        "grantedPoints": 20,
        "maxPoints": 20,
        "status": "passed",
        "summary": "### [*] 10/10 points: Provide a valid `pubspec.yaml`\n\n\n### [*] 5/5 points: Provide a valid `README.md`\n\n\n### [*] 5/5 points: Provide a valid `CHANGELOG.md`\n"
      },
      {
        "id": "documentation",
        "title": "Provide documentation",
        "grantedPoints": 10,
        "maxPoints": 10,
        "status": "passed",
        "summary": "### [*] 10/10 points: Package has an example\n\n* Found example at: `example/example.dart`"
      },
      {
        "id": "platform",
        "title": "Support multiple platforms",
        "grantedPoints": 10,
        "maxPoints": 20,
        "status": "partial",
        "summary": "### [~] 10/20 points: Supports 1 of 2 possible platforms (native, **js**)\n\n\nConsider supporting multiple platforms:\n\n<details>\n<summary>\nPackage not compatible with runtime native\n</summary>\n\nBecause:\n* `package:dnd/dnd.dart` that imports:\n* `dart:js`\n</details>"
      },
      {
        "id": "analysis",
        "title": "Pass static analysis",
        "grantedPoints": 30,
        "maxPoints": 30,
        "status": "passed",
        "summary": "### [*] 30/30 points: code has no errors, warnings, lints, or formatting issues\n"
      },
      {
        "id": "dependency",
        "title": "Support up-to-date dependencies",
        "grantedPoints": 20,
        "maxPoints": 20,
        "status": "passed",
        "summary": "### [*] 10/10 points: All of the package dependencies are supported in the latest version\n\nNo dependencies.\n\nTo reproduce run `dart pub outdated --no-dev-dependencies --up-to-date --no-dependency-overrides`.\n\n\n### [*] 10/10 points: Package supports latest stable Dart and Flutter SDKs\n"
      },
      {
        "id": "null-safety",
        "title": "Support sound null safety",
        "grantedPoints": 20,
        "maxPoints": 20,
        "status": "passed",
        "summary": "### [*] 20/20 points: Package and dependencies are fully migrated to null safety!\n"
      }
    ]
  },
  "urlProblems": []
}