{
  "createdAt": "2022-11-23T11:09:00.000Z",
  "runtimeInfo": {
    "panaVersion": "{{pana-version}}",
    "sdkVersion": "{{sdk-version}}",
    "flutterVersions": {}
  },
  "packageName": "dnd",
  "packageVersion": "2.0.1",
  "pubspec": {
    "name": "dnd",
    "version": "2.0.1",
    "author": "Marco Jakob <majakob@gmx.ch>",
    "description": "Drag and Drop for Dart web apps with mouse and touch support.",
    "repository": "https://github.com/marcojakob/dart-dnd",
    "homepage": "https://code.makery.ch/library/dart-drag-and-drop/",
    "environment": {
      "sdk": ">=2.12.0 <3.0.0"
    },
    "dev_dependencies": {
      "build_runner": "^1.2.5",
      "build_web_compilers": "^2.16.4"
    }
  },
  "licenseFile": {
    "path": "LICENSE",
    "name": "MIT"
  },
  "licenses": [
    {
      "path": "LICENSE",
      "spdxIdentifier": "MIT"
    }
  ],
  "allDependencies": [
    "build_runner",
    "build_web_compilers"
  ],
  "tags": [
    "sdk:dart",
    "sdk:flutter",
    "platform:web",
    "runtime:web",
    "is:null-safe",
    "is:dart3-compatible",
    "license:mit",
    "license:fsf-libre",
    "license:osi-approved"
  ],
  "report": {
    "sections": [
      {
        "id": "convention",
        "title": "Follow Dart file conventions",
        "grantedPoints": 30,
        "maxPoints": 30,
        "status": "passed",
        "summary": "### [*] 10/10 points: Provide a valid `pubspec.yaml`\n\n\n### [*] 5/5 points: Provide a valid `README.md`\n\n\n### [*] 5/5 points: Provide a valid `CHANGELOG.md`\n\n\n### [*] 10/10 points: Use an OSI-approved license\n\nDetected license: `MIT`."
      },
      {
        "id": "documentation",
        "title": "Provide documentation",
        "grantedPoints": 20,
        "maxPoints": 20,
        "status": "passed",
        "summary": "### [*] 10/10 points: 20% or more of the public API has dartdoc comments\n\n70 out of 72 API elements (97.2 %) have documentation comments.\n\nSome symbols that are missing documentation: `dnd`, `dnd.DraggablesAcceptor.draggableIds`.\n\n### [*] 10/10 points: Package has an example\n"
      },
      {
        "id": "platform",
        "title": "Platform support",
        "grantedPoints": 20,
        "maxPoints": 20,
        "status": "passed",
        "summary": "### [*] 20/20 points: Supports 1 of 6 possible platforms (iOS, Android, **Web**, Windows, macOS, Linux)\n\n* ✓ Web\n\nThese platforms are not supported:\n\n<details>\n<summary>\nPackage not compatible with platform Android\n</summary>\n\nBecause:\n* `package:dnd/dnd.dart` that imports:\n* `dart:js`\n</details>\n<details>\n<summary>\nPackage not compatible with platform iOS\n</summary>\n\nBecause:\n* `package:dnd/dnd.dart` that imports:\n* `dart:js`\n</details>\n<details>\n<summary>\nPackage not compatible with platform Windows\n</summary>\n\nBecause:\n* `package:dnd/dnd.dart` that imports:\n* `dart:js`\n</details>\n<details>\n<summary>\nPackage not compatible with platform Linux\n</summary>\n\nBecause:\n* `package:dnd/dnd.dart` that imports:\n* `dart:js`\n</details>\n<details>\n<summary>\nPackage not compatible with platform macOS\n</summary>\n\nBecause:\n* `package:dnd/dnd.dart` that imports:\n* `dart:js`\n</details>"
      },
      {
        "id": "analysis",
        "title": "Pass static analysis",
        "grantedPoints": 30,
        "maxPoints": 50,
        "status": "failed",
        "summary": "### [x] 30/50 points: code has no errors, warnings, lints, or formatting issues\n\nFound 9 issues. Showing the first 2:\n\n<details>\n<summary>\nWARNING: Unnecessary type check; the result is always 'true'.\n</summary>\n\n`lib/src/draggable_manager.dart:183:9`\n\n```\n    ╷\n183 │     if (target is Element &&\r\n    │         ^^^^^^^^^^^^^^^^^\n    ╵\n```\n\nTo reproduce make sure you are using the [lints_core](https://pub.dev/packages/lints) and run `dart analyze lib/src/draggable_manager.dart`\n</details>\n<details>\n<summary>\nINFO: The part-of directive uses a library name.\n</summary>\n\n`lib/src/draggable.dart:1:1`\n\n```\n  ╷\n1 │ part of dnd;\r\n  │ ^^^^^^^^^^^^\n  ╵\n```\n\nTo reproduce make sure you are using the [lints_core](https://pub.dev/packages/lints) and run `dart analyze lib/src/draggable.dart`\n</details>"
      },
      {
        "id": "dependency",
        "title": "Support up-to-date dependencies",
        "grantedPoints": 40,
        "maxPoints": 40,
        "status": "passed",
        "summary": "### [*] 10/10 points: All of the package dependencies are supported in the latest version\n\nNo dependencies.\n\nTo reproduce run `dart pub outdated --no-dev-dependencies --up-to-date --no-dependency-overrides`.\n\n\n### [*] 10/10 points: Package supports latest stable Dart and Flutter SDKs\n\n\n### [*] 20/20 points: Compatible with dependency constraint lower bounds\n\n`pub downgrade` does not expose any static analysis error."
      }
    ]
  },
  "screenshots": [],
  "result": {
    "homepageUrl": "https://code.makery.ch/library/dart-drag-and-drop/",
    "repositoryUrl": "https://github.com/marcojakob/dart-dnd",
    "issueTrackerUrl": "https://github.com/marcojakob/dart-dnd/issues",
    "repository": {
      "provider": "github",
      "host": "github.com",
      "repository": "marcojakob/dart-dnd",
      "branch": "master"
    },
    "grantedPoints": 140,
    "maxPoints": 160
  },
  "urlProblems": []
}
