{
  "runtimeInfo": {
    "panaVersion": "{{pana-version}}",
    "sdkVersion": "{{sdk-version}}",
    "flutterVersions": {}
  },
  "packageName": "fs_shim",
  "packageVersion": "0.7.1",
  "pubspec": {
    "name": "fs_shim",
    "description": "A portable file system implementation working on io, browser and memory (through idb_shim)",
    "version": "0.7.1",
    "author": "Tekartik <alex@tekartik.com>",
    "homepage": "https://github.com/tekartik/fs_shim.dart",
    "environment": {
      "sdk": ">=1.24.0 <2.0.0"
    },
    "dependencies": {
      "idb_shim": ">=1.4.0",
      "path": ">=1.3.9"
    },
    "test_dependencies": [
      "platform_context",
      "idb_shim"
    ],
    "dev_dependencies": {
      "test": "any",
      "dev_test": "any",
      "browser": "any",
      "platform_context": {
        "git": "https://github.com/alextekartik/platform_context.dart"
      },
      "chrome_travis": {
        "git": "git://github.com/tekartik/chrome_travis.dart",
        "version": ">=0.1.3"
      }
    },
    "transformers": [
      {
        "test/pub_serve": {
          "$include": "test/**_test.dart"
        }
      }
    ],
    "web": {
      "compiler": null
    }
  },
  "platform": {
    "reason": "Failed to scan transitive libraries."
  },
  "licenses": [
    {
      "path": "LICENSE",
      "name": "BSD",
      "url": "https://github.com/tekartik/fs_shim.dart/blob/master/LICENSE"
    }
  ],
  "dartFiles": {
    "lib/fs.dart": {
      "uri": "package:fs_shim/fs.dart",
      "size": 17558,
      "isFormatted": true,
      "codeProblems": null
    },
    "lib/fs_idb.dart": {
      "uri": "package:fs_shim/fs_idb.dart",
      "size": 328,
      "isFormatted": true,
      "codeProblems": null
    },
    "lib/fs_io.dart": {
      "uri": "package:fs_shim/fs_io.dart",
      "size": 5025,
      "isFormatted": true,
      "codeProblems": null
    },
    "lib/fs_memory.dart": {
      "uri": "package:fs_shim/fs_memory.dart",
      "size": 271,
      "isFormatted": true,
      "codeProblems": null
    },
    "lib/src/common/fs_mixin.dart": {
      "uri": "package:fs_shim/src/common/fs_mixin.dart",
      "size": 2259,
      "isFormatted": true,
      "codeProblems": null
    },
    "lib/src/common/fs_path.dart": {
      "uri": "package:fs_shim/src/common/fs_path.dart",
      "size": 36,
      "isFormatted": true,
      "codeProblems": null
    },
    "lib/src/common/import.dart": {
      "uri": "package:fs_shim/src/common/import.dart",
      "size": 382,
      "isFormatted": true,
      "codeProblems": null
    },
    "lib/src/common/memory_sink.dart": {
      "uri": "package:fs_shim/src/common/memory_sink.dart",
      "size": 742,
      "isFormatted": true,
      "codeProblems": null
    },
    "lib/src/idb/idb_directory.dart": {
      "uri": "package:fs_shim/src/idb/idb_directory.dart",
      "size": 1029,
      "isFormatted": true,
      "codeProblems": null
    },
    "lib/src/idb/idb_file.dart": {
      "uri": "package:fs_shim/src/idb/idb_file.dart",
      "size": 1704,
      "isFormatted": true,
      "codeProblems": null
    },
    "lib/src/idb/idb_file_stat.dart": {
      "uri": "package:fs_shim/src/idb/idb_file_stat.dart",
      "size": 435,
      "isFormatted": true,
      "codeProblems": null
    },
    "lib/src/idb/idb_file_system.dart": {
      "uri": "package:fs_shim/src/idb/idb_file_system.dart",
      "size": 26984,
      "isFormatted": true,
      "codeProblems": null
    },
    "lib/src/idb/idb_file_system_entity.dart": {
      "uri": "package:fs_shim/src/idb/idb_file_system_entity.dart",
      "size": 1262,
      "isFormatted": true,
      "codeProblems": null
    },
    "lib/src/idb/idb_file_system_exception.dart": {
      "uri": "package:fs_shim/src/idb/idb_file_system_exception.dart",
      "size": 1971,
      "isFormatted": true,
      "codeProblems": null
    },
    "lib/src/idb/idb_file_system_storage.dart": {
      "uri": "package:fs_shim/src/idb/idb_file_system_storage.dart",
      "size": 11956,
      "isFormatted": true,
      "codeProblems": null
    },
    "lib/src/idb/idb_fs.dart": {
      "uri": "package:fs_shim/src/idb/idb_fs.dart",
      "size": 76,
      "isFormatted": true,
      "codeProblems": null
    },
    "lib/src/idb/idb_link.dart": {
      "uri": "package:fs_shim/src/idb/idb_link.dart",
      "size": 1622,
      "isFormatted": true,
      "codeProblems": null
    },
    "lib/src/io/io_directory.dart": {
      "uri": "package:fs_shim/src/io/io_directory.dart",
      "size": 2867,
      "isFormatted": true,
      "codeProblems": null
    },
    "lib/src/io/io_file.dart": {
      "uri": "package:fs_shim/src/io/io_file.dart",
      "size": 2623,
      "isFormatted": true,
      "codeProblems": null
    },
    "lib/src/io/io_file_stat.dart": {
      "uri": "package:fs_shim/src/io/io_file_stat.dart",
      "size": 570,
      "isFormatted": true,
      "codeProblems": null
    },
    "lib/src/io/io_file_system.dart": {
      "uri": "package:fs_shim/src/io/io_file_system.dart",
      "size": 1230,
      "isFormatted": true,
      "codeProblems": null
    },
    "lib/src/io/io_file_system_entity.dart": {
      "uri": "package:fs_shim/src/io/io_file_system_entity.dart",
      "size": 1070,
      "isFormatted": true,
      "codeProblems": null
    },
    "lib/src/io/io_file_system_exception.dart": {
      "uri": "package:fs_shim/src/io/io_file_system_exception.dart",
      "size": 3711,
      "isFormatted": true,
      "codeProblems": null
    },
    "lib/src/io/io_fs.dart": {
      "uri": "package:fs_shim/src/io/io_fs.dart",
      "size": 3119,
      "isFormatted": true,
      "codeProblems": null
    },
    "lib/src/io/io_link.dart": {
      "uri": "package:fs_shim/src/io/io_link.dart",
      "size": 1011,
      "isFormatted": true,
      "codeProblems": null
    },
    "lib/utils/copy.dart": {
      "uri": "package:fs_shim/utils/copy.dart",
      "size": 4567,
      "isFormatted": false,
      "codeProblems": null
    },
    "lib/utils/entity.dart": {
      "uri": "package:fs_shim/utils/entity.dart",
      "size": 1278,
      "isFormatted": true,
      "codeProblems": null
    },
    "lib/utils/glob.dart": {
      "uri": "package:fs_shim/utils/glob.dart",
      "size": 4695,
      "isFormatted": true,
      "codeProblems": null
    },
    "lib/utils/io/copy.dart": {
      "uri": "package:fs_shim/utils/io/copy.dart",
      "size": 1339,
      "isFormatted": true,
      "codeProblems": null
    },
    "lib/utils/io/entity.dart": {
      "uri": "package:fs_shim/utils/io/entity.dart",
      "size": 1215,
      "isFormatted": true,
      "codeProblems": null
    },
    "lib/utils/io/read_write.dart": {
      "uri": "package:fs_shim/utils/io/read_write.dart",
      "size": 551,
      "isFormatted": true,
      "codeProblems": null
    },
    "lib/utils/part.dart": {
      "uri": "package:fs_shim/utils/part.dart",
      "size": 340,
      "isFormatted": true,
      "codeProblems": null
    },
    "lib/utils/path.dart": {
      "uri": "package:fs_shim/utils/path.dart",
      "size": 349,
      "isFormatted": true,
      "codeProblems": null
    },
    "lib/utils/read_write.dart": {
      "uri": "package:fs_shim/utils/read_write.dart",
      "size": 465,
      "isFormatted": true,
      "codeProblems": null
    },
    "lib/utils/src/utils_impl.dart": {
      "uri": "package:fs_shim/utils/src/utils_impl.dart",
      "size": 22969,
      "isFormatted": false,
      "codeProblems": null
    }
  },
  "stats": {
    "analyzeProcessElapsed": 1234,
    "formatProcessElapsed": 567,
    "resolveProcessElapsed": 899,
    "totalElapsed": 4567
  },
  "tags": [],
  "report": {
    "sections": [
      {
        "title": "Follow Dart file conventions",
        "grantedPoints": 10,
        "maxPoints": 20,
        "summary": "### [x] 0/10 points: Provide a valid `pubspec.yaml`\n\n<details>\n<summary>\nSdk-constraint doesn't allow future stable dart 2.x releases\n</summary>\n\n`pubspec.yaml:8:8`\n\n```\n  ╷\n8 │   sdk: '>=1.24.0 <2.0.0'\n  │        ^^^^^^^^^^^^^^^^^\n  ╵\n```\n\n</details>\n\n### [*] 5/5 points: Provide a valid `README.md`\n\n\n### [*] 5/5 points: Provide a valid `CHANGELOG.md`\n"
      },
      {
        "title": "Provide documentation",
        "grantedPoints": 0,
        "maxPoints": 10,
        "summary": "### [x] 0/10 points: Package has an example\n\n<details>\n<summary>\nNo example found.\n</summary>\n\nSee [package layout](https://dart.dev/tools/pub/package-layout#examples) guidelines on how to add an example.\n</details>"
      },
      {
        "title": "Support multiple platforms",
        "grantedPoints": 0,
        "maxPoints": 20,
        "summary": "### [x] 0/20 points: Supports 0 of 2 possible platforms (native, js)\n\n<details>\n<summary>\nPackage resolution failed. Could not determine platforms.\n</summary>\n\nRun `pub get` for more information.\n</details>"
      },
      {
        "title": "Pass static analysis",
        "grantedPoints": 0,
        "maxPoints": 30,
        "summary": "### [x] 0/30 points: code has no errors, warnings, lints, or formatting issues\n\nFound 621 issues. Showing the first 2:\n\n<details>\n<summary>\nERROR: Target of URI doesn't exist: 'package:path/path.dart'.\n</summary>\n\n`lib/fs.dart:12:8`\n\n```\n   ╷\n12 │ import 'package:path/path.dart';\n   │        ^^^^^^^^^^^^^^^^^^^^^^^^\n   ╵\n```\n\nTo reproduce make sure you are using [pedantic](https://pub.dev/packages/pedantic#using-the-lints) and run `dartanalyzer lib/fs.dart`\n</details>\n<details>\n<summary>\nERROR: The default value of an optional parameter must be constant.\n</summary>\n\n`lib/fs.dart:179:58`\n\n```\n    ╷\n179 │       {FileMode mode: FileMode.WRITE, Encoding encoding: UTF8});\n    │                                                          ^^^^\n    ╵\n```\n\nTo reproduce make sure you are using [pedantic](https://pub.dev/packages/pedantic#using-the-lints) and run `dartanalyzer lib/fs.dart`\n</details>"
      },
      {
        "title": "Support up-to-date dependencies",
        "grantedPoints": 0,
        "maxPoints": 20,
        "summary": "### [x] 0/10 points: All of the package dependencies are supported in the latest version\n\n<details>\n<summary>\nSdk constraint doesn't support current Dart version 2.8.3. Cannot run `pub outdated`.\n</summary>\n\n`pubspec.yaml:8:8`\n\n```\n  ╷\n8 │   sdk: '>=1.24.0 <2.0.0'\n  │        ^^^^^^^^^^^^^^^^^\n  ╵\n```\n\n</details>\n\n### [x] 0/10 points: Package supports latest stable Dart and Flutter SDKs\n\n<details>\n<summary>\nThe current sdk constraint does not allow the latest stable Dart (2.8.3)\n</summary>\n\n`pubspec.yaml:8:8`\n\n```\n  ╷\n8 │   sdk: '>=1.24.0 <2.0.0'\n  │        ^^^^^^^^^^^^^^^^^\n  ╵\n```\n\nTry widening the upper boundary of the constraint.\n</details>\n* Found no Flutter in your PATH. Could not determine the current Flutter version."
      }
    ]
  },
  "errorMessage": "Running `pub upgrade` failed with the following output:\n\n```\nERR: The current Dart SDK version is {{sdk-version}}.\n \n Because fs_shim requires SDK version >=1.24.0 <2.0.0, version solving failed.\n```"
}