{
  "runtimeInfo": {
    "panaVersion": "{{pana-version}}",
    "sdkVersion": "{{sdk-version}}",
    "flutterVersions": {}
  },
  "packageName": "http",
  "packageVersion": "0.13.0",
  "pubspec": {
    "name": "http",
    "version": "0.13.0",
    "homepage": "https://github.com/dart-lang/http",
    "description": "A composable, multi-platform, Future-based API for HTTP requests.",
    "environment": {
      "sdk": ">=2.12.0-0 <3.0.0"
    },
    "dependencies": {
      "http_parser": "^4.0.0",
      "meta": "^1.3.0",
      "path": "^1.8.0",
      "pedantic": "^1.10.0"
    },
    "dev_dependencies": {
      "shelf": "^1.0.0-nullsafety.0",
      "test": "^1.16.0-nullsafety.4"
    }
  },
  "licenseFile": {
    "path": "LICENSE",
    "name": "BSD",
    "url": "https://github.com/dart-lang/http/blob/master/LICENSE"
  },
  "allDependencies": [
    "charcode",
    "collection",
    "http_parser",
    "meta",
    "path",
    "pedantic",
    "shelf",
    "source_span",
    "string_scanner",
    "term_glyph",
    "test",
    "typed_data"
  ],
  "tags": [
    "sdk:dart",
    "sdk:flutter",
    "platform:android",
    "platform:ios",
    "platform:windows",
    "platform:linux",
    "platform:macos",
    "platform:web",
    "runtime:native-aot",
    "runtime:native-jit",
    "runtime:web",
    "is:null-safe"
  ],
  "report": {
    "sections": [
      {
        "id": "convention",
        "title": "Follow Dart file conventions",
        "grantedPoints": 20,
        "maxPoints": 20,
        "status": "passed",
        "summary": "### [*] 10/10 points: Provide a valid `pubspec.yaml`\n\n\n### [*] 5/5 points: Provide a valid `README.md`\n\n\n### [*] 5/5 points: Provide a valid `CHANGELOG.md`\n"
      },
      {
        "id": "documentation",
        "title": "Provide documentation",
        "grantedPoints": 10,
        "maxPoints": 10,
        "status": "passed",
        "summary": "### [*] 10/10 points: Package has an example\n\n* Found example at: `example/main.dart`"
      },
      {
        "id": "platform",
        "title": "Support multiple platforms",
        "grantedPoints": 20,
        "maxPoints": 20,
        "status": "passed",
        "summary": "### [*] 20/20 points: Supports 2 of 2 possible platforms (**native**, **js**)\n"
      },
      {
        "id": "analysis",
        "title": "Pass static analysis",
        "grantedPoints": 30,
        "maxPoints": 30,
        "status": "passed",
        "summary": "### [*] 30/30 points: code has no errors, warnings, lints, or formatting issues\n"
      },
      {
        "id": "dependency",
        "title": "Support up-to-date dependencies",
        "grantedPoints": 20,
        "maxPoints": 20,
        "status": "passed",
        "summary": "### [*] 10/10 points: All of the package dependencies are supported in the latest version\n\n|Package|Constraint|Compatible|Latest|\n|:-|:-|:-|:-|\n|[`http_parser`]|`^4.0.0`|4.0.0|4.0.0|\n|[`meta`]|`^1.3.0`|1.4.0|1.4.0|\n|[`path`]|`^1.8.0`|1.8.0|1.8.0|\n|[`pedantic`]|`^1.10.0`|1.11.0|1.11.0|\n\n<details><summary>Transitive dependencies</summary>\n\n|Package|Constraint|Compatible|Latest|\n|:-|:-|:-|:-|\n|[`charcode`]|-|1.2.0|1.2.0|\n|[`collection`]|-|1.15.0|1.15.0|\n|[`source_span`]|-|1.8.1|1.8.1|\n|[`string_scanner`]|-|1.1.0|1.1.0|\n|[`term_glyph`]|-|1.2.0|1.2.0|\n|[`typed_data`]|-|1.3.0|1.3.0|\n</details>\n\nTo reproduce run `dart pub outdated --no-dev-dependencies --up-to-date --no-dependency-overrides`.\n\n[`http_parser`]: https://pub.dev/packages/http_parser\n[`meta`]: https://pub.dev/packages/meta\n[`path`]: https://pub.dev/packages/path\n[`pedantic`]: https://pub.dev/packages/pedantic\n[`charcode`]: https://pub.dev/packages/charcode\n[`collection`]: https://pub.dev/packages/collection\n[`source_span`]: https://pub.dev/packages/source_span\n[`string_scanner`]: https://pub.dev/packages/string_scanner\n[`term_glyph`]: https://pub.dev/packages/term_glyph\n[`typed_data`]: https://pub.dev/packages/typed_data\n\n\n### [*] 10/10 points: Package supports latest stable Dart and Flutter SDKs\n"
      },
      {
        "id": "null-safety",
        "title": "Support sound null safety",
        "grantedPoints": 20,
        "maxPoints": 20,
        "status": "passed",
        "summary": "### [*] 20/20 points: Package and dependencies are fully migrated to null safety!\n"
      }
    ]
  },
  "urlProblems": []
}