{
  "runtimeInfo": {
    "panaVersion": "{{pana-version}}",
    "sdkVersion": "{{sdk-version}}",
    "flutterVersions": {}
  },
  "packageName": "mime_type",
  "packageVersion": "0.3.2",
  "pubspec": {
    "name": "mime_type",
    "version": "0.3.2",
    "authors": [
      "Terry Mitsuoka <TerryMitsuoka@gmail.com>",
      "Robert Beyer <4sternrb@googlemail.com>",
      "Leo rignaneseleo <dev.rignaneseleo@gmail.com>"
    ],
    "description": "MIME type library for Dart HTTP server applications.",
    "homepage": "https://github.com/mitsuoka/mime_type",
    "environment": {
      "sdk": ">=0.8.10 <3.0.0"
    }
  },
  "allDependencies": [],
  "tags": [
    "sdk:dart",
    "sdk:flutter",
    "platform:android",
    "platform:ios",
    "platform:windows",
    "platform:linux",
    "platform:macos",
    "platform:web",
    "runtime:native-aot",
    "runtime:native-jit",
    "runtime:web"
  ],
  "report": {
    "sections": [
      {
        "id": "convention",
        "title": "Follow Dart file conventions",
        "grantedPoints": 5,
        "maxPoints": 20,
        "status": "failed",
        "summary": "### [x] 0/10 points: Provide a valid `pubspec.yaml`\n\n<details>\n<summary>\nThe package description is too short.\n</summary>\n\nAdd more detail to the `description` field of `pubspec.yaml`. Use 60 to 180 characters to describe the package, what it does, and its target use case.\n</details>\n\n### [x] 0/5 points: Provide a valid `README.md`\n\n<details>\n<summary>\nLinks in `README.md` should be secure. 1 link is insecure.\n</summary>\n\n`README.md:42:35`\n\n```\n   ╷\n42 │ <p>This library is licensed under <a href=\"http://www.opensource.org/licenses/mit-license.php\">MIT License</a>.</p>\n   │                                   ^^^^^^^^^^^^^^^^^^^^^^^^^^^^^^^^^^^^^^^^^^^^^^^^^^^^^^^^^^^^^\n   ╵\n```\n\nUse `https` URLs instead.\n</details>\n\n### [*] 5/5 points: Provide a valid `CHANGELOG.md`\n"
      },
      {
        "id": "documentation",
        "title": "Provide documentation",
        "grantedPoints": 0,
        "maxPoints": 10,
        "status": "failed",
        "summary": "### [x] 0/10 points: Package has an example\n\n<details>\n<summary>\nNo example found.\n</summary>\n\nSee [package layout](https://dart.dev/tools/pub/package-layout#examples) guidelines on how to add an example.\n</details>"
      },
      {
        "id": "platform",
        "title": "Support multiple platforms",
        "grantedPoints": 20,
        "maxPoints": 20,
        "status": "passed",
        "summary": "### [*] 20/20 points: Supports 2 of 2 possible platforms (**native**, **js**)\n"
      },
      {
        "id": "analysis",
        "title": "Pass static analysis",
        "grantedPoints": 30,
        "maxPoints": 30,
        "status": "passed",
        "summary": "### [*] 30/30 points: code has no errors, warnings, lints, or formatting issues\n"
      },
      {
        "id": "dependency",
        "title": "Support up-to-date dependencies",
        "grantedPoints": 20,
        "maxPoints": 20,
        "status": "passed",
        "summary": "### [*] 10/10 points: All of the package dependencies are supported in the latest version\n\nNo dependencies.\n\nTo reproduce run `dart pub outdated --no-dev-dependencies --up-to-date --no-dependency-overrides`.\n\n\n### [*] 10/10 points: Package supports latest stable Dart and Flutter SDKs\n"
      },
      {
        "id": "null-safety",
        "title": "Support sound null safety",
        "grantedPoints": 0,
        "maxPoints": 20,
        "status": "partial",
        "summary": "### [~] 0/20 points: Package does not opt in to null safety.\n\n<details>\n<summary>\nPackage language version (indicated by the sdk constraint `>=0.8.10 <3.0.0`) is less than 2.12.\n</summary>\n\nConsider [migrating](https://dart.dev/null-safety/migration-guide).\n</details>"
      }
    ]
  },
  "urlProblems": []
}