{
  "createdAt": "2022-11-23T11:09:00.000Z",
  "runtimeInfo": {
    "panaVersion": "{{pana-version}}",
    "sdkVersion": "{{sdk-version}}",
    "flutterVersions": {}
  },
  "packageName": "nsd_android",
  "packageVersion": "1.2.2",
  "pubspec": {
    "name": "nsd_android",
    "description": "Flutter network service discovery plugin (Android submodule - will be installed with the parent plugin).",
    "version": "1.2.2",
    "repository": "https://github.com/sebastianhaberey/nsd/tree/main/nsd_android",
    "issue_tracker": "https://github.com/sebastianhaberey/nsd/issues",
    "environment": {
      "sdk": ">=2.12.0 <3.0.0",
      "flutter": ">=1.20.0"
    },
    "dependencies": {
      "flutter": {
        "sdk": "flutter"
      }
    },
    "flutter": {
      "plugin": {
        "platforms": {
          "android": {
            "package": "com.haberey.flutter.nsd_android",
            "pluginClass": "NsdAndroidPlugin"
          }
        }
      }
    }
  },
  "licenseFile": {
    "path": "LICENSE",
    "name": "MIT"
  },
  "licenses": [
    {
      "path": "LICENSE",
      "spdxIdentifier": "MIT"
    }
  ],
  "allDependencies": [
    "characters",
    "collection",
    "flutter",
    "material_color_utilities",
    "meta",
    "sky_engine",
    "vector_math",
    "web"
  ],
  "tags": [
    "sdk:flutter",
    "platform:android",
    "is:plugin",
    "is:null-safe",
    "is:dart3-compatible",
    "license:mit",
    "license:fsf-libre",
    "license:osi-approved"
  ],
  "report": {
    "sections": [
      {
        "id": "convention",
        "title": "Follow Dart file conventions",
        "grantedPoints": 30,
        "maxPoints": 30,
        "status": "passed",
        "summary": "### [*] 10/10 points: Provide a valid `pubspec.yaml`\n\n\n### [*] 5/5 points: Provide a valid `README.md`\n\n\n### [*] 5/5 points: Provide a valid `CHANGELOG.md`\n\n\n### [*] 10/10 points: Use an OSI-approved license\n\nDetected license: `MIT`."
      },
      {
        "id": "documentation",
        "title": "Provide documentation",
        "grantedPoints": 0,
        "maxPoints": 10,
        "status": "failed",
        "summary": "### [x] 0/10 points: Package has an example\n\n<details>\n<summary>\nNo example found.\n</summary>\n\nSee [package layout](https://dart.dev/tools/pub/package-layout#examples) guidelines on how to add an example.\n</details>"
      },
      {
        "id": "platform",
        "title": "Platform support",
        "grantedPoints": 20,
        "maxPoints": 20,
        "status": "passed",
        "summary": "### [*] 20/20 points: Supports 1 of 6 possible platforms (iOS, **Android**, Web, Windows, macOS, Linux)\n\n* âœ“ Android\n\nThese platforms are not supported:\n\n<details>\n<summary>\nPackage does not support platform `iOS`.\n</summary>\n\nBecause:\n* `nsd_android` that declares support for platforms: `Android`.\n</details>\n<details>\n<summary>\nPackage does not support platform `Windows`.\n</summary>\n\nBecause:\n* `nsd_android` that declares support for platforms: `Android`.\n</details>\n<details>\n<summary>\nPackage does not support platform `Linux`.\n</summary>\n\nBecause:\n* `nsd_android` that declares support for platforms: `Android`.\n</details>\n<details>\n<summary>\nPackage does not support platform `macOS`.\n</summary>\n\nBecause:\n* `nsd_android` that declares support for platforms: `Android`.\n</details>\n<details>\n<summary>\nPackage does not support platform `Web`.\n</summary>\n\nBecause:\n* `nsd_android` that declares support for platforms: `Android`.\n</details>"
      },
      {
        "id": "analysis",
        "title": "Pass static analysis",
        "grantedPoints": 50,
        "maxPoints": 50,
        "status": "passed",
        "summary": "### [*] 50/50 points: code has no errors, warnings, lints, or formatting issues\n"
      },
      {
        "id": "dependency",
        "title": "Support up-to-date dependencies",
        "grantedPoints": 20,
        "maxPoints": 20,
        "status": "passed",
        "summary": "### [*] 10/10 points: All of the package dependencies are supported in the latest version\n\n|Package|Constraint|Compatible|Latest|\n|:-|:-|:-|:-|\n|[`flutter`]|`flutter`|0.0.0|0.0.0|\n\n<details><summary>Transitive dependencies</summary>\n\n|Package|Constraint|Compatible|Latest|\n|:-|:-|:-|:-|\n|[`characters`]|-|1.3.0|1.3.0|\n|[`collection`]|-|1.18.0|1.18.0|\n|[`material_color_utilities`]|-|0.5.0|0.8.0|\n|[`meta`]|-|1.10.0|1.11.0|\n|[`sky_engine`]|-|0.0.99|0.0.99|\n|[`vector_math`]|-|2.1.4|2.1.4|\n|[`web`]|-|0.3.0|0.3.0|\n</details>\n\nTo reproduce run `dart pub outdated --no-dev-dependencies --up-to-date --no-dependency-overrides`.\n\n[`flutter`]: https://pub.dev/packages/flutter\n[`characters`]: https://pub.dev/packages/characters\n[`collection`]: https://pub.dev/packages/collection\n[`material_color_utilities`]: https://pub.dev/packages/material_color_utilities\n[`meta`]: https://pub.dev/packages/meta\n[`sky_engine`]: https://pub.dev/packages/sky_engine\n[`vector_math`]: https://pub.dev/packages/vector_math\n[`web`]: https://pub.dev/packages/web\n\n\n### [*] 10/10 points: Package supports latest stable Dart and Flutter SDKs\n"
      }
    ]
  },
  "screenshots": [],
  "result": {
    "repositoryUrl": "https://github.com/sebastianhaberey/nsd/tree/main/nsd_android",
    "issueTrackerUrl": "https://github.com/sebastianhaberey/nsd/issues",
    "repository": {
      "provider": "github",
      "host": "github.com",
      "repository": "sebastianhaberey/nsd",
      "branch": "main",
      "path": "nsd_android"
    },
    "grantedPoints": 120,
    "maxPoints": 130
  },
  "urlProblems": []
}
