{
  "runtimeInfo": {
    "panaVersion": "{{pana-version}}",
    "sdkVersion": "{{sdk-version}}",
    "flutterVersions": {}
  },
  "packageName": "nsd_android",
  "packageVersion": "1.2.0",
  "pubspec": {
    "name": "nsd_android",
    "description": "Flutter network service discovery plugin (Android submodule - will be installed with the parent plugin).",
    "version": "1.2.0",
    "repository": "https://github.com/sebastianhaberey/nsd/tree/main/nsd_android",
    "issue_tracker": "https://github.com/sebastianhaberey/nsd/issues",
    "environment": {
      "sdk": ">=2.12.0 <3.0.0",
      "flutter": ">=1.20.0"
    },
    "dependencies": {
      "flutter": {
        "sdk": "flutter"
      }
    },
    "flutter": {
      "plugin": {
        "platforms": {
          "android": {
            "package": "com.haberey.flutter.nsd_android",
            "pluginClass": "NsdAndroidPlugin"
          }
        }
      }
    }
  },
  "licenseFile": {
    "path": "LICENSE",
    "name": "MIT"
  },
  "licenses": [
    {
      "path": "LICENSE",
      "spdxIdentifier": "MIT"
    }
  ],
  "tags": [
    "license:mit",
    "license:fsf-libre",
    "license:osi-approved"
  ],
  "report": {
    "sections": [
      {
        "id": "convention",
        "title": "Follow Dart file conventions",
        "grantedPoints": 20,
        "maxPoints": 20,
        "status": "passed",
        "summary": "### [*] 10/10 points: Provide a valid `pubspec.yaml`\n\n\n### [*] 5/5 points: Provide a valid `README.md`\n\n\n### [*] 5/5 points: Provide a valid `CHANGELOG.md`\n"
      },
      {
        "id": "documentation",
        "title": "Provide documentation",
        "grantedPoints": 10,
        "maxPoints": 10,
        "status": "passed",
        "summary": "### [*] 10/10 points: Package has an example\n"
      },
      {
        "id": "platform",
        "title": "Platform support",
        "grantedPoints": 0,
        "maxPoints": 20,
        "status": "failed",
        "summary": "### [x] 0/20 points: Platform support detection failed\n\n<details>\n<summary>\nCould not determine supported platforms as package resolution failed.\n</summary>\n\nRun `flutter pub get` for more information.\n</details>"
      },
      {
        "id": "analysis",
        "title": "Pass static analysis",
        "grantedPoints": 30,
        "maxPoints": 30,
        "status": "passed",
        "summary": "### [*] 30/30 points: code has no errors, warnings, lints, or formatting issues\n"
      },
      {
        "id": "dependency",
        "title": "Support up-to-date dependencies",
        "grantedPoints": 10,
        "maxPoints": 20,
        "status": "failed",
        "summary": "### [x] 0/10 points: All of the package dependencies are supported in the latest version\n\n* Could not run `flutter pub outdated`: `dart pub get` failed:\n\n```\nOUT:\nResolving dependencies...\nERR:\nBecause every version of flutter from sdk depends on vector_math 2.1.2 which doesn't match any versions, flutter from sdk is forbidden.\nSo, because nsd_android depends on flutter from sdk, version solving failed.\n```\n\n### [*] 10/10 points: Package supports latest stable Dart and Flutter SDKs\n"
      },
      {
        "id": "null-safety",
        "title": "Support sound null safety",
        "grantedPoints": 0,
        "maxPoints": 20,
        "status": "failed",
        "summary": "### [x] 0/20 points: Unable to detect null safety\n\n<details>\n<summary>\nPackage resolution failed. Could not determine null safety.\n</summary>\n\nRun `dart pub get` for more information.\n</details>"
      }
    ]
  },
  "screenshots": [],
  "result": {
    "repositoryUrl": "https://github.com/sebastianhaberey/nsd/tree/main/nsd_android",
    "issueTrackerUrl": "https://github.com/sebastianhaberey/nsd/issues"
  },
  "repository": {
    "baseUrl": "https://github.com/sebastianhaberey/nsd",
    "branch": "main",
    "packagePath": "nsd_android",
    "isVerified": true
  },
  "urlProblems": [],
  "errorMessage": "Running `flutter pub upgrade` failed with the following output:\n\n```\nERR: Because every version of flutter from sdk depends on vector_math 2.1.2 which doesn't match any versions, flutter from sdk is forbidden.\n So, because nsd_android depends on flutter from sdk, version solving failed.\n```"
}
