{
  "createdAt": "2022-11-23T11:09:00.000Z",
  "runtimeInfo": {
    "panaVersion": "{{pana-version}}",
    "sdkVersion": "{{sdk-version}}",
    "flutterVersions": {}
  },
  "packageName": "onepub",
  "packageVersion": "1.1.0",
  "pubspec": {
    "name": "onepub",
    "version": "1.1.0",
    "homepage": "https://github.com/noojee/onepub.dev",
    "description": "Command line tools for onepub.dev including a replacement pub command.",
    "environment": {
      "sdk": ">=2.14.0 <3.0.0"
    },
    "dependencies": {
      "dcli": "^1.15.5"
    },
    "dev_dependencies": {
      "lints": "^1.0.0"
    },
    "executables": {
      "onepub": null,
      "pub": null,
      "pubd": null
    }
  },
  "licenseFile": {
    "path": "LICENSE",
    "name": "unknown"
  },
  "licenses": [
    {
      "path": "LICENSE",
      "spdxIdentifier": "unknown"
    }
  ],
  "allDependencies": [
    "archive",
    "args",
    "async",
    "basic_utils",
    "boolean_selector",
    "characters",
    "chunked_stream",
    "circular_buffer",
    "clock",
    "collection",
    "convert",
    "crypto",
    "csv",
    "dart_console",
    "dart_console2",
    "dcli",
    "dcli_common",
    "dcli_core",
    "dcli_terminal",
    "equatable",
    "ffi",
    "file",
    "file_utils",
    "fixnum",
    "functional_data",
    "glob",
    "globbing",
    "http",
    "http_parser",
    "ini",
    "intl",
    "js",
    "json2yaml",
    "json_annotation",
    "lints",
    "lists",
    "logging",
    "matcher",
    "meta",
    "mime",
    "native_synchronization",
    "path",
    "pointycastle",
    "posix",
    "pub_semver",
    "pubspec2",
    "pubspec_lock",
    "pubspec_manager",
    "quiver",
    "random_string",
    "runtime_named_locks",
    "runtime_native_semaphores",
    "scope",
    "settings_yaml",
    "source_span",
    "sprintf",
    "stack_trace",
    "stacktrace_impl",
    "stream_channel",
    "string_scanner",
    "strings",
    "sum_types",
    "system_info2",
    "term_glyph",
    "test_api",
    "typed_data",
    "unicode",
    "uuid",
    "validators2",
    "vin_decoder",
    "win32",
    "yaml"
  ],
  "tags": [
    "sdk:dart",
    "sdk:flutter",
    "platform:linux",
    "platform:macos",
    "platform:windows",
    "runtime:native-aot",
    "runtime:native-jit",
    "is:null-safe",
    "is:wasm-ready",
    "is:dart3-compatible",
    "license:unknown"
  ],
  "report": {
    "sections": [
      {
        "id": "convention",
        "title": "Follow Dart file conventions",
        "grantedPoints": 10,
        "maxPoints": 30,
        "status": "failed",
        "summary": "### [x] 0/10 points: Provide a valid `pubspec.yaml`\n\n<details>\n<summary>\nFailed to verify repository URL.\n</summary>\n\nPlease provide a valid [`repository`](https://dart.dev/tools/pub/pubspec#repository) URL in `pubspec.yaml`, such that:\n\n * `repository` can be cloned,\n * a clone of the repository contains a `pubspec.yaml`, which:,\n    * contains `name: onepub`,\n    * contains a `version` property, and,\n    * does not contain a `publish_to` property.\n\n`pubspec.yaml` from the repository URL mismatch: expected `https://github.com/noojee/onepub.dev` but got `https://github.com/onepub-dev/onepub`.\n</details>\n\n### [*] 5/5 points: Provide a valid `README.md`\n\n\n### [*] 5/5 points: Provide a valid `CHANGELOG.md`\n\n\n### [x] 0/10 points: Use an OSI-approved license\n\n<details>\n<summary>\nNo license was recognized.\n</summary>\n\nConsider using an [OSI-approved license](https://opensource.org/licenses) in the `LICENSE` file to make it more accessible to the community.\n</details>"
      },
      {
        "id": "documentation",
        "title": "Provide documentation",
        "grantedPoints": 10,
        "maxPoints": 20,
        "status": "failed",
        "summary": "### [*] 10/10 points: 20% or more of the public API has dartdoc comments\n\n0 out of 0 API elements (100.0 %) have documentation comments.\n\n### [x] 0/10 points: Package has an example\n\n<details>\n<summary>\nNo example found.\n</summary>\n\nSee [package layout](https://dart.dev/tools/pub/package-layout#examples) guidelines on how to add an example.\n</details>"
      },
      {
        "id": "platform",
        "title": "Platform support",
        "grantedPoints": 20,
        "maxPoints": 20,
        "status": "passed",
        "summary": "### [*] 20/20 points: Supports 3 of 6 possible platforms (iOS, Android, Web, **Windows**, **macOS**, **Linux**)\n\n* ✓ Linux\n* ✓ macOS\n* ✓ Windows\n\nThese platforms are not supported:\n\n<details>\n<summary>\nAndroid\n</summary>\n\nCannot assign Android automatically to a binary only package.\n</details>\n<details>\n<summary>\niOS\n</summary>\n\nCannot assign iOS automatically to a binary only package.\n</details>\n<details>\n<summary>\nWeb\n</summary>\n\nCannot assign Web automatically to a binary only package.\n</details>"
      },
      {
        "id": "analysis",
        "title": "Pass static analysis",
        "grantedPoints": 50,
        "maxPoints": 50,
        "status": "passed",
        "summary": "### [*] 50/50 points: code has no errors, warnings, lints, or formatting issues\n"
      },
      {
        "id": "dependency",
        "title": "Support up-to-date dependencies",
        "grantedPoints": 30,
        "maxPoints": 40,
        "status": "failed",
        "summary": "### [x] 0/10 points: All of the package dependencies are supported in the latest version\n\n|Package|Constraint|Compatible|Latest|\n|:-|:-|:-|:-|\n|[`dcli`]|`^1.15.5`|1.36.2|**4.0.1**|\n\n<details><summary>Transitive dependencies</summary>\n\n|Package|Constraint|Compatible|Latest|\n|:-|:-|:-|:-|\n|[`archive`]|-|3.6.0|3.6.0|\n|[`args`]|-|2.5.0|2.5.0|\n|[`async`]|-|2.11.0|2.11.0|\n|[`basic_utils`]|-|3.9.4|5.7.0|\n|[`boolean_selector`]|-|2.1.1|2.1.1|\n|[`characters`]|-|1.3.0|1.3.0|\n|[`chunked_stream`]|-|1.4.2|1.4.2|\n|[`circular_buffer`]|-|0.11.0|0.11.0|\n|[`clock`]|-|1.1.1|1.1.1|\n|[`collection`]|-|1.18.0|1.18.0|\n|[`convert`]|-|3.1.1|3.1.1|\n|[`crypto`]|-|3.0.3|3.0.3|\n|[`csv`]|-|5.1.1|6.0.0|\n|[`dart_console2`]|-|2.0.1|3.1.1|\n|[`dcli_core`]|-|1.36.2|4.0.0|\n|[`equatable`]|-|2.0.5|2.0.5|\n|[`ffi`]|-|2.1.2|2.1.2|\n|[`file`]|-|6.1.4|7.0.0|\n|[`file_utils`]|-|1.0.1|1.0.1|\n|[`functional_data`]|-|1.2.0|1.2.0|\n|[`glob`]|-|2.1.2|2.1.2|\n|[`globbing`]|-|1.0.0|1.0.0|\n|[`http`]|-|0.13.6|1.2.1|\n|[`http_parser`]|-|4.0.2|4.0.2|\n|[`ini`]|-|2.1.0|2.1.0|\n|[`intl`]|-|0.17.0|0.19.0|\n|[`js`]|-|0.7.1|0.7.1|\n|[`json2yaml`]|-|3.0.1|3.0.1|\n|[`json_annotation`]|-|4.9.0|4.9.0|\n|[`logging`]|-|1.2.0|1.2.0|\n|[`matcher`]|-|0.12.16+1|0.12.16+1|\n|[`meta`]|-|1.15.0|1.15.0|\n|[`mime`]|-|1.0.5|1.0.5|\n|[`path`]|-|1.9.0|1.9.0|\n|[`pointycastle`]|-|3.9.1|3.9.1|\n|[`posix`]|-|4.1.0|6.0.1|\n|[`pub_semver`]|-|2.1.4|2.1.4|\n|[`pubspec2`]|-|2.4.2|4.0.0|\n|[`pubspec_lock`]|-|3.0.2|3.0.2|\n|[`quiver`]|-|3.2.1|3.2.1|\n|[`random_string`]|-|2.3.1|2.3.1|\n|[`scope`]|-|3.0.0|4.1.0|\n|[`settings_yaml`]|-|4.0.1|8.1.0|\n|[`source_span`]|-|1.10.0|1.10.0|\n|[`stack_trace`]|-|1.11.1|1.11.1|\n|[`stacktrace_impl`]|-|2.3.0|2.3.0|\n|[`stream_channel`]|-|2.1.2|2.1.2|\n|[`string_scanner`]|-|1.2.0|1.2.0|\n|[`sum_types`]|-|0.3.5|0.3.5|\n|[`system_info2`]|-|2.0.4|4.0.0|\n|[`term_glyph`]|-|1.2.1|1.2.1|\n|[`test_api`]|-|0.7.1|0.7.1|\n|[`typed_data`]|-|1.3.2|1.3.2|\n|[`uuid`]|-|3.0.7|4.4.0|\n|[`validators2`]|-|3.0.0|5.0.0|\n|[`vin_decoder`]|-|0.2.1-nullsafety|0.2.1-nullsafety|\n|[`win32`]|-|3.1.4|5.5.1|\n|[`yaml`]|-|3.1.2|3.1.2|\n</details>\n\nTo reproduce run `dart pub outdated --no-dev-dependencies --up-to-date --no-dependency-overrides`.\n\n[`dcli`]: https://pub.dev/packages/dcli\n[`archive`]: https://pub.dev/packages/archive\n[`args`]: https://pub.dev/packages/args\n[`async`]: https://pub.dev/packages/async\n[`basic_utils`]: https://pub.dev/packages/basic_utils\n[`boolean_selector`]: https://pub.dev/packages/boolean_selector\n[`characters`]: https://pub.dev/packages/characters\n[`chunked_stream`]: https://pub.dev/packages/chunked_stream\n[`circular_buffer`]: https://pub.dev/packages/circular_buffer\n[`clock`]: https://pub.dev/packages/clock\n[`collection`]: https://pub.dev/packages/collection\n[`convert`]: https://pub.dev/packages/convert\n[`crypto`]: https://pub.dev/packages/crypto\n[`csv`]: https://pub.dev/packages/csv\n[`dart_console2`]: https://pub.dev/packages/dart_console2\n[`dcli_core`]: https://pub.dev/packages/dcli_core\n[`equatable`]: https://pub.dev/packages/equatable\n[`ffi`]: https://pub.dev/packages/ffi\n[`file`]: https://pub.dev/packages/file\n[`file_utils`]: https://pub.dev/packages/file_utils\n[`functional_data`]: https://pub.dev/packages/functional_data\n[`glob`]: https://pub.dev/packages/glob\n[`globbing`]: https://pub.dev/packages/globbing\n[`http`]: https://pub.dev/packages/http\n[`http_parser`]: https://pub.dev/packages/http_parser\n[`ini`]: https://pub.dev/packages/ini\n[`intl`]: https://pub.dev/packages/intl\n[`js`]: https://pub.dev/packages/js\n[`json2yaml`]: https://pub.dev/packages/json2yaml\n[`json_annotation`]: https://pub.dev/packages/json_annotation\n[`logging`]: https://pub.dev/packages/logging\n[`matcher`]: https://pub.dev/packages/matcher\n[`meta`]: https://pub.dev/packages/meta\n[`mime`]: https://pub.dev/packages/mime\n[`path`]: https://pub.dev/packages/path\n[`pointycastle`]: https://pub.dev/packages/pointycastle\n[`posix`]: https://pub.dev/packages/posix\n[`pub_semver`]: https://pub.dev/packages/pub_semver\n[`pubspec2`]: https://pub.dev/packages/pubspec2\n[`pubspec_lock`]: https://pub.dev/packages/pubspec_lock\n[`quiver`]: https://pub.dev/packages/quiver\n[`random_string`]: https://pub.dev/packages/random_string\n[`scope`]: https://pub.dev/packages/scope\n[`settings_yaml`]: https://pub.dev/packages/settings_yaml\n[`source_span`]: https://pub.dev/packages/source_span\n[`stack_trace`]: https://pub.dev/packages/stack_trace\n[`stacktrace_impl`]: https://pub.dev/packages/stacktrace_impl\n[`stream_channel`]: https://pub.dev/packages/stream_channel\n[`string_scanner`]: https://pub.dev/packages/string_scanner\n[`sum_types`]: https://pub.dev/packages/sum_types\n[`system_info2`]: https://pub.dev/packages/system_info2\n[`term_glyph`]: https://pub.dev/packages/term_glyph\n[`test_api`]: https://pub.dev/packages/test_api\n[`typed_data`]: https://pub.dev/packages/typed_data\n[`uuid`]: https://pub.dev/packages/uuid\n[`validators2`]: https://pub.dev/packages/validators2\n[`vin_decoder`]: https://pub.dev/packages/vin_decoder\n[`win32`]: https://pub.dev/packages/win32\n[`yaml`]: https://pub.dev/packages/yaml\n\n<details>\n<summary>\nThe constraint `^1.15.5` on dcli does not support the stable version `2.0.1`.\n</summary>\n\nTry running `dart pub upgrade --major-versions dcli` to update the constraint.\n</details>\n\n### [*] 10/10 points: Package supports latest stable Dart and Flutter SDKs\n\n\n### [*] 20/20 points: Compatible with dependency constraint lower bounds\n\n`pub downgrade` does not expose any static analysis error."
      }
    ]
  },
  "screenshots": [],
  "result": {
    "homepageUrl": "https://github.com/noojee/onepub.dev",
    "grantedPoints": 120,
    "maxPoints": 160
  },
  "urlProblems": []
}
