{
  "runtimeInfo": {
    "panaVersion": "{{pana-version}}",
    "sdkVersion": "{{sdk-version}}",
    "flutterVersions": {}
  },
  "packageName": "pub_server",
  "packageVersion": "0.1.4+2",
  "pubspec": {
    "name": "pub_server",
    "version": "0.1.4+2",
    "author": "Dart Team <misc@dartlang.org>",
    "description": "A Dart package containing re-usable components for making a pub package server.",
    "homepage": "https://github.com/dart-lang/pub_server",
    "environment": {
      "sdk": ">=2.0.0-dev <3.0.0"
    },
    "dependencies": {
      "dart2_constant": "^1.0.1",
      "http_parser": "^3.0.0",
      "logging": ">=0.9.3 <1.0.0",
      "mime": ">=0.9.3 <0.10.0",
      "pub_semver": "^1.1.0",
      "shelf": ">=0.5.6 <0.8.0",
      "yaml": "^2.1.2"
    },
    "dev_dependencies": {
      "archive": ">=1.0.0 <3.0.0",
      "args": "^1.4.0",
      "http": "^0.11.0",
      "path": "^1.5.1",
      "test": "^1.3.0"
    }
  },
  "platform": {
    "components": [],
    "uses": {
      "flutter": "allowed",
      "web": "allowed",
      "other": "allowed"
    },
    "reason": "No platform restriction found in libraries."
  },
  "licenses": [
    {
      "path": "LICENSE",
      "name": "BSD",
      "url": "https://github.com/dart-lang/pub_server/blob/master/LICENSE"
    }
  ],
  "health": {
    "analyzeProcessFailed": false,
    "formatProcessFailed": false,
    "resolveProcessFailed": false,
    "analyzerErrorCount": 0,
    "analyzerWarningCount": 0,
    "analyzerHintCount": 44,
    "platformConflictCount": 0,
    "suggestions": [
      {
        "code": "dartanalyzer.warning",
        "level": "hint",
        "title": "Fix `lib/shelf_pubserver.dart`.",
        "description": "Analysis of `lib/shelf_pubserver.dart` reported 36 hints, including:\n\nline 19 col 24: Unnecessary new keyword.\n\nline 131 col 40: Unnecessary new keyword.\n\nline 134 col 7: Unnecessary new keyword.\n\nline 137 col 7: Unnecessary new keyword.\n\nline 140 col 7: Unnecessary new keyword.",
        "file": "lib/shelf_pubserver.dart",
        "score": 16.51
      },
      {
        "code": "dartanalyzer.warning",
        "level": "hint",
        "title": "Fix `lib/repository.dart`.",
        "description": "Analysis of `lib/repository.dart` reported 8 hints, including:\n\nline 27 col 15: Unnecessary new keyword.\n\nline 109 col 7: Unnecessary new keyword.\n\nline 130 col 13: Unnecessary new keyword.\n\nline 144 col 13: Unnecessary new keyword.\n\nline 148 col 13: Unnecessary new keyword.",
        "file": "lib/repository.dart",
        "score": 3.93
      }
    ]
  },
  "maintenance": {
    "missingChangelog": false,
    "missingExample": false,
    "missingReadme": false,
    "missingAnalysisOptions": false,
    "oldAnalysisOptions": false,
    "strongModeEnabled": true,
    "isExperimentalVersion": false,
    "isPreReleaseVersion": false
  },
  "pkgResolution": {
    "dependencies": [
      {
        "package": "archive",
        "dependencyType": "dev",
        "constraintType": "normal",
        "constraint": ">=1.0.0 <3.0.0"
      },
      {
        "package": "args",
        "dependencyType": "dev",
        "constraintType": "normal",
        "constraint": "^1.4.0"
      },
      {
        "package": "async",
        "dependencyType": "transitive",
        "constraintType": "inherited"
      },
      {
        "package": "charcode",
        "dependencyType": "transitive",
        "constraintType": "inherited"
      },
      {
        "package": "collection",
        "dependencyType": "transitive",
        "constraintType": "inherited"
      },
      {
        "package": "dart2_constant",
        "dependencyType": "direct",
        "constraintType": "normal",
        "constraint": "^1.0.1"
      },
      {
        "package": "http",
        "dependencyType": "dev",
        "constraintType": "normal",
        "constraint": "^0.11.0"
      },
      {
        "package": "http_parser",
        "dependencyType": "direct",
        "constraintType": "normal",
        "constraint": "^3.0.0"
      },
      {
        "package": "logging",
        "dependencyType": "direct",
        "constraintType": "normal",
        "constraint": ">=0.9.3 <1.0.0"
      },
      {
        "package": "meta",
        "dependencyType": "transitive",
        "constraintType": "inherited"
      },
      {
        "package": "mime",
        "dependencyType": "direct",
        "constraintType": "normal",
        "constraint": ">=0.9.3 <0.10.0"
      },
      {
        "package": "path",
        "dependencyType": "dev",
        "constraintType": "normal",
        "constraint": "^1.5.1"
      },
      {
        "package": "pub_semver",
        "dependencyType": "direct",
        "constraintType": "normal",
        "constraint": "^1.1.0"
      },
      {
        "package": "shelf",
        "dependencyType": "direct",
        "constraintType": "normal",
        "constraint": ">=0.5.6 <0.8.0"
      },
      {
        "package": "source_span",
        "dependencyType": "transitive",
        "constraintType": "inherited"
      },
      {
        "package": "stack_trace",
        "dependencyType": "transitive",
        "constraintType": "inherited"
      },
      {
        "package": "stream_channel",
        "dependencyType": "transitive",
        "constraintType": "inherited"
      },
      {
        "package": "string_scanner",
        "dependencyType": "transitive",
        "constraintType": "inherited"
      },
      {
        "package": "term_glyph",
        "dependencyType": "transitive",
        "constraintType": "inherited"
      },
      {
        "package": "test",
        "dependencyType": "dev",
        "constraintType": "normal",
        "constraint": "^1.3.0"
      },
      {
        "package": "typed_data",
        "dependencyType": "transitive",
        "constraintType": "inherited"
      },
      {
        "package": "yaml",
        "dependencyType": "direct",
        "constraintType": "normal",
        "constraint": "^2.1.2"
      }
    ]
  },
  "dartFiles": {
    "lib/repository.dart": {
      "uri": "package:pub_server/repository.dart",
      "size": 5615,
      "isFormatted": true,
      "codeProblems": [
        {
          "severity": "INFO",
          "errorType": "LINT",
          "errorCode": "unnecessary_new",
          "file": "lib/repository.dart",
          "line": 27,
          "col": 15,
          "length": 32,
          "description": "Unnecessary new keyword."
        },
        {
          "severity": "INFO",
          "errorType": "LINT",
          "errorCode": "unnecessary_new",
          "file": "lib/repository.dart",
          "line": 109,
          "col": 7,
          "length": 59,
          "description": "Unnecessary new keyword."
        },
        {
          "severity": "INFO",
          "errorType": "LINT",
          "errorCode": "unnecessary_new",
          "file": "lib/repository.dart",
          "line": 130,
          "col": 13,
          "length": 42,
          "description": "Unnecessary new keyword."
        },
        {
          "severity": "INFO",
          "errorType": "LINT",
          "errorCode": "unnecessary_new",
          "file": "lib/repository.dart",
          "line": 144,
          "col": 13,
          "length": 48,
          "description": "Unnecessary new keyword."
        },
        {
          "severity": "INFO",
          "errorType": "LINT",
          "errorCode": "unnecessary_new",
          "file": "lib/repository.dart",
          "line": 148,
          "col": 13,
          "length": 48,
          "description": "Unnecessary new keyword."
        },
        {
          "severity": "INFO",
          "errorType": "LINT",
          "errorCode": "unnecessary_new",
          "file": "lib/repository.dart",
          "line": 158,
          "col": 13,
          "length": 49,
          "description": "Unnecessary new keyword."
        },
        {
          "severity": "INFO",
          "errorType": "LINT",
          "errorCode": "unnecessary_new",
          "file": "lib/repository.dart",
          "line": 165,
          "col": 13,
          "length": 44,
          "description": "Unnecessary new keyword."
        },
        {
          "severity": "INFO",
          "errorType": "LINT",
          "errorCode": "unnecessary_new",
          "file": "lib/repository.dart",
          "line": 169,
          "col": 13,
          "length": 44,
          "description": "Unnecessary new keyword."
        }
      ],
      "directLibs": [
        "dart:async",
        "package:pub_semver/pub_semver.dart"
      ],
      "transitiveLibs": [
        "dart:async",
        "dart:collection",
        "dart:math",
        "package:collection/collection.dart",
        "package:collection/src/algorithms.dart",
        "package:collection/src/canonicalized_map.dart",
        "package:collection/src/combined_wrappers/combined_iterable.dart",
        "package:collection/src/combined_wrappers/combined_list.dart",
        "package:collection/src/combined_wrappers/combined_map.dart",
        "package:collection/src/comparators.dart",
        "package:collection/src/empty_unmodifiable_set.dart",
        "package:collection/src/equality.dart",
        "package:collection/src/equality_map.dart",
        "package:collection/src/equality_set.dart",
        "package:collection/src/functions.dart",
        "package:collection/src/iterable_zip.dart",
        "package:collection/src/priority_queue.dart",
        "package:collection/src/queue_list.dart",
        "package:collection/src/union_set.dart",
        "package:collection/src/union_set_controller.dart",
        "package:collection/src/unmodifiable_wrappers.dart",
        "package:collection/src/utils.dart",
        "package:collection/src/wrappers.dart",
        "package:pub_semver/pub_semver.dart",
        "package:pub_semver/src/patterns.dart",
        "package:pub_semver/src/utils.dart",
        "package:pub_semver/src/version.dart",
        "package:pub_semver/src/version_constraint.dart",
        "package:pub_semver/src/version_range.dart",
        "package:pub_semver/src/version_union.dart"
      ],
      "platform": {
        "components": [],
        "uses": {
          "flutter": "allowed",
          "web": "allowed",
          "other": "allowed"
        }
      }
    },
    "lib/shelf_pubserver.dart": {
      "uri": "package:pub_server/shelf_pubserver.dart",
      "size": 17239,
      "isFormatted": true,
      "codeProblems": [
        {
          "severity": "INFO",
          "errorType": "LINT",
          "errorCode": "unnecessary_new",
          "file": "lib/shelf_pubserver.dart",
          "line": 19,
          "col": 24,
          "length": 39,
          "description": "Unnecessary new keyword."
        },
        {
          "severity": "INFO",
          "errorType": "LINT",
          "errorCode": "unnecessary_new",
          "file": "lib/shelf_pubserver.dart",
          "line": 131,
          "col": 40,
          "length": 38,
          "description": "Unnecessary new keyword."
        },
        {
          "severity": "INFO",
          "errorType": "LINT",
          "errorCode": "unnecessary_new",
          "file": "lib/shelf_pubserver.dart",
          "line": 134,
          "col": 7,
          "length": 55,
          "description": "Unnecessary new keyword."
        },
        {
          "severity": "INFO",
          "errorType": "LINT",
          "errorCode": "unnecessary_new",
          "file": "lib/shelf_pubserver.dart",
          "line": 137,
          "col": 7,
          "length": 48,
          "description": "Unnecessary new keyword."
        },
        {
          "severity": "INFO",
          "errorType": "LINT",
          "errorCode": "unnecessary_new",
          "file": "lib/shelf_pubserver.dart",
          "line": 140,
          "col": 7,
          "length": 56,
          "description": "Unnecessary new keyword."
        },
        {
          "severity": "INFO",
          "errorType": "LINT",
          "errorCode": "unnecessary_new",
          "file": "lib/shelf_pubserver.dart",
          "line": 143,
          "col": 7,
          "length": 60,
          "description": "Unnecessary new keyword."
        },
        {
          "severity": "INFO",
          "errorType": "LINT",
          "errorCode": "omit_local_variable_types",
          "file": "lib/shelf_pubserver.dart",
          "line": 151,
          "col": 5,
          "length": 39,
          "description": "Omit type annotations for local variables."
        },
        {
          "severity": "INFO",
          "errorType": "LINT",
          "errorCode": "unnecessary_new",
          "file": "lib/shelf_pubserver.dart",
          "line": 177,
          "col": 18,
          "length": 33,
          "description": "Unnecessary new keyword."
        },
        {
          "severity": "INFO",
          "errorType": "LINT",
          "errorCode": "unnecessary_new",
          "file": "lib/shelf_pubserver.dart",
          "line": 189,
          "col": 18,
          "length": 33,
          "description": "Unnecessary new keyword."
        },
        {
          "severity": "INFO",
          "errorType": "LINT",
          "errorCode": "unnecessary_new",
          "file": "lib/shelf_pubserver.dart",
          "line": 201,
          "col": 18,
          "length": 33,
          "description": "Unnecessary new keyword."
        },
        {
          "severity": "INFO",
          "errorType": "LINT",
          "errorCode": "unnecessary_new",
          "file": "lib/shelf_pubserver.dart",
          "line": 208,
          "col": 18,
          "length": 33,
          "description": "Unnecessary new keyword."
        },
        {
          "severity": "INFO",
          "errorType": "LINT",
          "errorCode": "omit_local_variable_types",
          "file": "lib/shelf_pubserver.dart",
          "line": 213,
          "col": 11,
          "length": 63,
          "description": "Omit type annotations for local variables."
        },
        {
          "severity": "INFO",
          "errorType": "LINT",
          "errorCode": "unnecessary_new",
          "file": "lib/shelf_pubserver.dart",
          "line": 221,
          "col": 16,
          "length": 33,
          "description": "Unnecessary new keyword."
        },
        {
          "severity": "INFO",
          "errorType": "LINT",
          "errorCode": "omit_local_variable_types",
          "file": "lib/shelf_pubserver.dart",
          "line": 226,
          "col": 9,
          "length": 66,
          "description": "Omit type annotations for local variables."
        },
        {
          "severity": "INFO",
          "errorType": "LINT",
          "errorCode": "omit_local_variable_types",
          "file": "lib/shelf_pubserver.dart",
          "line": 227,
          "col": 9,
          "length": 63,
          "description": "Omit type annotations for local variables."
        },
        {
          "severity": "INFO",
          "errorType": "LINT",
          "errorCode": "unnecessary_new",
          "file": "lib/shelf_pubserver.dart",
          "line": 231,
          "col": 12,
          "length": 33,
          "description": "Unnecessary new keyword."
        },
        {
          "severity": "INFO",
          "errorType": "LINT",
          "errorCode": "prefer_is_empty",
          "file": "lib/shelf_pubserver.dart",
          "line": 245,
          "col": 9,
          "length": 27,
          "description": "Use isEmpty instead of length"
        },
        {
          "severity": "INFO",
          "errorType": "LINT",
          "errorCode": "unnecessary_new",
          "file": "lib/shelf_pubserver.dart",
          "line": 246,
          "col": 14,
          "length": 33,
          "description": "Unnecessary new keyword."
        },
        {
          "severity": "INFO",
          "errorType": "LINT",
          "errorCode": "omit_local_variable_types",
          "file": "lib/shelf_pubserver.dart",
          "line": 262,
          "col": 10,
          "length": 34,
          "description": "Omit type annotations for local variables."
        },
        {
          "severity": "INFO",
          "errorType": "LINT",
          "errorCode": "unnecessary_new",
          "file": "lib/shelf_pubserver.dart",
          "line": 286,
          "col": 14,
          "length": 33,
          "description": "Unnecessary new keyword."
        },
        {
          "severity": "INFO",
          "errorType": "LINT",
          "errorCode": "unnecessary_new",
          "file": "lib/shelf_pubserver.dart",
          "line": 304,
          "col": 14,
          "length": 32,
          "description": "Unnecessary new keyword."
        },
        {
          "severity": "INFO",
          "errorType": "LINT",
          "errorCode": "unnecessary_new",
          "file": "lib/shelf_pubserver.dart",
          "line": 308,
          "col": 12,
          "length": 29,
          "description": "Unnecessary new keyword."
        },
        {
          "severity": "INFO",
          "errorType": "LINT",
          "errorCode": "unnecessary_new",
          "file": "lib/shelf_pubserver.dart",
          "line": 372,
          "col": 29,
          "length": 38,
          "description": "Unnecessary new keyword."
        },
        {
          "severity": "INFO",
          "errorType": "LINT",
          "errorCode": "unnecessary_new",
          "file": "lib/shelf_pubserver.dart",
          "line": 390,
          "col": 14,
          "length": 53,
          "description": "Unnecessary new keyword."
        },
        {
          "severity": "INFO",
          "errorType": "LINT",
          "errorCode": "unnecessary_new",
          "file": "lib/shelf_pubserver.dart",
          "line": 394,
          "col": 14,
          "length": 89,
          "description": "Unnecessary new keyword."
        },
        {
          "severity": "INFO",
          "errorType": "LINT",
          "errorCode": "prefer_is_empty",
          "file": "lib/shelf_pubserver.dart",
          "line": 414,
          "col": 53,
          "length": 19,
          "description": "Use isNotEmpty instead of length"
        },
        {
          "severity": "INFO",
          "errorType": "LINT",
          "errorCode": "unnecessary_new",
          "file": "lib/shelf_pubserver.dart",
          "line": 451,
          "col": 12,
          "length": 168,
          "description": "Unnecessary new keyword."
        },
        {
          "severity": "INFO",
          "errorType": "LINT",
          "errorCode": "unnecessary_new",
          "file": "lib/shelf_pubserver.dart",
          "line": 458,
          "col": 44,
          "length": 174,
          "description": "Unnecessary new keyword."
        },
        {
          "severity": "INFO",
          "errorType": "LINT",
          "errorCode": "unnecessary_new",
          "file": "lib/shelf_pubserver.dart",
          "line": 464,
          "col": 49,
          "length": 158,
          "description": "Unnecessary new keyword."
        },
        {
          "severity": "INFO",
          "errorType": "LINT",
          "errorCode": "prefer_equal_for_default_values",
          "file": "lib/shelf_pubserver.dart",
          "line": 470,
          "col": 62,
          "length": 1,
          "description": "Use `=` to separate a named parameter from its default value."
        },
        {
          "severity": "INFO",
          "errorType": "LINT",
          "errorCode": "unnecessary_new",
          "file": "lib/shelf_pubserver.dart",
          "line": 471,
          "col": 7,
          "length": 129,
          "description": "Unnecessary new keyword."
        },
        {
          "severity": "INFO",
          "errorType": "LINT",
          "errorCode": "unnecessary_new",
          "file": "lib/shelf_pubserver.dart",
          "line": 472,
          "col": 17,
          "length": 28,
          "description": "Unnecessary new keyword."
        },
        {
          "severity": "INFO",
          "errorType": "LINT",
          "errorCode": "prefer_equal_for_default_values",
          "file": "lib/shelf_pubserver.dart",
          "line": 475,
          "col": 53,
          "length": 1,
          "description": "Use `=` to separate a named parameter from its default value."
        },
        {
          "severity": "INFO",
          "errorType": "LINT",
          "errorCode": "unnecessary_new",
          "file": "lib/shelf_pubserver.dart",
          "line": 476,
          "col": 7,
          "length": 126,
          "description": "Unnecessary new keyword."
        },
        {
          "severity": "INFO",
          "errorType": "LINT",
          "errorCode": "unnecessary_new",
          "file": "lib/shelf_pubserver.dart",
          "line": 505,
          "col": 7,
          "length": 33,
          "description": "Unnecessary new keyword."
        },
        {
          "severity": "INFO",
          "errorType": "LINT",
          "errorCode": "unnecessary_new",
          "file": "lib/shelf_pubserver.dart",
          "line": 523,
          "col": 19,
          "length": 32,
          "description": "Unnecessary new keyword."
        }
      ],
      "directLibs": [
        "dart:async",
        "package:dart2_constant/convert.dart",
        "package:http_parser/http_parser.dart",
        "package:logging/logging.dart",
        "package:mime/mime.dart",
        "package:pub_semver/pub_semver.dart",
        "package:pub_server/repository.dart",
        "package:shelf/shelf.dart",
        "package:yaml/yaml.dart"
      ],
      "transitiveLibs": [
        "dart:async",
        "dart:collection",
        "dart:convert",
        "dart:math",
        "dart:typed_data",
        "package:async/async.dart",
        "package:async/src/async_cache.dart",
        "package:async/src/async_memoizer.dart",
        "package:async/src/byte_collector.dart",
        "package:async/src/cancelable_operation.dart",
        "package:async/src/delegate/event_sink.dart",
        "package:async/src/delegate/future.dart",
        "package:async/src/delegate/sink.dart",
        "package:async/src/delegate/stream.dart",
        "package:async/src/delegate/stream_consumer.dart",
        "package:async/src/delegate/stream_sink.dart",
        "package:async/src/delegate/stream_subscription.dart",
        "package:async/src/future_group.dart",
        "package:async/src/lazy_stream.dart",
        "package:async/src/null_stream_sink.dart",
        "package:async/src/restartable_timer.dart",
        "package:async/src/result/capture_sink.dart",
        "package:async/src/result/capture_transformer.dart",
        "package:async/src/result/error.dart",
        "package:async/src/result/future.dart",
        "package:async/src/result/release_sink.dart",
        "package:async/src/result/release_transformer.dart",
        "package:async/src/result/result.dart",
        "package:async/src/result/value.dart",
        "package:async/src/single_subscription_transformer.dart",
        "package:async/src/stream_completer.dart",
        "package:async/src/stream_group.dart",
        "package:async/src/stream_queue.dart",
        "package:async/src/stream_sink_completer.dart",
        "package:async/src/stream_sink_transformer.dart",
        "package:async/src/stream_sink_transformer/handler_transformer.dart",
        "package:async/src/stream_sink_transformer/stream_transformer_wrapper.dart",
        "package:async/src/stream_sink_transformer/typed.dart",
        "package:async/src/stream_splitter.dart",
        "package:async/src/stream_subscription_transformer.dart",
        "package:async/src/stream_zip.dart",
        "package:async/src/subscription_stream.dart",
        "package:async/src/typed/stream_subscription.dart",
        "package:async/src/typed_stream_transformer.dart",
        "package:async/src/utils.dart",
        "package:charcode/ascii.dart",
        "package:charcode/charcode.dart",
        "package:charcode/html_entity.dart",
        "package:collection/collection.dart",
        "package:collection/src/algorithms.dart",
        "package:collection/src/canonicalized_map.dart",
        "package:collection/src/combined_wrappers/combined_iterable.dart",
        "package:collection/src/combined_wrappers/combined_list.dart",
        "package:collection/src/combined_wrappers/combined_map.dart",
        "package:collection/src/comparators.dart",
        "package:collection/src/empty_unmodifiable_set.dart",
        "package:collection/src/equality.dart",
        "package:collection/src/equality_map.dart",
        "package:collection/src/equality_set.dart",
        "package:collection/src/functions.dart",
        "package:collection/src/iterable_zip.dart",
        "package:collection/src/priority_queue.dart",
        "package:collection/src/queue_list.dart",
        "package:collection/src/union_set.dart",
        "package:collection/src/union_set_controller.dart",
        "package:collection/src/unmodifiable_wrappers.dart",
        "package:collection/src/utils.dart",
        "package:collection/src/wrappers.dart",
        "package:dart2_constant/convert.dart",
        "package:http_parser/http_parser.dart",
        "package:http_parser/src/authentication_challenge.dart",
        "package:http_parser/src/case_insensitive_map.dart",
        "package:http_parser/src/chunked_coding.dart",
        "package:http_parser/src/chunked_coding/decoder.dart",
        "package:http_parser/src/chunked_coding/encoder.dart",
        "package:http_parser/src/http_date.dart",
        "package:http_parser/src/media_type.dart",
        "package:http_parser/src/scan.dart",
        "package:http_parser/src/utils.dart",
        "package:logging/logging.dart",
        "package:logging/src/level.dart",
        "package:logging/src/log_record.dart",
        "package:logging/src/logger.dart",
        "package:meta/meta.dart",
        "package:mime/mime.dart",
        "package:mime/src/bound_multipart_stream.dart",
        "package:mime/src/char_code.dart",
        "package:mime/src/default_extension_map.dart",
        "package:mime/src/magic_number.dart",
        "package:mime/src/mime_multipart_transformer.dart",
        "package:mime/src/mime_shared.dart",
        "package:mime/src/mime_type.dart",
        "package:path/path.dart",
        "package:path/src/characters.dart",
        "package:path/src/context.dart",
        "package:path/src/internal_style.dart",
        "package:path/src/parsed_path.dart",
        "package:path/src/path_exception.dart",
        "package:path/src/path_map.dart",
        "package:path/src/path_set.dart",
        "package:path/src/style.dart",
        "package:path/src/style/posix.dart",
        "package:path/src/style/url.dart",
        "package:path/src/style/windows.dart",
        "package:path/src/utils.dart",
        "package:pub_semver/pub_semver.dart",
        "package:pub_semver/src/patterns.dart",
        "package:pub_semver/src/utils.dart",
        "package:pub_semver/src/version.dart",
        "package:pub_semver/src/version_constraint.dart",
        "package:pub_semver/src/version_range.dart",
        "package:pub_semver/src/version_union.dart",
        "package:pub_server/repository.dart",
        "package:shelf/shelf.dart",
        "package:shelf/src/body.dart",
        "package:shelf/src/cascade.dart",
        "package:shelf/src/handler.dart",
        "package:shelf/src/headers.dart",
        "package:shelf/src/hijack_exception.dart",
        "package:shelf/src/message.dart",
        "package:shelf/src/middleware.dart",
        "package:shelf/src/middleware/add_chunked_encoding.dart",
        "package:shelf/src/middleware/logger.dart",
        "package:shelf/src/pipeline.dart",
        "package:shelf/src/request.dart",
        "package:shelf/src/response.dart",
        "package:shelf/src/server.dart",
        "package:shelf/src/server_handler.dart",
        "package:shelf/src/shelf_unmodifiable_map.dart",
        "package:shelf/src/util.dart",
        "package:source_span/source_span.dart",
        "package:source_span/src/colors.dart",
        "package:source_span/src/file.dart",
        "package:source_span/src/highlighter.dart",
        "package:source_span/src/location.dart",
        "package:source_span/src/location_mixin.dart",
        "package:source_span/src/span.dart",
        "package:source_span/src/span_exception.dart",
        "package:source_span/src/span_mixin.dart",
        "package:source_span/src/span_with_context.dart",
        "package:source_span/src/utils.dart",
        "package:stack_trace/src/chain.dart",
        "package:stack_trace/src/frame.dart",
        "package:stack_trace/src/lazy_chain.dart",
        "package:stack_trace/src/lazy_trace.dart",
        "package:stack_trace/src/stack_zone_specification.dart",
        "package:stack_trace/src/trace.dart",
        "package:stack_trace/src/unparsed_frame.dart",
        "package:stack_trace/src/utils.dart",
        "package:stack_trace/src/vm_trace.dart",
        "package:stack_trace/stack_trace.dart",
        "package:stream_channel/src/close_guarantee_channel.dart",
        "package:stream_channel/src/delegating_stream_channel.dart",
        "package:stream_channel/src/disconnector.dart",
        "package:stream_channel/src/guarantee_channel.dart",
        "package:stream_channel/src/json_document_transformer.dart",
        "package:stream_channel/src/multi_channel.dart",
        "package:stream_channel/src/stream_channel_completer.dart",
        "package:stream_channel/src/stream_channel_controller.dart",
        "package:stream_channel/src/stream_channel_transformer.dart",
        "package:stream_channel/stream_channel.dart",
        "package:string_scanner/src/eager_span_scanner.dart",
        "package:string_scanner/src/exception.dart",
        "package:string_scanner/src/line_scanner.dart",
        "package:string_scanner/src/relative_span_scanner.dart",
        "package:string_scanner/src/span_scanner.dart",
        "package:string_scanner/src/string_scanner.dart",
        "package:string_scanner/src/utils.dart",
        "package:string_scanner/string_scanner.dart",
        "package:term_glyph/src/generated/ascii_glyph_set.dart",
        "package:term_glyph/src/generated/glyph_set.dart",
        "package:term_glyph/src/generated/top_level.dart",
        "package:term_glyph/src/generated/unicode_glyph_set.dart",
        "package:term_glyph/term_glyph.dart",
        "package:typed_data/src/typed_buffer.dart",
        "package:typed_data/src/typed_queue.dart",
        "package:typed_data/typed_buffers.dart",
        "package:typed_data/typed_data.dart",
        "package:yaml/src/equality.dart",
        "package:yaml/src/event.dart",
        "package:yaml/src/loader.dart",
        "package:yaml/src/null_span.dart",
        "package:yaml/src/parser.dart",
        "package:yaml/src/scanner.dart",
        "package:yaml/src/style.dart",
        "package:yaml/src/token.dart",
        "package:yaml/src/utils.dart",
        "package:yaml/src/yaml_document.dart",
        "package:yaml/src/yaml_exception.dart",
        "package:yaml/src/yaml_node.dart",
        "package:yaml/src/yaml_node_wrapper.dart",
        "package:yaml/yaml.dart"
      ],
      "platform": {
        "components": [],
        "uses": {
          "flutter": "allowed",
          "web": "allowed",
          "other": "allowed"
        }
      }
    }
  },
  "stats": {
    "analyzeProcessElapsed": 1234,
    "formatProcessElapsed": 567,
    "resolveProcessElapsed": 899,
    "totalElapsed": 4567
  },
  "tags": [
    "sdk:dart",
    "sdk:flutter",
    "platform:android",
    "platform:ios",
    "platform:windows",
    "platform:linux",
    "platform:macos",
    "platform:web",
    "runtime:native-aot",
    "runtime:native-jit",
    "runtime:web"
  ],
  "report": {
    "sections": [
      {
        "title": "Package supports Dart 2",
        "grantedPoints": 20,
        "maxPoints": 20,
        "summary": "Package gets 20 points if its Dart sdk constraint allows Dart 2."
      },
      {
        "title": "Packaging conventions",
        "grantedPoints": 20,
        "maxPoints": 20,
        "summary": "Package gets 10 points for a valid pubspec.yaml and 5 points for each of README.md and CHANGELOG.md."
      },
      {
        "title": "Package has documentation",
        "grantedPoints": 10,
        "maxPoints": 10,
        "summary": "*10 points*: The package has an example.\n\nFound `example/example.dart`."
      },
      {
        "title": "Package is multi-platform",
        "grantedPoints": 20,
        "maxPoints": 20,
        "summary": "Dart packages: *20/10/0 points:* Supports 2 / 1 / 0 platforms (of Native & JS)\n\nFlutter packages: *20/10/0 points:* Supports 3 / 2 / <1 platforms (of iOS, Android, Web)\n\n\nPackage is a Dart package"
      },
      {
        "title": "Code follows recommended code style",
        "grantedPoints": 10,
        "maxPoints": 20,
        "summary": "*10 points:* code has no errors and warnings.\n\n*20 points:* code has no errors, warnings or lints, and is formatted according to dartfmt.\n\n\nFound 44 issues. Showing the first 2:\nINFO: Unnecessary new keyword.\n`lib/repository.dart:27:15`\n\n```\n   ╷\n27 │     _cached = new Version.parse(versionString);\n   │               ^^^^^^^^^^^^^^^^^^^^^^^^^^^^^^^^\n   ╵\n```\n\nTo reproduce run `dart analyze lib/repository.dart`\nINFO: Unnecessary new keyword.\n`lib/repository.dart:109:7`\n\n```\n    ╷\n109 │       new GenericProcessingException('ValidationError: $message');\n    │       ^^^^^^^^^^^^^^^^^^^^^^^^^^^^^^^^^^^^^^^^^^^^^^^^^^^^^^^^^^^\n    ╵\n```\n\nTo reproduce run `dart analyze lib/repository.dart`"
      },
      {
        "title": "Package is a good, trustworthy dependency",
        "grantedPoints": 10,
        "maxPoints": 30,
        "summary": "*10 points*: All of the package dependencies are supported in the latest version.\n\n*10 points*: Package supports the latest stable minor version of the Dart/Flutter SDK.\n\n*10 points*: Published under a trusted publisher.\n\n\n\n\nFound no Flutter in your PATH. Could not determine the current Flutter version.\nPackage is not published under a verified publisher.\nSee https://dart.dev/tools/pub/verified-publishers for more information."
      }
    ]
  }
}