{
  "runtimeInfo": {
    "panaVersion": "{{pana-version}}",
    "sdkVersion": "{{sdk-version}}",
    "flutterVersions": {}
  },
  "packageName": "pub_server",
  "packageVersion": "0.1.4+2",
  "pubspec": {
    "name": "pub_server",
    "version": "0.1.4+2",
    "author": "Dart Team <misc@dartlang.org>",
    "description": "A Dart package containing re-usable components for making a pub package server.",
    "homepage": "https://github.com/dart-lang/pub_server",
    "environment": {
      "sdk": ">=2.0.0-dev <3.0.0"
    },
    "dependencies": {
      "dart2_constant": "^1.0.1",
      "http_parser": "^3.0.0",
      "logging": ">=0.9.3 <1.0.0",
      "mime": ">=0.9.3 <0.10.0",
      "pub_semver": "^1.1.0",
      "shelf": ">=0.5.6 <0.8.0",
      "yaml": "^2.1.2"
    },
    "dev_dependencies": {
      "archive": ">=1.0.0 <3.0.0",
      "args": "^1.4.0",
      "http": "^0.11.0",
      "path": "^1.5.1",
      "test": "^1.3.0"
    }
  },
  "licenseFile": {
    "path": "LICENSE",
    "name": "BSD",
    "url": "https://github.com/dart-lang/pub_server/blob/master/LICENSE"
  },
  "allDependencies": [
    "archive",
    "args",
    "async",
    "charcode",
    "collection",
    "dart2_constant",
    "http",
    "http_parser",
    "logging",
    "mime",
    "path",
    "pub_semver",
    "shelf",
    "source_span",
    "stack_trace",
    "stream_channel",
    "string_scanner",
    "term_glyph",
    "test",
    "typed_data",
    "yaml"
  ],
  "tags": [
    "sdk:dart",
    "sdk:flutter",
    "platform:android",
    "platform:ios",
    "platform:windows",
    "platform:linux",
    "platform:macos",
    "platform:web",
    "runtime:native-aot",
    "runtime:native-jit",
    "runtime:web"
  ],
  "report": {
    "sections": [
      {
        "id": "convention",
        "title": "Follow Dart file conventions",
        "grantedPoints": 20,
        "maxPoints": 20,
        "status": "passed",
        "summary": "### [*] 10/10 points: Provide a valid `pubspec.yaml`\n\n\n### [*] 5/5 points: Provide a valid `README.md`\n\n\n### [*] 5/5 points: Provide a valid `CHANGELOG.md`\n"
      },
      {
        "id": "documentation",
        "title": "Provide documentation",
        "grantedPoints": 10,
        "maxPoints": 10,
        "status": "passed",
        "summary": "### [*] 10/10 points: Package has an example\n\n* Found example at: `example/example.dart`"
      },
      {
        "id": "platform",
        "title": "Support multiple platforms",
        "grantedPoints": 20,
        "maxPoints": 20,
        "status": "passed",
        "summary": "### [*] 20/20 points: Supports 2 of 2 possible platforms (**native**, **js**)\n"
      },
      {
        "id": "analysis",
        "title": "Pass static analysis",
        "grantedPoints": 20,
        "maxPoints": 30,
        "status": "partial",
        "summary": "### [~] 20/30 points: code has no errors, warnings, lints, or formatting issues\n\nFound 44 issues. Showing the first 2:\n\n<details>\n<summary>\nINFO: Unnecessary new keyword.\n</summary>\n\n`lib/repository.dart:27:15`\n\n```\n   ╷\n27 │     _cached = new Version.parse(versionString);\n   │               ^^^^^^^^^^^^^^^^^^^^^^^^^^^^^^^^\n   ╵\n```\n\nTo reproduce make sure you are using [pedantic](https://pub.dev/packages/pedantic#using-the-lints) and run `dartanalyzer lib/repository.dart`\n</details>\n<details>\n<summary>\nINFO: Unnecessary new keyword.\n</summary>\n\n`lib/repository.dart:109:7`\n\n```\n    ╷\n109 │       new GenericProcessingException('ValidationError: $message');\n    │       ^^^^^^^^^^^^^^^^^^^^^^^^^^^^^^^^^^^^^^^^^^^^^^^^^^^^^^^^^^^\n    ╵\n```\n\nTo reproduce make sure you are using [pedantic](https://pub.dev/packages/pedantic#using-the-lints) and run `dartanalyzer lib/repository.dart`\n</details>"
      },
      {
        "id": "dependency",
        "title": "Support up-to-date dependencies",
        "grantedPoints": 10,
        "maxPoints": 20,
        "status": "failed",
        "summary": "### [~] 10/10 points: All of the package dependencies are supported in the latest version\n\n|Package|Constraint|Compatible|Latest|\n|:-|:-|:-|:-|\n|[`dart2_constant`]|`^1.0.1`|1.0.2+dart2|1.0.2+dart2|\n|[`http_parser`]|`^3.0.0`|3.1.4|**4.0.0**|\n|[`logging`]|`>=0.9.3 <1.0.0`|0.11.4|**1.0.0**|\n|[`mime`]|`>=0.9.3 <0.10.0`|0.9.7|**1.0.0**|\n|[`pub_semver`]|`^1.1.0`|1.4.4|**2.0.0**|\n|[`shelf`]|`>=0.5.6 <0.8.0`|0.7.9|**1.0.0**|\n|[`yaml`]|`^2.1.2`|2.2.1|**3.0.0**|\n\n<details><summary>Transitive dependencies</summary>\n\n|Package|Constraint|Compatible|Latest|\n|:-|:-|:-|:-|\n|[`async`]|-|2.5.0|2.5.0|\n|[`charcode`]|-|1.2.0|1.2.0|\n|[`collection`]|-|1.15.0|1.15.0|\n|[`source_span`]|-|1.8.1|1.8.1|\n|[`stack_trace`]|-|1.10.0|1.10.0|\n|[`stream_channel`]|-|2.1.0|2.1.0|\n|[`string_scanner`]|-|1.1.0|1.1.0|\n|[`term_glyph`]|-|1.2.0|1.2.0|\n|[`typed_data`]|-|1.3.0|1.3.0|\n</details>\n\nTo reproduce run `pub outdated --no-dev-dependencies --up-to-date --no-dependency-overrides`.\n\n[`dart2_constant`]: https://pub.dev/packages/dart2_constant\n[`http_parser`]: https://pub.dev/packages/http_parser\n[`logging`]: https://pub.dev/packages/logging\n[`mime`]: https://pub.dev/packages/mime\n[`pub_semver`]: https://pub.dev/packages/pub_semver\n[`shelf`]: https://pub.dev/packages/shelf\n[`yaml`]: https://pub.dev/packages/yaml\n[`async`]: https://pub.dev/packages/async\n[`charcode`]: https://pub.dev/packages/charcode\n[`collection`]: https://pub.dev/packages/collection\n[`source_span`]: https://pub.dev/packages/source_span\n[`stack_trace`]: https://pub.dev/packages/stack_trace\n[`stream_channel`]: https://pub.dev/packages/stream_channel\n[`string_scanner`]: https://pub.dev/packages/string_scanner\n[`term_glyph`]: https://pub.dev/packages/term_glyph\n[`typed_data`]: https://pub.dev/packages/typed_data\n\nFound 6 issues. Showing the first 2:\n\n<details>\n<summary>\nThe constraint `^3.0.0` on http_parser does not support the stable version `4.0.0`, that was published N days ago. \n\n When http_parser is 30 days old, this package will no longer be awarded points in this category.\n</summary>\n\nTry running `dart pub upgrade --major-versions http_parser` to update the constraint.\n</details>\n<details>\n<summary>\nThe constraint `>=0.9.3 <1.0.0` on logging does not support the stable version `1.0.0`, that was published N days ago. \n\n When logging is 30 days old, this package will no longer be awarded points in this category.\n</summary>\n\nTry running `dart pub upgrade --major-versions logging` to update the constraint.\n</details>\n\n### [x] 0/10 points: Package supports latest stable Dart and Flutter SDKs\n\n* Found no Flutter in your PATH. Could not determine the current Flutter version."
      },
      {
        "id": "null-safety",
        "title": "Support sound null-safety",
        "grantedPoints": 0,
        "maxPoints": 0,
        "status": "partial",
        "summary": "### [~] 0/0 points: Package does not opt in to null-safety.\n\nPackages with full null-safety support will be awarded additional points in a planned future revision of the pub.dev points model.\n\n<details>\n<summary>\nPackage language version (indicated by the sdk constraint `>=2.0.0-dev <3.0.0`) is less than 2.12.\n</summary>\n\nConsider [migrating](https://dart.dev/null-safety/migration-guide).\n</details>"
      }
    ]
  }
}