{
  "runtimeInfo": {
    "panaVersion": "{{pana-version}}",
    "sdkVersion": "{{sdk-version}}",
    "flutterVersions": {}
  },
  "packageName": "skiplist",
  "packageVersion": "0.1.0",
  "pubspec": {
    "name": "skiplist",
    "description": "A skiplist implementation in Dart.",
    "version": "0.1.0",
    "author": "Steven Roose <stevenroose@gmail.com>",
    "homepage": "https://github.com/stevenroose/dart-skiplist",
    "dependencies": {
      "quiver_iterables": ">=1.0.0 <2.0.0"
    },
    "dev_dependencies": {
      "test": ">=0.12.7 <0.13.0"
    }
  },
  "licenseFile": {
    "path": "LICENSE",
    "name": "MIT",
    "url": "https://github.com/stevenroose/dart-skiplist/blob/master/LICENSE"
  },
  "tags": [],
  "report": {
    "sections": [
      {
        "id": "convention",
        "title": "Follow Dart file conventions",
        "grantedPoints": 10,
        "maxPoints": 20,
        "status": "failed",
        "summary": "### [x] 0/10 points: Provide a valid `pubspec.yaml`\n\n* Sdk-constraint doesn't allow future stable dart 2.x releases\n<details>\n<summary>\nThe package description is too short.\n</summary>\n\nAdd more detail to the `description` field of `pubspec.yaml`. Use 60 to 180 characters to describe the package, what it does, and its target use case.\n</details>\n\n### [*] 5/5 points: Provide a valid `README.md`\n\n\n### [*] 5/5 points: Provide a valid `CHANGELOG.md`\n"
      },
      {
        "id": "documentation",
        "title": "Provide documentation",
        "grantedPoints": 0,
        "maxPoints": 10,
        "status": "failed",
        "summary": "### [x] 0/10 points: Package has an example\n\n<details>\n<summary>\nNo example found.\n</summary>\n\nSee [package layout](https://dart.dev/tools/pub/package-layout#examples) guidelines on how to add an example.\n</details>"
      },
      {
        "id": "platform",
        "title": "Support multiple platforms",
        "grantedPoints": 0,
        "maxPoints": 20,
        "status": "failed",
        "summary": "### [x] 0/20 points: Supports 0 of 2 possible platforms (native, js)\n\n<details>\n<summary>\nPackage resolution failed. Could not determine platforms.\n</summary>\n\nRun `dart pub get` for more information.\n</details>"
      },
      {
        "id": "analysis",
        "title": "Pass static analysis",
        "grantedPoints": 20,
        "maxPoints": 30,
        "status": "partial",
        "summary": "### [~] 20/30 points: code has no errors, warnings, lints, or formatting issues\n\n<details>\n<summary>\nlib/skiplist.dart doesn't match the Dart formatter.\n</summary>\n\nTo format your files run: `dart format .`\n</details>"
      },
      {
        "id": "dependency",
        "title": "Support up-to-date dependencies",
        "grantedPoints": 0,
        "maxPoints": 20,
        "status": "failed",
        "summary": "### [x] 0/10 points: All of the package dependencies are supported in the latest version\n\n* Sdk constraint doesn't support current Dart version {{sdk-version}}. Cannot run `dart pub outdated`.\n\n### [x] 0/10 points: Package supports latest stable Dart and Flutter SDKs\n\n<details>\n<summary>\nPubspec.yaml does not have an sdk version constraint.\n</summary>\n\nTry adding an sdk constraint to your `pubspec.yaml`\n</details>"
      },
      {
        "id": "null-safety",
        "title": "Support sound null safety",
        "grantedPoints": 0,
        "maxPoints": 20,
        "status": "failed",
        "summary": "### [x] 0/20 points: Unable to detect null safety\n\n<details>\n<summary>\nPackage resolution failed. Could not determine null safety.\n</summary>\n\nRun `dart pub get` for more information.\n</details>"
      }
    ]
  },
  "urlProblems": [],
  "errorMessage": "Running `dart pub upgrade` failed with the following output:\n\n```\nERR: The current Dart SDK version is {{sdk-version}}.\n \n Because skiplist depends on quiver_iterables >=1.0.0 which requires SDK version >=1.9.0 <2.0.0, version solving failed.\nERR: The current Dart SDK version is {{sdk-version}}.\n \n Because skiplist depends on quiver_iterables >=1.0.0 which requires SDK version >=1.9.0 <2.0.0, version solving failed.\n```"
}