{
  "createdAt": "2022-11-23T11:09:00.000Z",
  "runtimeInfo": {
    "panaVersion": "{{pana-version}}",
    "sdkVersion": "{{sdk-version}}",
    "flutterVersions": {}
  },
  "packageName": "steward",
  "packageVersion": "0.3.1",
  "pubspec": {
    "name": "steward",
    "description": "Steward is a CLI and Framework for building expressive web servers in Dart.",
    "version": "0.3.1",
    "repository": "https://www.github.com/pyrestudios/steward",
    "environment": {
      "sdk": ">=2.15.0 <3.0.0"
    },
    "executables": {
      "steward": null
    },
    "dependencies": {
      "path_to_regexp": "^0.4.0",
      "flat": "^0.4.0",
      "mustache_template": "^2.0.0",
      "yaml": "^3.1.0",
      "recase": "^4.0.0",
      "bosun": "^0.2.1"
    },
    "dev_dependencies": {
      "pedantic": "^1.11.0",
      "test": "^1.16.8",
      "mockito": "^5.1.0"
    }
  },
  "licenseFile": {
    "path": "LICENSE",
    "name": "MIT"
  },
  "licenses": [
    {
      "path": "LICENSE",
      "spdxIdentifier": "MIT"
    }
  ],
  "allDependencies": [
    "bosun",
    "collection",
    "flat",
    "mockito",
    "mustache_template",
    "path",
    "path_to_regexp",
    "pedantic",
    "recase",
    "source_span",
    "string_scanner",
    "term_glyph",
    "test",
    "tree_iterator",
    "yaml"
  ],
  "tags": [
    "sdk:dart",
    "platform:windows",
    "platform:linux",
    "platform:macos",
    "runtime:native-jit",
    "is:null-safe",
    "is:dart3-compatible",
    "license:mit",
    "license:fsf-libre",
    "license:osi-approved"
  ],
  "report": {
    "sections": [
      {
        "id": "convention",
        "title": "Follow Dart file conventions",
        "grantedPoints": 30,
        "maxPoints": 30,
        "status": "passed",
        "summary": "### [*] 10/10 points: Provide a valid `pubspec.yaml`\n\n\n### [*] 5/5 points: Provide a valid `README.md`\n\n\n### [*] 5/5 points: Provide a valid `CHANGELOG.md`\n\n\n### [*] 10/10 points: Use an OSI-approved license\n\nDetected license: `MIT`."
      },
      {
        "id": "documentation",
        "title": "Provide documentation",
        "grantedPoints": 10,
        "maxPoints": 10,
        "status": "passed",
        "summary": "### [*] 10/10 points: Package has an example\n"
      },
      {
        "id": "platform",
        "title": "Platform support",
        "grantedPoints": 20,
        "maxPoints": 20,
        "status": "passed",
        "summary": "### [*] 20/20 points: Supports 3 of 6 possible platforms (iOS, Android, Web, **Windows**, **macOS**, **Linux**)\n\n* ✓ Windows\n* ✓ Linux\n* ✓ macOS\n\nThese platforms are not supported:\n\n<details>\n<summary>\nPackage not compatible with platform Android\n</summary>\n\nBecause:\n* `package:steward/steward.dart` that imports:\n* `package:steward/app/app.dart` that imports:\n* `package:steward/router/router.dart` that imports:\n* `package:steward/controllers/route_utils.dart` that imports:\n* `dart:mirrors`\n</details>\n<details>\n<summary>\nPackage not compatible with platform iOS\n</summary>\n\nBecause:\n* `package:steward/steward.dart` that imports:\n* `package:steward/app/app.dart` that imports:\n* `package:steward/router/router.dart` that imports:\n* `package:steward/controllers/route_utils.dart` that imports:\n* `dart:mirrors`\n</details>\n<details>\n<summary>\nPackage not compatible with platform Web\n</summary>\n\nBecause:\n* `package:steward/steward.dart` that imports:\n* `package:steward/app/app.dart` that imports:\n* `package:steward/config/config_reader.dart` that imports:\n* `dart:io`\n</details>"
      },
      {
        "id": "analysis",
        "title": "Pass static analysis",
        "grantedPoints": 40,
        "maxPoints": 50,
        "status": "partial",
        "summary": "### [~] 40/50 points: code has no errors, warnings, lints, or formatting issues\n\nFound 25 issues. Showing the first 2:\n\n<details>\n<summary>\nINFO: The variable name 'GetAnnotation' isn't a lowerCamelCase identifier.\n</summary>\n\n`lib/controllers/route_utils.dart:79:7`\n\n```\n   ╷\n79 │ final GetAnnotation = reflectClass(Get);\n   │       ^^^^^^^^^^^^^\n   ╵\n```\n\nTo reproduce make sure you are using the [lints_core](https://pub.dev/packages/lints) and run `dart analyze lib/controllers/route_utils.dart`\n</details>\n<details>\n<summary>\nINFO: The variable name 'PutAnnotation' isn't a lowerCamelCase identifier.\n</summary>\n\n`lib/controllers/route_utils.dart:82:7`\n\n```\n   ╷\n82 │ final PutAnnotation = reflectClass(Put);\n   │       ^^^^^^^^^^^^^\n   ╵\n```\n\nTo reproduce make sure you are using the [lints_core](https://pub.dev/packages/lints) and run `dart analyze lib/controllers/route_utils.dart`\n</details>"
      },
      {
        "id": "dependency",
        "title": "Support up-to-date dependencies",
        "grantedPoints": 40,
        "maxPoints": 40,
        "status": "passed",
        "summary": "### [*] 10/10 points: All of the package dependencies are supported in the latest version\n\n|Package|Constraint|Compatible|Latest|\n|:-|:-|:-|:-|\n|[`bosun`]|`^0.2.1`|0.2.2|0.2.2|\n|[`flat`]|`^0.4.0`|0.4.1|0.4.1|\n|[`mustache_template`]|`^2.0.0`|2.0.0|2.0.0|\n|[`path_to_regexp`]|`^0.4.0`|0.4.0|0.4.0|\n|[`recase`]|`^4.0.0`|4.1.0|4.1.0|\n|[`yaml`]|`^3.1.0`|3.1.2|3.1.2|\n\n<details><summary>Transitive dependencies</summary>\n\n|Package|Constraint|Compatible|Latest|\n|:-|:-|:-|:-|\n|[`collection`]|-|1.18.0|1.18.0|\n|[`path`]|-|1.8.3|1.8.3|\n|[`source_span`]|-|1.10.0|1.10.0|\n|[`string_scanner`]|-|1.2.0|1.2.0|\n|[`term_glyph`]|-|1.2.1|1.2.1|\n|[`tree_iterator`]|-|2.0.0|3.0.0|\n</details>\n\nTo reproduce run `dart pub outdated --no-dev-dependencies --up-to-date --no-dependency-overrides`.\n\n[`bosun`]: https://pub.dev/packages/bosun\n[`flat`]: https://pub.dev/packages/flat\n[`mustache_template`]: https://pub.dev/packages/mustache_template\n[`path_to_regexp`]: https://pub.dev/packages/path_to_regexp\n[`recase`]: https://pub.dev/packages/recase\n[`yaml`]: https://pub.dev/packages/yaml\n[`collection`]: https://pub.dev/packages/collection\n[`path`]: https://pub.dev/packages/path\n[`source_span`]: https://pub.dev/packages/source_span\n[`string_scanner`]: https://pub.dev/packages/string_scanner\n[`term_glyph`]: https://pub.dev/packages/term_glyph\n[`tree_iterator`]: https://pub.dev/packages/tree_iterator\n\n\n### [*] 10/10 points: Package supports latest stable Dart and Flutter SDKs\n\n\n### [*] 20/20 points: Compatible with dependency constraint lower bounds\n\n`pub downgrade` does not expose any static analysis error."
      }
    ]
  },
  "screenshots": [],
  "result": {
    "repositoryUrl": "https://www.github.com/pyrestudios/steward",
    "issueTrackerUrl": "https://github.com/pyrestudios/steward/issues",
    "repository": {
      "provider": "github",
      "host": "github.com",
      "repository": "pyrestudios/steward",
      "branch": "main"
    },
    "contributingUrl": "https://github.com/pyrestudios/steward/blob/main/CONTRIBUTING.md",
    "grantedPoints": 140,
    "maxPoints": 150
  },
  "urlProblems": []
}
