{
  "runtimeInfo": {
    "panaVersion": "{{pana-version}}",
    "sdkVersion": "{{sdk-version}}",
    "flutterVersions": {}
  },
  "packageName": "stream",
  "packageVersion": "2.0.1",
  "pubspec": {
    "name": "stream",
    "version": "2.0.1",
    "description": "Lightweight Dart web server supporting request routing, filtering, template engine, MVC design pattern, and file-based static resources.\n",
    "authors": [
      "Tom Yeh <tomyeh@rikulo.org>"
    ],
    "homepage": "http://rikulo.org/projects/stream",
    "documentation": "http://docs.rikulo.org/stream",
    "dependencies": {
      "rikulo_commons": "any",
      "logging": "any",
      "args": "any",
      "path": "any",
      "http": "any",
      "charcode": "any"
    },
    "environment": {
      "sdk": ">=2.0.0-dev <3.0.0"
    }
  },
  "licenseFile": {
    "path": "LICENSE",
    "name": "Apache",
    "version": "2.0"
  },
  "allDependencies": [
    "args",
    "charcode",
    "collection",
    "http",
    "http_parser",
    "logging",
    "meta",
    "mime",
    "path",
    "pedantic",
    "rikulo_commons",
    "source_span",
    "string_scanner",
    "term_glyph",
    "typed_data"
  ],
  "tags": [],
  "report": {
    "sections": [
      {
        "id": "convention",
        "title": "Follow Dart file conventions",
        "grantedPoints": 0,
        "maxPoints": 20,
        "status": "failed",
        "summary": "### [x] 0/10 points: Provide a valid `pubspec.yaml`\n\n<details>\n<summary>\nHomepage URL is insecure.\n</summary>\n\nUpdate the `homepage` field and use a secure (`https`) URL.\n</details>\n<details>\n<summary>\nDocumentation URL is insecure.\n</summary>\n\nUpdate the `documentation` field and use a secure (`https`) URL.\n</details>\n\n### [x] 0/5 points: Provide a valid `README.md`\n\n<details>\n<summary>\nLinks in `README.md` should be secure. 9 links are insecure.\n</summary>\n\n`README.md:2:4`\n\n```\n  ╷\n2 │ <p><a href=\"http://rikulo.org/projects/stream\">Stream</a> is a Dart web server supporting request routing, filtering, template engine, WebSocket, MVC design pattern and file-based static resources.</p>\n  │    ^^^^^^^^^^^^^^^^^^^^^^^^^^^^^^^^^^^^^^^^^^^^\n  ╵\n```\n\nUse `https` URLs instead.\n</details>\n\n### [x] 0/5 points: Provide a valid `CHANGELOG.md`\n\n<details>\n<summary>\nNo `CHANGELOG.md` found.\n</summary>\n\nChangelog entries help developers follow the progress of your package. See the [example](https://raw.githubusercontent.com/dart-lang/stagehand/master/templates/package-simple/CHANGELOG.md) generated by `stagehand`.\n</details>"
      },
      {
        "id": "documentation",
        "title": "Provide documentation",
        "grantedPoints": 0,
        "maxPoints": 10,
        "status": "failed",
        "summary": "### [x] 0/10 points: Package has an example\n\n<details>\n<summary>\nNo example found.\n</summary>\n\nSee [package layout](https://dart.dev/tools/pub/package-layout#examples) guidelines on how to add an example.\n</details>"
      },
      {
        "id": "platform",
        "title": "Support multiple platforms",
        "grantedPoints": 10,
        "maxPoints": 20,
        "status": "partial",
        "summary": "### [~] 10/20 points: Supports 1 of 2 possible platforms (**native**, js)\n\nConsider supporting multiple platforms:\n\n<details>\n<summary>\nPackage not compatible with runtime js\n</summary>\n\nBecause:\n* `package:stream/stream.dart` that imports:\n* `package:stream/plugin.dart` that imports:\n* `package:rikulo_commons/io.dart` that imports:\n* `dart:io`\n</details>"
      },
      {
        "id": "analysis",
        "title": "Pass static analysis",
        "grantedPoints": 0,
        "maxPoints": 30,
        "status": "failed",
        "summary": "### [x] 0/30 points: code has no errors, warnings, lints, or formatting issues\n\nFound 1230 issues. Showing the first 2:\n\n<details>\n<summary>\nERROR: '_ReadOnlyHeaders.add' ('void Function(String, Object)') isn't a valid override of 'HttpHeadersWrapper.add' ('void Function(String, Object, {bool preserveHeaderCase})').\n</summary>\n\n`lib/src/connect_impl.dart:281:8`\n\n```\n    ╷\n281 │   void add(String name, Object value) {\n    │        ^^^\n    ╵\n```\n\nTo reproduce make sure you are using [pedantic](https://pub.dev/packages/pedantic#using-the-lints) and run `dartanalyzer lib/src/connect_impl.dart`\n</details>\n<details>\n<summary>\nERROR: '_ReadOnlyHeaders.set' ('void Function(String, Object)') isn't a valid override of 'HttpHeadersWrapper.set' ('void Function(String, Object, {bool preserveHeaderCase})').\n</summary>\n\n`lib/src/connect_impl.dart:284:8`\n\n```\n    ╷\n284 │   void set(String name, Object value) {\n    │        ^^^\n    ╵\n```\n\nTo reproduce make sure you are using [pedantic](https://pub.dev/packages/pedantic#using-the-lints) and run `dartanalyzer lib/src/connect_impl.dart`\n</details>"
      },
      {
        "id": "dependency",
        "title": "Support up-to-date dependencies",
        "grantedPoints": 10,
        "maxPoints": 20,
        "status": "failed",
        "summary": "### [*] 10/10 points: All of the package dependencies are supported in the latest version\n\n|Package|Constraint|Compatible|Latest|\n|:-|:-|:-|:-|\n|[`args`]|`any`|1.6.0|1.6.0|\n|[`charcode`]|`any`|1.1.3|1.1.3|\n|[`http`]|`any`|0.12.2|0.12.2|\n|[`logging`]|`any`|0.11.4|0.11.4|\n|[`path`]|`any`|1.7.0|1.7.0|\n|[`rikulo_commons`]|`any`|4.3.0|4.3.0|\n\n<details><summary>Transitive dependencies</summary>\n\n|Package|Constraint|Compatible|Latest|\n|:-|:-|:-|:-|\n|[`collection`]|-|1.14.13|1.14.13|\n|[`http_parser`]|-|3.1.4|3.1.4|\n|[`meta`]|-|1.2.4|1.2.4|\n|[`mime`]|-|0.9.7|0.9.7|\n|[`pedantic`]|-|1.9.2|1.9.2|\n|[`source_span`]|-|1.7.0|1.7.0|\n|[`string_scanner`]|-|1.0.5|1.0.5|\n|[`term_glyph`]|-|1.1.0|1.1.0|\n|[`typed_data`]|-|1.2.0|1.2.0|\n</details>\n\nTo reproduce run `pub outdated --no-dev-dependencies --up-to-date --no-dependency-overrides`.\n\n[`args`]: https://pub.dev/packages/args\n[`charcode`]: https://pub.dev/packages/charcode\n[`http`]: https://pub.dev/packages/http\n[`logging`]: https://pub.dev/packages/logging\n[`path`]: https://pub.dev/packages/path\n[`rikulo_commons`]: https://pub.dev/packages/rikulo_commons\n[`collection`]: https://pub.dev/packages/collection\n[`http_parser`]: https://pub.dev/packages/http_parser\n[`meta`]: https://pub.dev/packages/meta\n[`mime`]: https://pub.dev/packages/mime\n[`pedantic`]: https://pub.dev/packages/pedantic\n[`source_span`]: https://pub.dev/packages/source_span\n[`string_scanner`]: https://pub.dev/packages/string_scanner\n[`term_glyph`]: https://pub.dev/packages/term_glyph\n[`typed_data`]: https://pub.dev/packages/typed_data\n\n\n### [x] 0/10 points: Package supports latest stable Dart and Flutter SDKs\n\n* Found no Flutter in your PATH. Could not determine the current Flutter version."
      },
      {
        "id": "null-safety",
        "title": "Support sound null-safety",
        "grantedPoints": 0,
        "maxPoints": 0,
        "status": "partial",
        "summary": "### [~] 0/0 points: Package does not opt in to null-safety.\n\nPackages with full null-safety support will be awarded additional points in a planned future revision of the pub.dev points model.\n\n<details>\n<summary>\nPackage language version (indicated by the sdk constraint `>=2.0.0-dev <3.0.0`) is less than 2.12.\n</summary>\n\nConsider [migrating](https://dart.dev/null-safety/migration-guide).\n</details>"
      }
    ]
  }
}