{
  "runtimeInfo": {
    "panaVersion": "{{pana-version}}",
    "sdkVersion": "{{sdk-version}}",
    "flutterVersions": {}
  },
  "packageName": "stream",
  "packageVersion": "2.6.0",
  "pubspec": {
    "name": "stream",
    "version": "2.6.0",
    "description": "Lightweight Dart web server supporting request routing, filtering, template engine, MVC design pattern, and file-based static resources.\n",
    "homepage": "http://rikulo.org/projects/stream",
    "documentation": "http://docs.rikulo.org/stream",
    "repository": "https://github.com/rikulo/stream",
    "issue_tracker": "https://github.com/rikulo/stream/issues",
    "dependencies": {
      "rikulo_commons": ">=4.1.0 <5.0.0",
      "logging": ">=0.11.0 <2.0.0",
      "args": ">=0.13.0 <2.0.0",
      "path": ">=1.3.0 <2.0.0",
      "http": ">=0.11.0 <2.0.0",
      "charcode": ">=1.1.0 <2.0.0"
    },
    "executables": {
      "rspc": null
    },
    "environment": {
      "sdk": ">=2.8.0 <3.0.0"
    }
  },
  "licenseFile": {
    "path": "LICENSE",
    "name": "Apache",
    "version": "2.0",
    "url": "https://github.com/rikulo/stream/blob/master/LICENSE"
  },
  "allDependencies": [
    "args",
    "async",
    "charcode",
    "collection",
    "http",
    "http_parser",
    "logging",
    "meta",
    "mime",
    "path",
    "pedantic",
    "rikulo_commons",
    "source_span",
    "string_scanner",
    "term_glyph",
    "typed_data"
  ],
  "tags": [
    "sdk:dart",
    "sdk:flutter",
    "platform:android",
    "platform:ios",
    "platform:windows",
    "platform:linux",
    "platform:macos",
    "runtime:native-aot",
    "runtime:native-jit"
  ],
  "report": {
    "sections": [
      {
        "id": "convention",
        "title": "Follow Dart file conventions",
        "grantedPoints": 5,
        "maxPoints": 20,
        "status": "failed",
        "summary": "### [x] 0/10 points: Provide a valid `pubspec.yaml`\n\n<details>\n<summary>\nHomepage URL is insecure.\n</summary>\n\nUpdate the `homepage` field and use a secure (`https`) URL.\n</details>\n<details>\n<summary>\nDocumentation URL is insecure.\n</summary>\n\nUpdate the `documentation` field and use a secure (`https`) URL.\n</details>\n\n### [x] 0/5 points: Provide a valid `README.md`\n\n<details>\n<summary>\nLinks in `README.md` should be secure. 9 links are insecure.\n</summary>\n\n`README.md:2:4`\n\n```\n  ╷\n2 │ <p><a href=\"http://rikulo.org/projects/stream\">Stream</a> is a Dart web server supporting request routing, filtering, template engine, WebSocket, MVC design pattern and file-based static resources.</p>\n  │    ^^^^^^^^^^^^^^^^^^^^^^^^^^^^^^^^^^^^^^^^^^^^\n  ╵\n```\n\nUse `https` URLs instead.\n</details>\n\n### [*] 5/5 points: Provide a valid `CHANGELOG.md`\n"
      },
      {
        "id": "documentation",
        "title": "Provide documentation",
        "grantedPoints": 0,
        "maxPoints": 10,
        "status": "failed",
        "summary": "### [x] 0/10 points: Package has an example\n\n<details>\n<summary>\nNo example found.\n</summary>\n\nSee [package layout](https://dart.dev/tools/pub/package-layout#examples) guidelines on how to add an example.\n</details>"
      },
      {
        "id": "platform",
        "title": "Support multiple platforms",
        "grantedPoints": 10,
        "maxPoints": 20,
        "status": "partial",
        "summary": "### [~] 10/20 points: Supports 1 of 2 possible platforms (**native**, js)\n\nConsider supporting multiple platforms:\n\n<details>\n<summary>\nPackage not compatible with runtime js\n</summary>\n\nBecause:\n* `package:stream/stream.dart` that imports:\n* `package:stream/plugin.dart` that imports:\n* `package:rikulo_commons/io.dart` that imports:\n* `dart:io`\n</details>"
      },
      {
        "id": "analysis",
        "title": "Pass static analysis",
        "grantedPoints": 20,
        "maxPoints": 30,
        "status": "partial",
        "summary": "### [~] 20/30 points: code has no errors, warnings, lints, or formatting issues\n\nFound 1191 issues. Showing the first 2:\n\n<details>\n<summary>\nINFO: Only use double quotes for strings containing single quotes.\n</summary>\n\n`bin/rspc.dart:10:8`\n\n```\n   ╷\n10 │ import \"package:stream/rspc.dart\" as rspc;\n   │        ^^^^^^^^^^^^^^^^^^^^^^^^^^\n   ╵\n```\n\nTo reproduce make sure you are using [pedantic](https://pub.dev/packages/pedantic#using-the-lints) and run `dartanalyzer bin/rspc.dart`\n</details>\n<details>\n<summary>\nINFO: Only use double quotes for strings containing single quotes.\n</summary>\n\n`lib/plugin.dart:6:8`\n\n```\n  ╷\n6 │ import \"dart:async\";\n  │        ^^^^^^^^^^^^\n  ╵\n```\n\nTo reproduce make sure you are using [pedantic](https://pub.dev/packages/pedantic#using-the-lints) and run `dartanalyzer lib/plugin.dart`\n</details>"
      },
      {
        "id": "dependency",
        "title": "Support up-to-date dependencies",
        "grantedPoints": 10,
        "maxPoints": 20,
        "status": "failed",
        "summary": "### [x] 0/10 points: All of the package dependencies are supported in the latest version\n\n|Package|Constraint|Compatible|Latest|\n|:-|:-|:-|:-|\n|[`args`]|`>=0.13.0 <2.0.0`|1.6.0|**2.1.0**|\n|[`charcode`]|`>=1.1.0 <2.0.0`|1.2.0|1.2.0|\n|[`http`]|`>=0.11.0 <2.0.0`|0.13.3|0.13.3|\n|[`logging`]|`>=0.11.0 <2.0.0`|1.0.1|1.0.1|\n|[`path`]|`>=1.3.0 <2.0.0`|1.8.0|1.8.0|\n|[`rikulo_commons`]|`>=4.1.0 <5.0.0`|4.3.2|**5.0.3**|\n\n<details><summary>Transitive dependencies</summary>\n\n|Package|Constraint|Compatible|Latest|\n|:-|:-|:-|:-|\n|[`async`]|-|2.6.1|2.6.1|\n|[`collection`]|-|1.15.0|1.15.0|\n|[`http_parser`]|-|4.0.0|4.0.0|\n|[`meta`]|-|1.3.0|1.3.0|\n|[`mime`]|-|1.0.0|1.0.0|\n|[`pedantic`]|-|1.11.0|1.11.0|\n|[`source_span`]|-|1.8.1|1.8.1|\n|[`string_scanner`]|-|1.1.0|1.1.0|\n|[`term_glyph`]|-|1.2.0|1.2.0|\n|[`typed_data`]|-|1.3.0|1.3.0|\n</details>\n\nTo reproduce run `dart pub outdated --no-dev-dependencies --up-to-date --no-dependency-overrides`.\n\n[`args`]: https://pub.dev/packages/args\n[`charcode`]: https://pub.dev/packages/charcode\n[`http`]: https://pub.dev/packages/http\n[`logging`]: https://pub.dev/packages/logging\n[`path`]: https://pub.dev/packages/path\n[`rikulo_commons`]: https://pub.dev/packages/rikulo_commons\n[`async`]: https://pub.dev/packages/async\n[`collection`]: https://pub.dev/packages/collection\n[`http_parser`]: https://pub.dev/packages/http_parser\n[`meta`]: https://pub.dev/packages/meta\n[`mime`]: https://pub.dev/packages/mime\n[`pedantic`]: https://pub.dev/packages/pedantic\n[`source_span`]: https://pub.dev/packages/source_span\n[`string_scanner`]: https://pub.dev/packages/string_scanner\n[`term_glyph`]: https://pub.dev/packages/term_glyph\n[`typed_data`]: https://pub.dev/packages/typed_data\n\n<details>\n<summary>\nThe constraint `>=0.13.0 <2.0.0` on args does not support the stable version `2.0.0`.\n</summary>\n\nTry running `dart pub upgrade --major-versions args` to update the constraint.\n</details>\n<details>\n<summary>\nThe constraint `>=4.1.0 <5.0.0` on rikulo_commons does not support the stable version `5.0.0`.\n</summary>\n\nTry running `dart pub upgrade --major-versions rikulo_commons` to update the constraint.\n</details>\n\n### [*] 10/10 points: Package supports latest stable Dart and Flutter SDKs\n"
      },
      {
        "id": "null-safety",
        "title": "Support sound null safety",
        "grantedPoints": 0,
        "maxPoints": 20,
        "status": "partial",
        "summary": "### [~] 0/20 points: Package does not opt in to null safety.\n\n<details>\n<summary>\nPackage language version (indicated by the sdk constraint `>=2.8.0 <3.0.0`) is less than 2.12.\n</summary>\n\nConsider [migrating](https://dart.dev/null-safety/migration-guide).\n</details>"
      }
    ]
  }
}