{
  "runtimeInfo": {
    "panaVersion": "{{pana-version}}",
    "sdkVersion": "{{sdk-version}}",
    "flutterVersions": {}
  },
  "packageName": "url_launcher",
  "packageVersion": "6.0.3",
  "pubspec": {
    "name": "url_launcher",
    "description": "Flutter plugin for launching a URL. Supports web, phone, SMS, and email schemes.",
    "homepage": "https://github.com/flutter/plugins/tree/master/packages/url_launcher/url_launcher",
    "version": "6.0.3",
    "flutter": {
      "plugin": {
        "platforms": {
          "android": {
            "package": "io.flutter.plugins.urllauncher",
            "pluginClass": "UrlLauncherPlugin"
          },
          "ios": {
            "pluginClass": "FLTURLLauncherPlugin"
          },
          "web": {
            "default_package": "url_launcher_web"
          },
          "linux": {
            "default_package": "url_laucher_linux"
          },
          "macos": {
            "default_package": "url_laucher_macos"
          },
          "windows": {
            "default_package": "url_laucher_windows"
          }
        }
      }
    },
    "dependencies": {
      "flutter": {
        "sdk": "flutter"
      },
      "url_launcher_platform_interface": "^2.0.0",
      "url_launcher_linux": "^2.0.0",
      "url_launcher_macos": "^2.0.0",
      "url_launcher_windows": "^2.0.0",
      "url_launcher_web": "^2.0.0"
    },
    "dev_dependencies": {
      "flutter_test": {
        "sdk": "flutter"
      },
      "test": "^1.16.3",
      "mockito": "^5.0.0",
      "plugin_platform_interface": "^2.0.0",
      "pedantic": "^1.10.0"
    },
    "environment": {
      "sdk": ">=2.12.0-259.9.beta <3.0.0",
      "flutter": ">=1.12.13+hotfix.5"
    }
  },
  "licenseFile": {
    "path": "LICENSE",
    "name": "BSD",
    "url": "https://github.com/flutter/plugins/blob/master/packages/url_launcher/url_launcher/LICENSE"
  },
  "allDependencies": [
    "characters",
    "collection",
    "flutter",
    "flutter_test",
    "flutter_web_plugins",
    "js",
    "meta",
    "mockito",
    "pedantic",
    "plugin_platform_interface",
    "sky_engine",
    "test",
    "typed_data",
    "url_launcher_linux",
    "url_launcher_macos",
    "url_launcher_platform_interface",
    "url_launcher_web",
    "url_launcher_windows",
    "vector_math"
  ],
  "tags": [
    "sdk:flutter",
    "platform:android",
    "platform:ios",
    "platform:windows",
    "platform:linux",
    "platform:macos",
    "platform:web",
    "is:null-safe"
  ],
  "report": {
    "sections": [
      {
        "id": "convention",
        "title": "Follow Dart file conventions",
        "grantedPoints": 20,
        "maxPoints": 20,
        "status": "passed",
        "summary": "### [*] 10/10 points: Provide a valid `pubspec.yaml`\n\n\n### [*] 5/5 points: Provide a valid `README.md`\n\n\n### [*] 5/5 points: Provide a valid `CHANGELOG.md`\n"
      },
      {
        "id": "documentation",
        "title": "Provide documentation",
        "grantedPoints": 10,
        "maxPoints": 10,
        "status": "passed",
        "summary": "### [*] 10/10 points: Package has an example\n\n* Found example at: `example/lib/main.dart`"
      },
      {
        "id": "platform",
        "title": "Support multiple platforms",
        "grantedPoints": 20,
        "maxPoints": 20,
        "status": "passed",
        "summary": "### [*] 20/20 points: Supports 3 of 3 possible platforms (**iOS**, **Android**, **Web**)\n"
      },
      {
        "id": "analysis",
        "title": "Pass static analysis",
        "grantedPoints": 30,
        "maxPoints": 30,
        "status": "passed",
        "summary": "### [*] 30/30 points: code has no errors, warnings, lints, or formatting issues\n"
      },
      {
        "id": "dependency",
        "title": "Support up-to-date dependencies",
        "grantedPoints": 20,
        "maxPoints": 20,
        "status": "passed",
        "summary": "### [*] 10/10 points: All of the package dependencies are supported in the latest version\n\n|Package|Constraint|Compatible|Latest|\n|:-|:-|:-|:-|\n|[`flutter`]|`flutter`|0.0.0|0.0.0|\n|[`url_launcher_linux`]|`^2.0.0`|2.0.0|2.0.0|\n|[`url_launcher_macos`]|`^2.0.0`|2.0.0|2.0.0|\n|[`url_launcher_platform_interface`]|`^2.0.0`|2.0.3|2.0.3|\n|[`url_launcher_web`]|`^2.0.0`|2.0.1|2.0.1|\n|[`url_launcher_windows`]|`^2.0.0`|2.0.0|2.0.0|\n\n<details><summary>Transitive dependencies</summary>\n\n|Package|Constraint|Compatible|Latest|\n|:-|:-|:-|:-|\n|[`characters`]|-|1.1.0|1.1.0|\n|[`collection`]|-|1.15.0|1.15.0|\n|[`flutter_web_plugins`]|-|0.0.0|0.0.0|\n|[`js`]|-|0.6.3|0.6.3|\n|[`meta`]|-|1.3.0|1.4.0|\n|[`sky_engine`]|-|0.0.99|0.0.99|\n|[`typed_data`]|-|1.3.0|1.3.0|\n|[`vector_math`]|-|2.1.0|2.1.0|\n</details>\n\nTo reproduce run `dart pub outdated --no-dev-dependencies --up-to-date --no-dependency-overrides`.\n\n[`flutter`]: https://pub.dev/packages/flutter\n[`url_launcher_linux`]: https://pub.dev/packages/url_launcher_linux\n[`url_launcher_macos`]: https://pub.dev/packages/url_launcher_macos\n[`url_launcher_platform_interface`]: https://pub.dev/packages/url_launcher_platform_interface\n[`url_launcher_web`]: https://pub.dev/packages/url_launcher_web\n[`url_launcher_windows`]: https://pub.dev/packages/url_launcher_windows\n[`characters`]: https://pub.dev/packages/characters\n[`collection`]: https://pub.dev/packages/collection\n[`flutter_web_plugins`]: https://pub.dev/packages/flutter_web_plugins\n[`js`]: https://pub.dev/packages/js\n[`meta`]: https://pub.dev/packages/meta\n[`sky_engine`]: https://pub.dev/packages/sky_engine\n[`typed_data`]: https://pub.dev/packages/typed_data\n[`vector_math`]: https://pub.dev/packages/vector_math\n\n\n### [*] 10/10 points: Package supports latest stable Dart and Flutter SDKs\n"
      },
      {
        "id": "null-safety",
        "title": "Support sound null safety",
        "grantedPoints": 20,
        "maxPoints": 20,
        "status": "passed",
        "summary": "### [*] 20/20 points: Package and dependencies are fully migrated to null safety!\n"
      }
    ]
  },
  "urlProblems": []
}