{
  "runtimeInfo": {
    "panaVersion": "{{pana-version}}",
    "sdkVersion": "{{sdk-version}}",
    "flutterVersions": {}
  },
  "packageName": "url_launcher",
  "packageVersion": "6.1.2",
  "pubspec": {
    "name": "url_launcher",
    "description": "Flutter plugin for launching a URL. Supports web, phone, SMS, and email schemes.",
    "repository": "https://github.com/flutter/plugins/tree/main/packages/url_launcher/url_launcher",
    "issue_tracker": "https://github.com/flutter/flutter/issues?q=is%3Aissue+is%3Aopen+label%3A%22p%3A+url_launcher%22",
    "version": "6.1.2",
    "environment": {
      "sdk": ">=2.14.0 <3.0.0",
      "flutter": ">=2.5.0"
    },
    "flutter": {
      "plugin": {
        "platforms": {
          "android": {
            "default_package": "url_launcher_android"
          },
          "ios": {
            "default_package": "url_launcher_ios"
          },
          "linux": {
            "default_package": "url_launcher_linux"
          },
          "macos": {
            "default_package": "url_launcher_macos"
          },
          "web": {
            "default_package": "url_launcher_web"
          },
          "windows": {
            "default_package": "url_launcher_windows"
          }
        }
      }
    },
    "dependencies": {
      "flutter": {
        "sdk": "flutter"
      },
      "url_launcher_android": "^6.0.13",
      "url_launcher_ios": "^6.0.13",
      "url_launcher_linux": ">=2.0.0 <4.0.0",
      "url_launcher_macos": ">=2.0.0 <4.0.0",
      "url_launcher_platform_interface": "^2.0.3",
      "url_launcher_web": "^2.0.0",
      "url_launcher_windows": ">=2.0.0 <4.0.0"
    },
    "dev_dependencies": {
      "flutter_test": {
        "sdk": "flutter"
      },
      "mockito": "^5.0.0",
      "plugin_platform_interface": "^2.0.0",
      "test": "^1.16.3"
    }
  },
  "licenseFile": {
    "path": "LICENSE",
    "name": "BSD-3-Clause"
  },
  "licenses": [
    {
      "path": "LICENSE",
      "spdxIdentifier": "BSD-3-Clause"
    }
  ],
  "allDependencies": [
    "characters",
    "collection",
    "flutter",
    "flutter_test",
    "flutter_web_plugins",
    "js",
    "material_color_utilities",
    "meta",
    "mockito",
    "plugin_platform_interface",
    "sky_engine",
    "test",
    "url_launcher_android",
    "url_launcher_ios",
    "url_launcher_linux",
    "url_launcher_macos",
    "url_launcher_platform_interface",
    "url_launcher_web",
    "url_launcher_windows",
    "vector_math"
  ],
  "tags": [
    "sdk:flutter",
    "platform:android",
    "platform:ios",
    "platform:windows",
    "platform:linux",
    "platform:macos",
    "platform:web",
    "is:plugin",
    "is:null-safe",
    "license:bsd-3-clause",
    "license:fsf-libre",
    "license:osi-approved"
  ],
  "report": {
    "sections": [
      {
        "id": "convention",
        "title": "Follow Dart file conventions",
        "grantedPoints": 30,
        "maxPoints": 30,
        "status": "passed",
        "summary": "### [*] 10/10 points: Provide a valid `pubspec.yaml`\n\n\n### [*] 5/5 points: Provide a valid `README.md`\n\n\n### [*] 5/5 points: Provide a valid `CHANGELOG.md`\n\n\n### [*] 10/10 points: Use an OSI-approved license\n\nDetected license: `BSD-3-Clause`."
      },
      {
        "id": "documentation",
        "title": "Provide documentation",
        "grantedPoints": 10,
        "maxPoints": 10,
        "status": "passed",
        "summary": "### [*] 10/10 points: Package has an example\n"
      },
      {
        "id": "platform",
        "title": "Platform support",
        "grantedPoints": 20,
        "maxPoints": 20,
        "status": "passed",
        "summary": "### [*] 20/20 points: Supports 6 of 6 possible platforms (**iOS**, **Android**, **Web**, **Windows**, **MacOS**, **Linux**)\n\n* ✓ Android\n* ✓ iOS\n* ✓ Windows\n* ✓ Linux\n* ✓ MacOS\n* ✓ Web"
      },
      {
        "id": "analysis",
        "title": "Pass static analysis",
        "grantedPoints": 30,
        "maxPoints": 30,
        "status": "passed",
        "summary": "### [*] 30/30 points: code has no errors, warnings, lints, or formatting issues\n"
      },
      {
        "id": "dependency",
        "title": "Support up-to-date dependencies",
        "grantedPoints": 20,
        "maxPoints": 20,
        "status": "passed",
        "summary": "### [*] 10/10 points: All of the package dependencies are supported in the latest version\n\n|Package|Constraint|Compatible|Latest|\n|:-|:-|:-|:-|\n|[`flutter`]|`flutter`|0.0.0|0.0.0|\n|[`url_launcher_android`]|`^6.0.13`|6.0.17|6.0.17|\n|[`url_launcher_ios`]|`^6.0.13`|6.0.17|6.0.17|\n|[`url_launcher_linux`]|`>=2.0.0 <4.0.0`|3.0.1|3.0.1|\n|[`url_launcher_macos`]|`>=2.0.0 <4.0.0`|3.0.1|3.0.1|\n|[`url_launcher_platform_interface`]|`^2.0.3`|2.1.0|2.1.0|\n|[`url_launcher_web`]|`^2.0.0`|2.0.13|2.0.13|\n|[`url_launcher_windows`]|`>=2.0.0 <4.0.0`|3.0.1|3.0.1|\n\n<details><summary>Transitive dependencies</summary>\n\n|Package|Constraint|Compatible|Latest|\n|:-|:-|:-|:-|\n|[`characters`]|-|1.2.1|1.2.1|\n|[`collection`]|-|1.16.0|1.16.0|\n|[`flutter_web_plugins`]|-|0.0.0|0.0.0|\n|[`js`]|-|0.6.4|0.6.4|\n|[`material_color_utilities`]|-|0.1.5|0.2.0|\n|[`meta`]|-|1.8.0|1.8.0|\n|[`plugin_platform_interface`]|-|2.1.2|2.1.2|\n|[`sky_engine`]|-|0.0.99|0.0.99|\n|[`vector_math`]|-|2.1.2|2.1.2|\n</details>\n\nTo reproduce run `dart pub outdated --no-dev-dependencies --up-to-date --no-dependency-overrides`.\n\n[`flutter`]: https://pub.dev/packages/flutter\n[`url_launcher_android`]: https://pub.dev/packages/url_launcher_android\n[`url_launcher_ios`]: https://pub.dev/packages/url_launcher_ios\n[`url_launcher_linux`]: https://pub.dev/packages/url_launcher_linux\n[`url_launcher_macos`]: https://pub.dev/packages/url_launcher_macos\n[`url_launcher_platform_interface`]: https://pub.dev/packages/url_launcher_platform_interface\n[`url_launcher_web`]: https://pub.dev/packages/url_launcher_web\n[`url_launcher_windows`]: https://pub.dev/packages/url_launcher_windows\n[`characters`]: https://pub.dev/packages/characters\n[`collection`]: https://pub.dev/packages/collection\n[`flutter_web_plugins`]: https://pub.dev/packages/flutter_web_plugins\n[`js`]: https://pub.dev/packages/js\n[`material_color_utilities`]: https://pub.dev/packages/material_color_utilities\n[`meta`]: https://pub.dev/packages/meta\n[`plugin_platform_interface`]: https://pub.dev/packages/plugin_platform_interface\n[`sky_engine`]: https://pub.dev/packages/sky_engine\n[`vector_math`]: https://pub.dev/packages/vector_math\n\n\n### [*] 10/10 points: Package supports latest stable Dart and Flutter SDKs\n"
      },
      {
        "id": "null-safety",
        "title": "Support sound null safety",
        "grantedPoints": 20,
        "maxPoints": 20,
        "status": "passed",
        "summary": "### [*] 20/20 points: Package and dependencies are fully migrated to null safety!\n"
      }
    ]
  },
  "screenshots": [],
  "result": {
    "repositoryUrl": "https://github.com/flutter/plugins/tree/main/packages/url_launcher/url_launcher",
    "issueTrackerUrl": "https://github.com/flutter/flutter/issues?q=is%3Aissue+is%3Aopen+label%3A%22p%3A+url_launcher%22",
    "repository": {
      "provider": "github",
      "host": "github.com",
      "repository": "flutter/plugins",
      "branch": "main",
      "path": "packages/url_launcher/url_launcher"
    }
  },
  "urlProblems": []
}
