{
  "runtimeInfo": {
    "panaVersion": "{{pana-version}}",
    "sdkVersion": "{{sdk-version}}",
    "flutterVersions": {}
  },
  "packageName": "webdriver",
  "packageVersion": "3.0.0",
  "pubspec": {
    "name": "webdriver",
    "version": "3.0.0",
    "description": "Provides WebDriver bindings for Dart. Supports WebDriver JSON interface and W3C spec. Requires the use of WebDriver remote server.",
    "homepage": "https://github.com/google/webdriver.dart",
    "environment": {
      "sdk": ">=2.12.0-0 <3.0.0"
    },
    "dependencies": {
      "archive": "^3.0.0",
      "matcher": "^0.12.10",
      "path": "^1.8.0",
      "stack_trace": "^1.10.0",
      "sync_http": "^0.3.0"
    },
    "dev_dependencies": {
      "pedantic": "^1.10.0-nullsafety.0",
      "test": "^1.16.0-nullsafety.0"
    }
  },
  "licenseFile": {
    "path": "LICENSE",
    "name": "Apache",
    "version": "2.0",
    "url": "https://github.com/google/webdriver.dart/blob/master/LICENSE"
  },
  "allDependencies": [
    "archive",
    "collection",
    "crypto",
    "matcher",
    "path",
    "pedantic",
    "stack_trace",
    "sync_http",
    "test",
    "typed_data"
  ],
  "tags": [
    "is:null-safe"
  ],
  "report": {
    "sections": [
      {
        "id": "convention",
        "title": "Follow Dart file conventions",
        "grantedPoints": 20,
        "maxPoints": 20,
        "status": "passed",
        "summary": "### [*] 10/10 points: Provide a valid `pubspec.yaml`\n\n\n### [*] 5/5 points: Provide a valid `README.md`\n\n\n### [*] 5/5 points: Provide a valid `CHANGELOG.md`\n"
      },
      {
        "id": "documentation",
        "title": "Provide documentation",
        "grantedPoints": 0,
        "maxPoints": 10,
        "status": "failed",
        "summary": "### [x] 0/10 points: Package has an example\n\n<details>\n<summary>\nNo example found.\n</summary>\n\nSee [package layout](https://dart.dev/tools/pub/package-layout#examples) guidelines on how to add an example.\n</details>"
      },
      {
        "id": "platform",
        "title": "Support multiple platforms",
        "grantedPoints": 0,
        "maxPoints": 20,
        "status": "failed",
        "summary": "### [x] 0/20 points: Supports 0 of 2 possible platforms (native, js)\n\nSDK issues found:\n<details>\n<summary>\nPackage is not compatible with the Dart SDK.\n</summary>\n\nBecause it is not compatible with any of the supported runtimes: `native-aot`, `native`, `js`.\n\nPackage is not compatible with Dart SDK using runtime `native-aot`. Because:\n* `package:webdriver/async_html.dart` that imports:\n* `package:webdriver/src/request/async_xhr_request_client.dart` that imports:\n* `dart:html`\n\nPackage is not compatible with Dart SDK using runtime `native`. Because:\n* `package:webdriver/async_html.dart` that imports:\n* `package:webdriver/src/request/async_xhr_request_client.dart` that imports:\n* `dart:html`\n\nPackage is not compatible with Dart SDK using runtime `js`. Because:\n* `package:webdriver/async_io.dart` that imports:\n* `package:webdriver/src/request/async_io_request_client.dart` that imports:\n* `dart:io`\n</details>"
      },
      {
        "id": "analysis",
        "title": "Pass static analysis",
        "grantedPoints": 30,
        "maxPoints": 30,
        "status": "passed",
        "summary": "### [*] 30/30 points: code has no errors, warnings, lints, or formatting issues\n"
      },
      {
        "id": "dependency",
        "title": "Support up-to-date dependencies",
        "grantedPoints": 20,
        "maxPoints": 20,
        "status": "passed",
        "summary": "### [*] 10/10 points: All of the package dependencies are supported in the latest version\n\n|Package|Constraint|Compatible|Latest|\n|:-|:-|:-|:-|\n|[`archive`]|`^3.0.0`|3.1.2|3.1.2|\n|[`matcher`]|`^0.12.10`|0.12.10|0.12.10|\n|[`path`]|`^1.8.0`|1.8.0|1.8.0|\n|[`stack_trace`]|`^1.10.0`|1.10.0|1.10.0|\n|[`sync_http`]|`^0.3.0`|0.3.0|0.3.0|\n\n<details><summary>Transitive dependencies</summary>\n\n|Package|Constraint|Compatible|Latest|\n|:-|:-|:-|:-|\n|[`collection`]|-|1.15.0|1.15.0|\n|[`crypto`]|-|3.0.1|3.0.1|\n|[`typed_data`]|-|1.3.0|1.3.0|\n</details>\n\nTo reproduce run `dart pub outdated --no-dev-dependencies --up-to-date --no-dependency-overrides`.\n\n[`archive`]: https://pub.dev/packages/archive\n[`matcher`]: https://pub.dev/packages/matcher\n[`path`]: https://pub.dev/packages/path\n[`stack_trace`]: https://pub.dev/packages/stack_trace\n[`sync_http`]: https://pub.dev/packages/sync_http\n[`collection`]: https://pub.dev/packages/collection\n[`crypto`]: https://pub.dev/packages/crypto\n[`typed_data`]: https://pub.dev/packages/typed_data\n\n\n### [*] 10/10 points: Package supports latest stable Dart and Flutter SDKs\n"
      },
      {
        "id": "null-safety",
        "title": "Support sound null safety",
        "grantedPoints": 20,
        "maxPoints": 20,
        "status": "passed",
        "summary": "### [*] 20/20 points: Package and dependencies are fully migrated to null safety!\n"
      }
    ]
  },
  "urlProblems": []
}