Usage: pana [<options>] --hosted <published package name> [<version>]
       pana [<options>] <local directory>

Options:
      --dart-sdk               The directory of the Dart SDK.
      --flutter-sdk            The directory of the Flutter SDK.
      --exit-code-threshold    The exit code will indicate if (max - granted points) <= threshold.
  -j, --json                   Output log records and full report as JSON.
      --hosted-url             The server that hosts <package>.
                               (defaults to "https://pub.dev")
  -l, --line-length            The line length to use with dart format.
      --hosted                 Download and analyze a hosted package (from https://pub.dev).
      --[no-]dartdoc           Run dartdoc and score the package on documentation coverage.
                               (defaults to on)
      --dartdoc-version        The dartdoc version to use: `sdk`, `latest` (default) or `<version constraint>`.